[ +232 ms] Artifact Instance of 'MaterialFonts' is not required, skipping update.
[   +3 ms] Artifact Instance of 'GradleWrapper' is not required, skipping update.
[        ] Artifact Instance of 'AndroidGenSnapshotArtifacts' is not required, skipping update.
[        ] Artifact Instance of 'AndroidInternalBuildArtifacts' is not required, skipping update.
[        ] Artifact Instance of 'IOSEngineArtifacts' is not required, skipping update.
[        ] Artifact Instance of 'FlutterWebSdk' is not required, skipping update.
[   +1 ms] Artifact Instance of 'LegacyCanvasKitRemover' is not required, skipping update.
[        ] Artifact Instance of 'FlutterSdk' is not required, skipping update.
[        ] Artifact Instance of 'WindowsEngineArtifacts' is not required, skipping update.
[        ] Artifact Instance of 'MacOSEngineArtifacts' is not required, skipping update.
[        ] Artifact Instance of 'LinuxEngineArtifacts' is not required, skipping update.
[        ] Artifact Instance of 'LinuxFuchsiaSDKArtifacts' is not required, skipping update.
[        ] Artifact Instance of 'MacOSFuchsiaSDKArtifacts' is not required, skipping update.
[        ] Artifact Instance of 'FlutterRunnerSDKArtifacts' is not required, skipping update.
[        ] Artifact Instance of 'FlutterRunnerDebugSymbols' is not required, skipping update.
[        ] Artifact Instance of 'IosUsbArtifacts' is not required, skipping update.
[        ] Artifact Instance of 'IosUsbArtifacts' is not required, skipping update.
[        ] Artifact Instance of 'IosUsbArtifacts' is not required, skipping update.
[        ] Artifact Instance of 'IosUsbArtifacts' is not required, skipping update.
[        ] Artifact Instance of 'IosUsbArtifacts' is not required, skipping update.
[        ] Artifact Instance of 'IosUsbArtifacts' is not required, skipping update.
[        ] Artifact Instance of 'FontSubsetArtifacts' is not required, skipping update.
[        ] Artifact Instance of 'PubDependencies' is not required, skipping update.
[        ] executing: [C:\flutter/] git -c log.showSignature=false log HEAD -n 1 --pretty=format:%ad --date=iso
[  +81 ms] Exit code 0 from: git -c log.showSignature=false log HEAD -n 1 --pretty=format:%ad --date=iso
[        ] 2026-01-26 15:21:03 -0800
[  +11 ms] Artifact Instance of 'AndroidGenSnapshotArtifacts' is not required, skipping update.
[        ] Artifact Instance of 'AndroidInternalBuildArtifacts' is not required, skipping update.
[        ] Artifact Instance of 'IOSEngineArtifacts' is not required, skipping update.
[        ] Artifact Instance of 'FlutterWebSdk' is not required, skipping update.
[        ] Artifact Instance of 'FlutterEngineStamp' is not required, skipping update.
[        ] Artifact Instance of 'LegacyCanvasKitRemover' is not required, skipping update.
[   +1 ms] Artifact Instance of 'WindowsEngineArtifacts' is not required, skipping update.
[        ] Artifact Instance of 'MacOSEngineArtifacts' is not required, skipping update.
[        ] Artifact Instance of 'LinuxEngineArtifacts' is not required, skipping update.
[        ] Artifact Instance of 'LinuxFuchsiaSDKArtifacts' is not required, skipping update.
[        ] Artifact Instance of 'MacOSFuchsiaSDKArtifacts' is not required, skipping update.
[        ] Artifact Instance of 'FlutterRunnerSDKArtifacts' is not required, skipping update.
[        ] Artifact Instance of 'FlutterRunnerDebugSymbols' is not required, skipping update.
[  +36 ms] Artifact Instance of 'MaterialFonts' is not required, skipping update.
[        ] Artifact Instance of 'GradleWrapper' is not required, skipping update.
[        ] Artifact Instance of 'AndroidGenSnapshotArtifacts' is not required, skipping update.
[        ] Artifact Instance of 'AndroidInternalBuildArtifacts' is not required, skipping update.
[        ] Artifact Instance of 'IOSEngineArtifacts' is not required, skipping update.
[        ] Artifact Instance of 'FlutterWebSdk' is not required, skipping update.
[        ] Artifact Instance of 'FlutterEngineStamp' is not required, skipping update.
[        ] Artifact Instance of 'LegacyCanvasKitRemover' is not required, skipping update.
[        ] Artifact Instance of 'FlutterSdk' is not required, skipping update.
[   +1 ms] Artifact Instance of 'MacOSEngineArtifacts' is not required, skipping update.
[        ] Artifact Instance of 'LinuxEngineArtifacts' is not required, skipping update.
[        ] Artifact Instance of 'LinuxFuchsiaSDKArtifacts' is not required, skipping update.
[        ] Artifact Instance of 'MacOSFuchsiaSDKArtifacts' is not required, skipping update.
[        ] Artifact Instance of 'FlutterRunnerSDKArtifacts' is not required, skipping update.
[        ] Artifact Instance of 'FlutterRunnerDebugSymbols' is not required, skipping update.
[        ] Artifact Instance of 'IosUsbArtifacts' is not required, skipping update.
[        ] Artifact Instance of 'IosUsbArtifacts' is not required, skipping update.
[        ] Artifact Instance of 'IosUsbArtifacts' is not required, skipping update.
[        ] Artifact Instance of 'IosUsbArtifacts' is not required, skipping update.
[        ] Artifact Instance of 'IosUsbArtifacts' is not required, skipping update.
[        ] Artifact Instance of 'IosUsbArtifacts' is not required, skipping update.
[        ] Artifact Instance of 'FontSubsetArtifacts' is not required, skipping update.
[        ] Artifact Instance of 'PubDependencies' is not required, skipping update.
[   +8 ms] Skipping pub get: version match.
[  +62 ms] Found plugin printing at C:\Users\loure\AppData\Local\Pub\Cache\hosted\pub.dev\printing-5.11.0\
[  +72 ms] Found plugin printing at C:\Users\loure\AppData\Local\Pub\Cache\hosted\pub.dev\printing-5.11.0\
[  +31 ms] Skipping generating generated_plugin_registrant.h because it is up-to-date.
[   +4 ms] Skipping generating generated_plugin_registrant.cc because it is up-to-date.
[   +1 ms] Skipping generating generated_plugins.cmake because it is up-to-date.
[  +71 ms] executing: C:\Program Files (x86)\Microsoft Visual Studio\Installer\vswhere.exe -format json -products * -utf8 -latest -version 16 -requires Microsoft.VisualStudio.Workload.NativeDesktop Microsoft.VisualStudio.Component.VC.Tools.x86.x64 Microsoft.VisualStudio.Component.VC.CMake.Project
[  +62 ms] Exit code 0 from: C:\Program Files (x86)\Microsoft Visual Studio\Installer\vswhere.exe -format json -products * -utf8 -latest -version 16 -requires Microsoft.VisualStudio.Workload.NativeDesktop Microsoft.VisualStudio.Component.VC.Tools.x86.x64 Microsoft.VisualStudio.Component.VC.CMake.Project
[        ] [
             {
               "instanceId": "f16dd2ef",
               "installDate": "2026-01-08T05:32:28Z",
               "installationName": "VisualStudio/18.1.1+11312.151",
               "installationPath": "C:\\Program Files\\Microsoft Visual Studio\\18\\Enterprise",
               "installationVersion": "18.1.11312.151",
               "productId": "Microsoft.VisualStudio.Product.Enterprise",
               "productPath": "C:\\Program Files\\Microsoft Visual Studio\\18\\Enterprise\\Common7\\IDE\\devenv.exe",
               "state": 4294967295,
               "isComplete": true,
               "isLaunchable": true,
               "isPrerelease": false,
               "isRebootRequired": false,
               "displayName": "Visual Studio Enterprise 2026",
               "description": "Built for scale, security, and speed ΓÇô the IDE for complex, high-impact development.",
               "channelId": "VisualStudio.18.Release",
               "channelUri": "https://aka.ms/vs/18/stable/channel",
               "enginePath": "C:\\Program Files (x86)\\Microsoft Visual Studio\\Installer\\resources\\app\\ServiceHub\\Services\\Microsoft.VisualStudio.Setup.Service",
               "expirationDate": "2026-06-10T17:00:00+00:00",
               "installedChannelId": "VisualStudio.18.Release",
               "installedChannelUri": "https://aka.ms/vs/18/stable/channel",
               "releaseNotes": "https://docs.microsoft.com/en-us/visualstudio/releases/18/release-notes-v18.1#18.1.1",
               "resolvedInstallationPath": "C:\\Program Files\\Microsoft Visual Studio\\18\\Enterprise",
               "thirdPartyNotices": "https://go.microsoft.com/fwlink/?LinkId=661480",
               "updateDate": "2026-01-08T05:32:28.6052162Z",
               "catalog": {
                 "buildBranch": "d18.0",
                 "buildVersion": "18.1.11312.151",
                 "featureReleaseMonth": "12",
                 "featureReleaseYear": "2025",
                 "id": "VisualStudio/18.1.1+11312.151",
                 "includeBuildVersionInDisplayVersion": "False",
                 "localBuild": "build-lab",
                 "manifestName": "VisualStudio",
                 "manifestType": "installer",
                 "productDisplayVersion": "18.1.1",
                 "productLine": "Dev18",
                 "productLineVersion": "18",
                 "productMilestone": "RTW",
                 "productMilestoneIsPreRelease": "False",
                 "productName": "Visual Studio",
                 "productPatchVersion": "1",
                 "productPreReleaseMilestoneSuffix": "1.0",
                 "productRelease": "RTW",
                 "productSemanticVersion": "18.1.1+11312.151",
                 "requiredEngineVersion": "4.0.2168.39045"
               },
               "properties": {
                 "appLocalWPF": "false",
                 "campaignId": "",
                 "channelManifestId": "VisualStudio.18.Release/18.1.1+11312.151",
                 "includeRecommended": "1",
                 "nickname": "",
                 "setupEngineFilePath": "C:\\Program Files (x86)\\Microsoft Visual Studio\\Installer\\setup.exe"
               }
             }
           ]
[   +5 ms] Building Windows application...
[   +5 ms] executing: C:\Program Files\Microsoft Visual Studio\18\Enterprise\Common7\IDE\CommonExtensions\Microsoft\CMake\CMake\bin\cmake.exe -S C:\app\src\project\innovative\windows -B C:\app\src\project\innovative\build\windows\x64 -G Visual Studio 18 2026 -A x64 -DFLUTTER_TARGET_PLATFORM=windows-x64
[  +65 ms] -- Selecting Windows SDK version 10.0.26100.0 to target Windows 10.0.26200.
[  +33 ms] -- Downloading/updating pdfium
[  +59 ms] -- Selecting Windows SDK version 10.0.26100.0 to target Windows 10.0.26200.
[ +482 ms] -- Configuring done (0.5s)
[ +130 ms] -- Generating done (0.1s)
[   +2 ms] -- Build files have been written to: C:/app/src/project/innovative/build/windows/x64/pdfium-download
[ +146 ms] MSBuild version 18.0.5+e22287bf1 for .NET Framework
[ +555 ms] -- Configuring done (1.4s)
[ +584 ms] -- Generating done (0.5s)
[  +29 ms] -- Build files have been written to: C:/app/src/project/innovative/build/windows/x64
[  +45 ms] executing: C:\Program Files\Microsoft Visual Studio\18\Enterprise\Common7\IDE\CommonExtensions\Microsoft\CMake\CMake\bin\cmake.exe --build C:\app\src\project\innovative\build\windows\x64 --config Debug --target INSTALL --verbose
[  +84 ms] Change Dir: 'C:/app/src/project/innovative/build/windows/x64'
[        ] Run Build Command(s): "C:/Program Files/Microsoft Visual Studio/18/Enterprise/MSBuild/Current/Bin/amd64/MSBuild.exe" INSTALL.vcxproj /p:Configuration=Debug /p:Platform=x64 /p:VisualStudioVersion=18.0 /v:n
[  +77 ms] MSBuild version 18.0.5+e22287bf1 for .NET Framework
[  +43 ms] Build started 3/19/2026 11:37:25 AM.
[ +168 ms] Project "C:\app\src\project\innovative\build\windows\x64\INSTALL.vcxproj" on node 1 (default targets).
[        ] Project "C:\app\src\project\innovative\build\windows\x64\INSTALL.vcxproj" (1) is building "C:\app\src\project\innovative\build\windows\x64\ZERO_CHECK.vcxproj" (2) on node 1 (default targets).
[        ] PrepareForBuild:
[        ]   Structured output is enabled. The formatting of compiler diagnostics will reflect the error hierarchy. See https://aka.ms/cpp/structured-output for more details.
[   +3 ms] InitializeBuildStatus:
[        ]   Creating "x64\Debug\ZERO_CHECK\ZERO_CHECK.tlog\unsuccessfulbuild" because "AlwaysCreate" was specified.
[        ]   Touching "x64\Debug\ZERO_CHECK\ZERO_CHECK.tlog\unsuccessfulbuild".
[  +12 ms] CustomBuild:
[        ]   All outputs are up-to-date.
[  +36 ms] FinalizeBuildStatus:
[        ]   Deleting file "x64\Debug\ZERO_CHECK\ZERO_CHECK.tlog\unsuccessfulbuild".
[        ]   Touching "x64\Debug\ZERO_CHECK\ZERO_CHECK.tlog\ZERO_CHECK.lastbuildstate".
[   +2 ms] Done Building Project "C:\app\src\project\innovative\build\windows\x64\ZERO_CHECK.vcxproj" (default targets).
[  +73 ms] Project "C:\app\src\project\innovative\build\windows\x64\INSTALL.vcxproj" (1) is building "C:\app\src\project\innovative\build\windows\x64\ALL_BUILD.vcxproj" (3) on node 1 (default targets).
[        ] Project "C:\app\src\project\innovative\build\windows\x64\ALL_BUILD.vcxproj" (3) is building "C:\app\src\project\innovative\build\windows\x64\flutter\flutter_wrapper_app.vcxproj" (4) on node 1 (default targets).
[        ] Project "C:\app\src\project\innovative\build\windows\x64\flutter\flutter_wrapper_app.vcxproj" (4) is building "C:\app\src\project\innovative\build\windows\x64\flutter\flutter_assemble.vcxproj" (5) on node 1 (default targets).
[        ] PrepareForBuild:
[        ]   Structured output is enabled. The formatting of compiler diagnostics will reflect the error hierarchy. See https://aka.ms/cpp/structured-output for more details.
[   +1 ms] InitializeBuildStatus:
[        ]   Touching "x64\Debug\flutter_assemble\flutter_assemble.tlog\unsuccessfulbuild".
[   +6 ms] CustomBuild:
[        ]   "The build of 'C:\app\src\project\innovative\build\windows\x64\CMakeFiles\4f027a6e02db78d017babb2fd22ee98e\flutter_assemble.rule' depends on 'C:\APP\SRC\PROJECT\INNOVATIVE\WINDOWS\FLUTTER\EPHEMERAL\FLUTTER_WINDOWS.DLL' which is produced by the build of 'C:\app\src\project\innovative\build\windows\x64\CMakeFiles\ba6ba51e72b1e37f2dddf774648fee87\flutter_windows.dll.rule'. The items cannot be built in parallel."
[  +87 ms]   Generating C:/app/src/project/innovative/windows/flutter/ephemeral/flutter_windows.dll, C:/app/src/project/innovative/windows/flutter/ephemeral/flutter_export.h, C:/app/src/project/innovative/windows/flutter/ephemeral/flutter_windows.h, C:/app/src/project/innovative/windows/flutter/ephemeral/flutter_messenger.h, C:/app/src/project/innovative/windows/flutter/ephemeral/flutter_plugin_registrar.h, C:/app/src/project/innovative/windows/flutter/ephemeral/flutter_texture_registrar.h, C:/app/src/project/innovative/windows/flutter/ephemeral/cpp_client_wrapper/core_implementations.cc, C:/app/src/project/innovative/windows/flutter/ephemeral/cpp_client_wrapper/standard_codec.cc, C:/app/src/project/innovative/windows/flutter/ephemeral/cpp_client_wrapper/plugin_registrar.cc, C:/app/src/project/innovative/windows/flutter/ephemeral/cpp_client_wrapper/flutter_engine.cc, C:/app/src/project/innovative/windows/flutter/ephemeral/cpp_client_wrapper/flutter_view_controller.cc, _phony_
[+1458 ms]   [ +246 ms] Artifact Instance of 'MaterialFonts' is not required, skipping update.
[        ]   [   +1 ms] Artifact Instance of 'GradleWrapper' is not required, skipping update.
[        ]   [        ] Artifact Instance of 'AndroidGenSnapshotArtifacts' is not required, skipping update.
[        ]   [        ] Artifact Instance of 'AndroidInternalBuildArtifacts' is not required, skipping update.
[        ]   [        ] Artifact Instance of 'IOSEngineArtifacts' is not required, skipping update.
[        ]   [        ] Artifact Instance of 'FlutterWebSdk' is not required, skipping update.
[        ]   [   +1 ms] Artifact Instance of 'LegacyCanvasKitRemover' is not required, skipping update.
[        ]   [        ] Artifact Instance of 'FlutterSdk' is not required, skipping update.
[        ]   [        ] Artifact Instance of 'WindowsEngineArtifacts' is not required, skipping update.
[        ]   [        ] Artifact Instance of 'MacOSEngineArtifacts' is not required, skipping update.
[        ]   [        ] Artifact Instance of 'LinuxEngineArtifacts' is not required, skipping update.
[        ]   [        ] Artifact Instance of 'LinuxFuchsiaSDKArtifacts' is not required, skipping update.
[        ]   [        ] Artifact Instance of 'MacOSFuchsiaSDKArtifacts' is not required, skipping update.
[        ]   [        ] Artifact Instance of 'FlutterRunnerSDKArtifacts' is not required, skipping update.
[        ]   [        ] Artifact Instance of 'FlutterRunnerDebugSymbols' is not required, skipping update.
[        ]   [        ] Artifact Instance of 'IosUsbArtifacts' is not required, skipping update.
[        ]   [        ] Artifact Instance of 'IosUsbArtifacts' is not required, skipping update.
[        ]   [        ] Artifact Instance of 'IosUsbArtifacts' is not required, skipping update.
[        ]   [        ] Artifact Instance of 'IosUsbArtifacts' is not required, skipping update.
[        ]   [        ] Artifact Instance of 'IosUsbArtifacts' is not required, skipping update.
[        ]   [        ] Artifact Instance of 'IosUsbArtifacts' is not required, skipping update.
[        ]   [        ] Artifact Instance of 'FontSubsetArtifacts' is not required, skipping update.
[        ]   [        ] Artifact Instance of 'PubDependencies' is not required, skipping update.
[   +6 ms]   [  +16 ms] Artifact Instance of 'AndroidGenSnapshotArtifacts' is not required, skipping update.
[        ]   [        ] Artifact Instance of 'AndroidInternalBuildArtifacts' is not required, skipping update.
[        ]   [        ] Artifact Instance of 'IOSEngineArtifacts' is not required, skipping update.
[        ]   [        ] Artifact Instance of 'FlutterWebSdk' is not required, skipping update.
[        ]   [   +1 ms] Artifact Instance of 'FlutterEngineStamp' is not required, skipping update.
[        ]   [        ] Artifact Instance of 'LegacyCanvasKitRemover' is not required, skipping update.
[   +4 ms]   [   +3 ms] Artifact Instance of 'WindowsEngineArtifacts' is not required, skipping update.
[        ]   [        ] Artifact Instance of 'MacOSEngineArtifacts' is not required, skipping update.
[        ]   [        ] Artifact Instance of 'LinuxEngineArtifacts' is not required, skipping update.
[   +1 ms]   [        ] Artifact Instance of 'LinuxFuchsiaSDKArtifacts' is not required, skipping update.
[        ]   [   +1 ms] Artifact Instance of 'MacOSFuchsiaSDKArtifacts' is not required, skipping update.
[        ]   [        ] Artifact Instance of 'FlutterRunnerSDKArtifacts' is not required, skipping update.
[        ]   [        ] Artifact Instance of 'FlutterRunnerDebugSymbols' is not required, skipping update.
[ +108 ms]   [ +108 ms] Artifact Instance of 'MaterialFonts' is not required, skipping update.
[        ]   [        ] Artifact Instance of 'GradleWrapper' is not required, skipping update.
[        ]   [        ] Artifact Instance of 'AndroidGenSnapshotArtifacts' is not required, skipping update.
[        ]   [        ] Artifact Instance of 'AndroidInternalBuildArtifacts' is not required, skipping update.
[        ]   [        ] Artifact Instance of 'IOSEngineArtifacts' is not required, skipping update.
[        ]   [        ] Artifact Instance of 'FlutterWebSdk' is not required, skipping update.
[        ]   [        ] Artifact Instance of 'FlutterEngineStamp' is not required, skipping update.
[        ]   [        ] Artifact Instance of 'LegacyCanvasKitRemover' is not required, skipping update.
[        ]   [        ] Artifact Instance of 'FlutterSdk' is not required, skipping update.
[   +1 ms]   [   +2 ms] Artifact Instance of 'MacOSEngineArtifacts' is not required, skipping update.
[        ]   [        ] Artifact Instance of 'LinuxEngineArtifacts' is not required, skipping update.
[        ]   [        ] Artifact Instance of 'LinuxFuchsiaSDKArtifacts' is not required, skipping update.
[        ]   [        ] Artifact Instance of 'MacOSFuchsiaSDKArtifacts' is not required, skipping update.
[        ]   [        ] Artifact Instance of 'FlutterRunnerSDKArtifacts' is not required, skipping update.
[        ]   [        ] Artifact Instance of 'FlutterRunnerDebugSymbols' is not required, skipping update.
[        ]   [        ] Artifact Instance of 'IosUsbArtifacts' is not required, skipping update.
[        ]   [        ] Artifact Instance of 'IosUsbArtifacts' is not required, skipping update.
[        ]   [        ] Artifact Instance of 'IosUsbArtifacts' is not required, skipping update.
[        ]   [        ] Artifact Instance of 'IosUsbArtifacts' is not required, skipping update.
[        ]   [        ] Artifact Instance of 'IosUsbArtifacts' is not required, skipping update.
[        ]   [        ] Artifact Instance of 'IosUsbArtifacts' is not required, skipping update.
[        ]   [        ] Artifact Instance of 'FontSubsetArtifacts' is not required, skipping update.
[        ]   [        ] Artifact Instance of 'PubDependencies' is not required, skipping update.
[  +52 ms]   [  +52 ms] Initializing file store
[   +4 ms]   [   +4 ms] Done initializing file store
[  +56 ms]   [  +56 ms] Skipping target: dart_build
[   +1 ms]   [   +1 ms] Skipping target: gen_dart_plugin_registrant
[+3572 ms]   [+3572 ms] Skipping target: unpack_windows
[        ]   [   +1 ms] Skipping target: install_code_assets
[        ]   [        ] Skipping target: gen_localizations
[ +513 ms]   [ +484 ms] kernel_snapshot_program: Starting due to {InvalidatedReasonKind.outputSetAddition: The following outputs were added to the output set: C:\app\src\project\innovative\.dart_tool\flutter_build\881df58582fa55f4119925bc47a7fef9\app.dill, InvalidatedReasonKind.inputChanged: The following inputs have updated contents: C:\app\src\project\innovative\lib\main.dart,C:\flutter\packages\flutter\lib\material.dart,C:\app\src\project\innovative\lib\landing_page.dart,C:\app\src\project\innovative\lib\dashboard.dart,C:\app\src\project\innovative\lib\data\app_data.dart,C:\flutter\packages\flutter\lib\src\material\about.dart,C:\flutter\packages\flutter\lib\src\material\action_buttons.dart,C:\flutter\packages\flutter\lib\src\material\action_chip.dart,C:\flutter\packages\flutter\lib\src\material\action_icons_theme.dart,C:\flutter\packages\flutter\lib\src\material\adaptive_text_selection_toolbar.dart,C:\flutter\packages\flutter\lib\src\material\animated_icons.dart,C:\flutter\packages\flutter\lib\src\material\app.dart,C:\flutter\packages\flutter\lib\src\material\app_bar.dart,C:\flutter\packages\flutter\lib\src\material\app_bar_theme.dart,C:\flutter\packages\flutter\lib\src\material\arc.dart,C:\flutter\packages\flutter\lib\src\material\autocomplete.dart,C:\flutter\packages\flutter\lib\src\material\badge.dart,C:\flutter\packages\flutter\lib\src\material\badge_theme.dart,C:\flutter\packages\flutter\lib\src\material\banner.dart,C:\flutter\packages\flutter\lib\src\material\banner_theme.dart,C:\flutter\packages\flutter\lib\src\material\bottom_app_bar.dart,C:\flutter\packages\flutter\lib\src\material\bottom_app_bar_theme.dart,C:\flutter\packages\flutter\lib\src\material\bottom_navigation_bar.dart,C:\flutter\packages\flutter\lib\src\material\bottom_navigation_bar_theme.dart,C:\flutter\packages\flutter\lib\src\material\bottom_sheet.dart,C:\flutter\packages\flutter\lib\src\material\bottom_sheet_theme.dart,C:\flutter\packages\flutter\lib\src\material\button.dart,C:\flutter\packages\flutter\lib\src\material\button_bar.dart,C:\flutter\packages\flutter\lib\src\material\button_bar_theme.dart,C:\flutter\packages\flutter\lib\src\material\button_style.dart,C:\flutter\packages\flutter\lib\src\material\button_style_button.dart,C:\flutter\packages\flutter\lib\src\material\button_theme.dart,C:\flutter\packages\flutter\lib\src\material\calendar_date_picker.dart,C:\flutter\packages\flutter\lib\src\material\card.dart,C:\flutter\packages\flutter\lib\src\material\card_theme.dart,C:\flutter\packages\flutter\lib\src\material\carousel.dart,C:\flutter\packages\flutter\lib\src\material\carousel_theme.dart,C:\flutter\packages\flutter\lib\src\material\checkbox.dart,C:\flutter\packages\flutter\lib\src\material\checkbox_list_tile.dart,C:\flutter\packages\flutter\lib\src\material\checkbox_theme.dart,C:\flutter\packages\flutter\lib\src\material\chip.dart,C:\flutter\packages\flutter\lib\src\material\chip_theme.dart,C:\flutter\packages\flutter\lib\src\material\choice_chip.dart,C:\flutter\packages\flutter\lib\src\material\circle_avatar.dart,C:\flutter\packages\flutter\lib\src\material\color_scheme.dart,C:\flutter\packages\flutter\lib\src\material\colors.dart,C:\flutter\packages\flutter\lib\src\material\constants.dart,C:\flutter\packages\flutter\lib\src\material\curves.dart,C:\flutter\packages\flutter\lib\src\material\data_table.dart,C:\flutter\packages\flutter\lib\src\material\data_table_source.dart,C:\flutter\packages\flutter\lib\src\material\data_table_theme.dart,C:\flutter\packages\flutter\lib\src\material\date.dart,C:\flutter\packages\flutter\lib\src\material\date_picker.dart,C:\flutter\packages\flutter\lib\src\material\date_picker_theme.dart,C:\flutter\packages\flutter\lib\src\material\debug.dart,C:\flutter\packages\flutter\lib\src\material\desktop_text_selection.dart,C:\flutter\packages\flutter\lib\src\material\desktop_text_selection_toolbar.dart,C:\flutter\packages\flutter\lib\src\material\desktop_text_selection_toolbar_button.dart,C:\flutter\packages\flutter\lib\src\material\dialog.dart,C:\flutter\packages\flutter\lib\src\material\dialog_theme.dart,C:\flutter\packages\flutter\lib\src\material\divider.dart,C:\flutter\packages\flutter\lib\src\material\divider_theme.dart,C:\flutter\packages\flutter\lib\src\material\drawer.dart,C:\flutter\packages\flutter\lib\src\material\drawer_header.dart,C:\flutter\packages\flutter\lib\src\material\drawer_theme.dart,C:\flutter\packages\flutter\lib\src\material\dropdown.dart,C:\flutter\packages\flutter\lib\src\material\dropdown_menu.dart,C:\flutter\packages\flutter\lib\src\material\dropdown_menu_form_field.dart,C:\flutter\packages\flutter\lib\src\material\dropdown_menu_theme.dart,C:\flutter\packages\flutter\lib\src\material\elevated_button.dart,C:\flutter\packages\flutter\lib\src\material\elevated_button_theme.dart,C:\flutter\packages\flutter\lib\src\material\elevation_overlay.dart,C:\flutter\packages\flutter\lib\src\material\expand_icon.dart,C:\flutter\packages\flutter\lib\src\material\expansion_panel.dart,C:\flutter\packages\flutter\lib\src\material\expansion_tile.dart,C:\flutter\packages\flutter\lib\src\material\expansion_tile_theme.dart,C:\flutter\packages\flutter\lib\src\material\filled_button.dart,C:\flutter\packages\flutter\lib\src\material\filled_button_theme.dart,C:\flutter\packages\flutter\lib\src\material\filter_chip.dart,C:\flutter\packages\flutter\lib\src\material\flexible_space_bar.dart,C:\flutter\packages\flutter\lib\src\material\floating_action_button.dart,C:\flutter\packages\flutter\lib\src\material\floating_action_button_location.dart,C:\flutter\packages\flutter\lib\src\material\floating_action_button_theme.dart,C:\flutter\packages\flutter\lib\src\material\grid_tile.dart,C:\flutter\packages\flutter\lib\src\material\grid_tile_bar.dart,C:\flutter\packages\flutter\lib\src\material\icon_button.dart,C:\flutter\packages\flutter\lib\src\material\icon_button_theme.dart,C:\flutter\packages\flutter\lib\src\material\icons.dart,C:\flutter\packages\flutter\lib\src\material\ink_decoration.dart,C:\flutter\packages\flutter\lib\src\material\ink_highlight.dart,C:\flutter\packages\flutter\lib\src\material\ink_ripple.dart,C:\flutter\packages\flutter\lib\src\material\ink_sparkle.dart,C:\flutter\packages\flutter\lib\src\material\ink_splash.dart,C:\flutter\packages\flutter\lib\src\material\ink_well.dart,C:\flutter\packages\flutter\lib\src\material\input_border.dart,C:\flutter\packages\flutter\lib\src\material\input_chip.dart,C:\flutter\packages\flutter\lib\src\material\input_date_picker_form_field.dart,C:\flutter\packages\flutter\lib\src\material\input_decorator.dart,C:\flutter\packages\flutter\lib\src\material\list_tile.dart,C:\flutter\packages\flutter\lib\src\material\list_tile_theme.dart,C:\flutter\packages\flutter\lib\src\material\magnifier.dart,C:\flutter\packages\flutter\lib\src\material\material.dart,C:\flutter\packages\flutter\lib\src\material\material_button.dart,C:\flutter\packages\flutter\lib\src\material\material_localizations.dart,C:\flutter\packages\flutter\lib\src\material\material_state.dart,C:\flutter\packages\flutter\lib\src\material\material_state_mixin.dart,C:\flutter\packages\flutter\lib\src\material\menu_anchor.dart,C:\flutter\packages\flutter\lib\src\material\menu_bar_theme.dart,C:\flutter\packages\flutter\lib\src\material\menu_button_theme.dart,C:\flutter\packages\flutter\lib\src\material\menu_style.dart,C:\flutter\packages\flutter\lib\src\material\menu_theme.dart,C:\flutter\packages\flutter\lib\src\material\mergeable_material.dart,C:\flutter\packages\flutter\lib\src\material\motion.dart,C:\flutter\packages\flutter\lib\src\material\navigation_bar.dart,C:\flutter\packages\flutter\lib\src\material\navigation_bar_theme.dart,C:\flutter\packages\flutter\lib\src\material\navigation_drawer.dart,C:\flutter\packages\flutter\lib\src\material\navigation_drawer_theme.dart,C:\flutter\packages\flutter\lib\src\material\navigation_rail.dart,C:\flutter\packages\flutter\lib\src\material\navigation_rail_theme.dart,C:\flutter\packages\flutter\lib\src\material\no_splash.dart,C:\flutter\packages\flutter\lib\src\material\outlined_button.dart,C:\flutter\packages\flutter\lib\src\material\outlined_button_theme.dart,C:\flutter\packages\flutter\lib\src\material\page.dart,C:\flutter\packages\flutter\lib\src\material\page_transitions_theme.dart,C:\flutter\packages\flutter\lib\src\material\paginated_data_table.dart,C:\flutter\packages\flutter\lib\src\material\popup_menu.dart,C:\flutter\packages\flutter\lib\src\material\popup_menu_theme.dart,C:\flutter\packages\flutter\lib\src\material\predictive_back_page_transitions_builder.dart,C:\flutter\packages\flutter\lib\src\material\progress_indicator.dart,C:\flutter\packages\flutter\lib\src\material\progress_indicator_theme.dart,C:\flutter\packages\flutter\lib\src\material\radio.dart,C:\flutter\packages\flutter\lib\src\material\radio_list_tile.dart,C:\flutter\packages\flutter\lib\src\material\radio_theme.dart,C:\flutter\packages\flutter\lib\src\material\range_slider.dart,C:\flutter\packages\flutter\lib\src\material\range_slider_parts.dart,C:\flutter\packages\flutter\lib\src\material\refresh_indicator.dart,C:\flutter\packages\flutter\lib\src\material\reorderable_list.dart,C:\flutter\packages\flutter\lib\src\material\scaffold.dart,C:\flutter\packages\flutter\lib\src\material\scrollbar.dart,C:\flutter\packages\flutter\lib\src\material\scrollbar_theme.dart,C:\flutter\packages\flutter\lib\src\material\search.dart,C:\flutter\packages\flutter\lib\src\material\search_anchor.dart,C:\flutter\packages\flutter\lib\src\material\search_bar_theme.dart,C:\flutter\packages\flutter\lib\src\material\search_view_theme.dart,C:\flutter\packages\flutter\lib\src\material\segmented_button.dart,C:\flutter\packages\flutter\lib\src\material\segmented_button_theme.dart,C:\flutter\packages\flutter\lib\src\material\selectable_text.dart,C:\flutter\packages\flutter\lib\src\material\selection_area.dart,C:\flutter\packages\flutter\lib\src\material\shadows.dart,C:\flutter\packages\flutter\lib\src\material\slider.dart,C:\flutter\packages\flutter\lib\src\material\slider_parts.dart,C:\flutter\packages\flutter\lib\src\material\slider_theme.dart,C:\flutter\packages\flutter\lib\src\material\slider_value_indicator_shape.dart,C:\flutter\packages\flutter\lib\src\material\snack_bar.dart,C:\flutter\packages\flutter\lib\src\material\snack_bar_theme.dart,C:\flutter\packages\flutter\lib\src\material\spell_check_suggestions_toolbar.dart,C:\flutter\packages\flutter\lib\src\material\spell_check_suggestions_toolbar_layout_delegate.dart,C:\flutter\packages\flutter\lib\src\material\stepper.dart,C:\flutter\packages\flutter\lib\src\material\switch.dart,C:\flutter\packages\flutter\lib\src\material\switch_list_tile.dart,C:\flutter\packages\flutter\lib\src\material\switch_theme.dart,C:\flutter\packages\flutter\lib\src\material\tab_bar_theme.dart,C:\flutter\packages\flutter\lib\src\material\tab_controller.dart,C:\flutter\packages\flutter\lib\src\material\tab_indicator.dart,C:\flutter\packages\flutter\lib\src\material\tabs.dart,C:\flutter\packages\flutter\lib\src\material\text_button.dart,C:\flutter\packages\flutter\lib\src\material\text_button_theme.dart,C:\flutter\packages\flutter\lib\src\material\text_field.dart,C:\flutter\packages\flutter\lib\src\material\text_form_field.dart,C:\flutter\packages\flutter\lib\src\material\text_selection.dart,C:\flutter\packages\flutter\lib\src\material\text_selection_theme.dart,C:\flutter\packages\flutter\lib\src\material\text_selection_toolbar.dart,C:\flutter\packages\flutter\lib\src\material\text_selection_toolbar_text_button.dart,C:\flutter\packages\flutter\lib\src\material\text_theme.dart,C:\flutter\packages\flutter\lib\src\material\theme.dart,C:\flutter\packages\flutter\lib\src\material\theme_data.dart,C:\flutter\packages\flutter\lib\src\material\time.dart,C:\flutter\packages\flutter\lib\src\material\time_picker.dart,C:\flutter\packages\flutter\lib\src\material\time_picker_theme.dart,C:\flutter\packages\flutter\lib\src\material\toggle_buttons.dart,C:\flutter\packages\flutter\lib\src\material\toggle_buttons_theme.dart,C:\flutter\packages\flutter\lib\src\material\tooltip.dart,C:\flutter\packages\flutter\lib\src\material\tooltip_theme.dart,C:\flutter\packages\flutter\lib\src\material\tooltip_visibility.dart,C:\flutter\packages\flutter\lib\src\material\typography.dart,C:\flutter\packages\flutter\lib\src\material\user_accounts_drawer_header.dart,C:\flutter\packages\flutter\lib\widgets.dart,C:\app\src\project\innovative\lib\pages\daily_updates_page.dart,C:\app\src\project\innovative\lib\pages\inventory_page.dart,C:\app\src\project\innovative\lib\pages\products_page.dart,C:\app\src\project\innovative\lib\pages\sales_page.dart,C:\app\src\project\innovative\lib\pages\reports_page.dart,C:\app\src\project\innovative\lib\pages\accounts_page.dart,C:\app\src\project\innovative\lib\pages\history_page.dart,C:\app\src\project\innovative\lib\pages\settings_page.dart,C:\flutter\packages\flutter\lib\cupertino.dart,C:\flutter\packages\flutter\lib\foundation.dart,C:\flutter\packages\flutter\lib\scheduler.dart,C:\flutter\packages\flutter\lib\src\material\back_button.dart,C:\flutter\packages\flutter\lib\rendering.dart,C:\flutter\packages\flutter\lib\src\material\animated_icons\animated_icons.dart,C:\flutter\packages\flutter\lib\src\material\animated_icons\animated_icons_data.dart,C:\flutter\packages\flutter\lib\src\material\animated_icons\data\add_event.g.dart,C:\flutter\packages\flutter\lib\src\material\animated_icons\data\arrow_menu.g.dart,C:\flutter\packages\flutter\lib\src\material\animated_icons\data\close_menu.g.dart,C:\flutter\packages\flutter\lib\src\material\animated_icons\data\ellipsis_search.g.dart,C:\flutter\packages\flutter\lib\src\material\animated_icons\data\event_add.g.dart,C:\flutter\packages\flutter\lib\src\material\animated_icons\data\home_menu.g.dart,C:\flutter\packages\flutter\lib\src\material\animated_icons\data\list_view.g.dart,C:\flutter\packages\flutter\lib\src\material\animated_icons\data\menu_arrow.g.dart,C:\flutter\packages\flutter\lib\src\material\animated_icons\data\menu_close.g.dart,C:\flutter\packages\flutter\lib\src\material\animated_icons\data\menu_home.g.dart,C:\flutter\packages\flutter\lib\src\material\animated_icons\data\pause_play.g.dart,C:\flutter\packages\flutter\lib\src\material\animated_icons\data\play_pause.g.dart,C:\flutter\packages\flutter\lib\src\material\animated_icons\data\search_ellipsis.g.dart,C:\flutter\packages\flutter\lib\src\material\animated_icons\data\view_list.g.dart,C:\flutter\packages\flutter\lib\services.dart,C:\flutter\packages\flutter\lib\animation.dart,C:\Users\loure\AppData\Local\Pub\Cache\hosted\pub.dev\vector_math-2.2.0\lib\vector_math_64.dart,C:\flutter\packages\flutter\lib\gestures.dart,C:\Users\loure\AppData\Local\Pub\Cache\hosted\pub.dev\collection-1.19.1\lib\collection.dart,C:\Users\loure\AppData\Local\Pub\Cache\hosted\pub.dev\material_color_utilities-0.11.1\lib\material_color_utilities.dart,C:\flutter\packages\flutter\lib\painting.dart,C:\Users\loure\AppData\Local\Pub\Cache\hosted\pub.dev\characters-1.4.0\lib\characters.dart,C:\flutter\packages\flutter\lib\src\widgets\actions.dart,C:\flutter\packages\flutter\lib\src\widgets\adapter.dart,C:\flutter\packages\flutter\lib\src\widgets\animated_cross_fade.dart,C:\flutter\packages\flutter\lib\src\widgets\animated_scroll_view.dart,C:\flutter\packages\flutter\lib\src\widgets\animated_size.dart,C:\flutter\packages\flutter\lib\src\widgets\animated_switcher.dart,C:\flutter\packages\flutter\lib\src\widgets\annotated_region.dart,C:\flutter\packages\flutter\lib\src\widgets\app.dart,C:\flutter\packages\flutter\lib\src\widgets\app_lifecycle_listener.dart,C:\flutter\packages\flutter\lib\src\widgets\async.dart,C:\flutter\packages\flutter\lib\src\widgets\autocomplete.dart,C:\flutter\packages\flutter\lib\src\widgets\autofill.dart,C:\flutter\packages\flutter\lib\src\widgets\automatic_keep_alive.dart,C:\flutter\packages\flutter\lib\src\widgets\banner.dart,C:\flutter\packages\flutter\lib\src\widgets\basic.dart,C:\flutter\packages\flutter\lib\src\widgets\binding.dart,C:\flutter\packages\flutter\lib\src\widgets\bottom_navigation_bar_item.dart,C:\flutter\packages\flutter\lib\src\widgets\color_filter.dart,C:\flutter\packages\flutter\lib\src\widgets\container.dart,C:\flutter\packages\flutter\lib\src\widgets\context_menu_button_item.dart,C:\flutter\packages\flutter\lib\src\widgets\context_menu_controller.dart,C:\flutter\packages\flutter\lib\src\widgets\date.dart,C:\flutter\packages\flutter\lib\src\widgets\debug.dart,C:\flutter\packages\flutter\lib\src\widgets\decorated_sliver.dart,C:\flutter\packages\flutter\lib\src\widgets\default_selection_style.dart,C:\flutter\packages\flutter\lib\src\widgets\default_text_editing_shortcuts.dart,C:\flutter\packages\flutter\lib\src\widgets\desktop_text_selection_toolbar_layout_delegate.dart,C:\flutter\packages\flutter\lib\src\widgets\dismissible.dart,C:\flutter\packages\flutter\lib\src\widgets\display_feature_sub_screen.dart,C:\flutter\packages\flutter\lib\src\widgets\disposable_build_context.dart,C:\flutter\packages\flutter\lib\src\widgets\drag_boundary.dart,C:\flutter\packages\flutter\lib\src\widgets\drag_target.dart,C:\flutter\packages\flutter\lib\src\widgets\draggable_scrollable_sheet.dart,C:\flutter\packages\flutter\lib\src\widgets\dual_transition_builder.dart,C:\flutter\packages\flutter\lib\src\widgets\editable_text.dart,C:\flutter\packages\flutter\lib\src\widgets\expansible.dart,C:\flutter\packages\flutter\lib\src\widgets\fade_in_image.dart,C:\flutter\packages\flutter\lib\src\widgets\feedback.dart,C:\flutter\packages\flutter\lib\src\widgets\flutter_logo.dart,C:\flutter\packages\flutter\lib\src\widgets\focus_manager.dart,C:\flutter\packages\flutter\lib\src\widgets\focus_scope.dart,C:\flutter\packages\flutter\lib\src\widgets\focus_traversal.dart,C:\flutter\packages\flutter\lib\src\widgets\form.dart,C:\flutter\packages\flutter\lib\src\widgets\framework.dart,C:\flutter\packages\flutter\lib\src\widgets\gesture_detector.dart,C:\flutter\packages\flutter\lib\src\widgets\grid_paper.dart,C:\flutter\packages\flutter\lib\src\widgets\heroes.dart,C:\flutter\packages\flutter\lib\src\widgets\icon.dart,C:\flutter\packages\flutter\lib\src\widgets\icon_data.dart,C:\flutter\packages\flutter\lib\src\widgets\icon_theme.dart,C:\flutter\packages\flutter\lib\src\widgets\icon_theme_data.dart,C:\flutter\packages\flutter\lib\src\widgets\image.dart,C:\flutter\packages\flutter\lib\src\widgets\image_filter.dart,C:\flutter\packages\flutter\lib\src\widgets\image_icon.dart,C:\flutter\packages\flutter\lib\src\widgets\implicit_animations.dart,C:\flutter\packages\flutter\lib\src\widgets\inherited_model.dart,C:\flutter\packages\flutter\lib\src\widgets\inherited_notifier.dart,C:\flutter\packages\flutter\lib\src\widgets\inherited_theme.dart,C:\flutter\packages\flutter\lib\src\widgets\interactive_viewer.dart,C:\flutter\packages\flutter\lib\src\widgets\keyboard_listener.dart,C:\flutter\packages\flutter\lib\src\widgets\layout_builder.dart,C:\flutter\packages\flutter\lib\src\widgets\list_wheel_scroll_view.dart,C:\flutter\packages\flutter\lib\src\widgets\localizations.dart,C:\flutter\packages\flutter\lib\src\widgets\lookup_boundary.dart,C:\flutter\packages\flutter\lib\src\widgets\magnifier.dart,C:\flutter\packages\flutter\lib\src\widgets\media_query.dart,C:\flutter\packages\flutter\lib\src\widgets\modal_barrier.dart,C:\flutter\packages\flutter\lib\src\widgets\navigation_toolbar.dart,C:\flutter\packages\flutter\lib\src\widgets\navigator.dart,C:\flutter\packages\flutter\lib\src\widgets\navigator_pop_handler.dart,C:\flutter\packages\flutter\lib\src\widgets\nested_scroll_view.dart,C:\flutter\packages\flutter\lib\src\widgets\notification_listener.dart,C:\flutter\packages\flutter\lib\src\widgets\orientation_builder.dart,C:\flutter\packages\flutter\lib\src\widgets\overflow_bar.dart,C:\flutter\packages\flutter\lib\src\widgets\overlay.dart,C:\flutter\packages\flutter\lib\src\widgets\overscroll_indicator.dart,C:\flutter\packages\flutter\lib\src\widgets\page_storage.dart,C:\flutter\packages\flutter\lib\src\widgets\page_transitions_builder.dart,C:\flutter\packages\flutter\lib\src\widgets\page_view.dart,C:\flutter\packages\flutter\lib\src\widgets\pages.dart,C:\flutter\packages\flutter\lib\src\widgets\performance_overlay.dart,C:\flutter\packages\flutter\lib\src\widgets\pinned_header_sliver.dart,C:\flutter\packages\flutter\lib\src\widgets\placeholder.dart,C:\flutter\packages\flutter\lib\src\widgets\platform_menu_bar.dart,C:\flutter\packages\flutter\lib\src\widgets\platform_selectable_region_context_menu.dart,C:\flutter\packages\flutter\lib\src\widgets\platform_view.dart,C:\flutter\packages\flutter\lib\src\widgets\pop_scope.dart,C:\flutter\packages\flutter\lib\src\widgets\preferred_size.dart,C:\flutter\packages\flutter\lib\src\widgets\primary_scroll_controller.dart,C:\flutter\packages\flutter\lib\src\widgets\radio_group.dart,C:\flutter\packages\flutter\lib\src\widgets\raw_keyboard_listener.dart,C:\flutter\packages\flutter\lib\src\widgets\raw_menu_anchor.dart,C:\flutter\packages\flutter\lib\src\widgets\raw_radio.dart,C:\flutter\packages\flutter\lib\src\widgets\reorderable_list.dart,C:\flutter\packages\flutter\lib\src\widgets\restoration.dart,C:\flutter\packages\flutter\lib\src\widgets\restoration_properties.dart,C:\flutter\packages\flutter\lib\src\widgets\router.dart,C:\flutter\packages\flutter\lib\src\widgets\routes.dart,C:\flutter\packages\flutter\lib\src\widgets\safe_area.dart,C:\flutter\packages\flutter\lib\src\widgets\scroll_activity.dart,C:\flutter\packages\flutter\lib\src\widgets\scroll_aware_image_provider.dart,C:\flutter\packages\flutter\lib\src\widgets\scroll_configuration.dart,C:\flutter\packages\flutter\lib\src\widgets\scroll_context.dart,C:\flutter\packages\flutter\lib\src\widgets\scroll_controller.dart,C:\flutter\packages\flutter\lib\src\widgets\scroll_delegate.dart,C:\flutter\packages\flutter\lib\src\widgets\scroll_metrics.dart,C:\flutter\packages\flutter\lib\src\widgets\scroll_notification.dart,C:\flutter\packages\flutter\lib\src\widgets\scroll_notification_observer.dart,C:\flutter\packages\flutter\lib\src\widgets\scroll_physics.dart,C:\flutter\packages\flutter\lib\src\widgets\scroll_position.dart,C:\flutter\packages\flutter\lib\src\widgets\scroll_position_with_single_context.dart,C:\flutter\packages\flutter\lib\src\widgets\scroll_simulation.dart,C:\flutter\packages\flutter\lib\src\widgets\scroll_view.dart,C:\flutter\packages\flutter\lib\src\widgets\scrollable.dart,C:\flutter\packages\flutter\lib\src\widgets\scrollable_helpers.dart,C:\flutter\packages\flutter\lib\src\widgets\scrollbar.dart,C:\flutter\packages\flutter\lib\src\widgets\selectable_region.dart,C:\flutter\packages\flutter\lib\src\widgets\selection_container.dart,C:\flutter\packages\flutter\lib\src\widgets\semantics_debugger.dart,C:\flutter\packages\flutter\lib\src\widgets\sensitive_content.dart,C:\flutter\packages\flutter\lib\src\widgets\service_extensions.dart,C:\flutter\packages\flutter\lib\src\widgets\shared_app_data.dart,C:\flutter\packages\flutter\lib\src\widgets\shortcuts.dart,C:\flutter\packages\flutter\lib\src\widgets\single_child_scroll_view.dart,C:\flutter\packages\flutter\lib\src\widgets\size_changed_layout_notifier.dart,C:\flutter\packages\flutter\lib\src\widgets\sliver.dart,C:\flutter\packages\flutter\lib\src\widgets\sliver_fill.dart,C:\flutter\packages\flutter\lib\src\widgets\sliver_floating_header.dart,C:\flutter\packages\flutter\lib\src\widgets\sliver_layout_builder.dart,C:\flutter\packages\flutter\lib\src\widgets\sliver_persistent_header.dart,C:\flutter\packages\flutter\lib\src\widgets\sliver_prototype_extent_list.dart,C:\flutter\packages\flutter\lib\src\widgets\sliver_resizing_header.dart,C:\flutter\packages\flutter\lib\src\widgets\sliver_tree.dart,C:\flutter\packages\flutter\lib\src\widgets\slotted_render_object_widget.dart,C:\flutter\packages\flutter\lib\src\widgets\snapshot_widget.dart,C:\flutter\packages\flutter\lib\src\widgets\spacer.dart,C:\flutter\packages\flutter\lib\src\widgets\spell_check.dart,C:\flutter\packages\flutter\lib\src\widgets\standard_component_type.dart,C:\flutter\packages\flutter\lib\src\widgets\status_transitions.dart,C:\flutter\packages\flutter\lib\src\widgets\stretch_effect.dart,C:\flutter\packages\flutter\lib\src\widgets\system_context_menu.dart,C:\flutter\packages\flutter\lib\src\widgets\table.dart,C:\flutter\packages\flutter\lib\src\widgets\tap_region.dart,C:\flutter\packages\flutter\lib\src\widgets\text.dart,C:\flutter\packages\flutter\lib\src\widgets\text_editing_intents.dart,C:\flutter\packages\flutter\lib\src\widgets\text_selection.dart,C:\flutter\packages\flutter\lib\src\widgets\text_selection_toolbar_anchors.dart,C:\flutter\packages\flutter\lib\src\widgets\text_selection_toolbar_layout_delegate.dart,C:\flutter\packages\flutter\lib\src\widgets\texture.dart,C:\flutter\packages\flutter\lib\src\widgets\ticker_provider.dart,C:\flutter\packages\flutter\lib\src\widgets\title.dart,C:\flutter\packages\flutter\lib\src\widgets\toggleable.dart,C:\flutter\packages\flutter\lib\src\widgets\transitions.dart,C:\flutter\packages\flutter\lib\src\widgets\tween_animation_builder.dart,C:\flutter\packages\flutter\lib\src\widgets\two_dimensional_scroll_view.dart,C:\flutter\packages\flutter\lib\src\widgets\two_dimensional_viewport.dart,C:\flutter\packages\flutter\lib\src\widgets\undo_history.dart,C:\flutter\packages\flutter\lib\src\widgets\unique_widget.dart,C:\flutter\packages\flutter\lib\src\widgets\value_listenable_builder.dart,C:\flutter\packages\flutter\lib\src\widgets\view.dart,C:\flutter\packages\flutter\lib\src\widgets\viewport.dart,C:\flutter\packages\flutter\lib\src\widgets\visibility.dart,C:\flutter\packages\flutter\lib\src\widgets\widget_inspector.dart,C:\flutter\packages\flutter\lib\src\widgets\widget_span.dart,C:\flutter\packages\flutter\lib\src\widgets\widget_state.dart,C:\flutter\packages\flutter\lib\src\widgets\will_pop_scope.dart,C:\Users\loure\AppData\Local\Pub\Cache\hosted\pub.dev\intl-0.20.2\lib\intl.dart,C:\app\src\project\innovative\lib\utils\pdf_generator.dart,C:\flutter\packages\flutter\lib\src\cupertino\activity_indicator.dart,C:\flutter\packages\flutter\lib\src\cupertino\adaptive_text_selection_toolbar.dart,C:\flutter\packages\flutter\lib\src\cupertino\app.dart,C:\flutter\packages\flutter\lib\src\cupertino\bottom_tab_bar.dart,C:\flutter\packages\flutter\lib\src\cupertino\button.dart,C:\flutter\packages\flutter\lib\src\cupertino\checkbox.dart,C:\flutter\packages\flutter\lib\src\cupertino\colors.dart,C:\flutter\packages\flutter\lib\src\cupertino\constants.dart,C:\flutter\packages\flutter\lib\src\cupertino\context_menu.dart,C:\flutter\packages\flutter\lib\src\cupertino\context_menu_action.dart,C:\flutter\packages\flutter\lib\src\cupertino\date_picker.dart,C:\flutter\packages\flutter\lib\src\cupertino\debug.dart,C:\flutter\packages\flutter\lib\src\cupertino\desktop_text_selection.dart,C:\flutter\packages\flutter\lib\src\cupertino\desktop_text_selection_toolbar.dart,C:\flutter\packages\flutter\lib\src\cupertino\desktop_text_selection_toolbar_button.dart,C:\flutter\packages\flutter\lib\src\cupertino\dialog.dart,C:\flutter\packages\flutter\lib\src\cupertino\expansion_tile.dart,C:\flutter\packages\flutter\lib\src\cupertino\form_row.dart,C:\flutter\packages\flutter\lib\src\cupertino\form_section.dart,C:\flutter\packages\flutter\lib\src\cupertino\icon_theme_data.dart,C:\flutter\packages\flutter\lib\src\cupertino\icons.dart,C:\flutter\packages\flutter\lib\src\cupertino\interface_level.dart,C:\flutter\packages\flutter\lib\src\cupertino\list_section.dart,C:\flutter\packages\flutter\lib\src\cupertino\list_tile.dart,C:\flutter\packages\flutter\lib\src\cupertino\localizations.dart,C:\flutter\packages\flutter\lib\src\cupertino\magnifier.dart,C:\flutter\packages\flutter\lib\src\cupertino\nav_bar.dart,C:\flutter\packages\flutter\lib\src\cupertino\page_scaffold.dart,C:\flutter\packages\flutter\lib\src\cupertino\picker.dart,C:\flutter\packages\flutter\lib\src\cupertino\radio.dart,C:\flutter\packages\flutter\lib\src\cupertino\refresh.dart,C:\flutter\packages\flutter\lib\src\cupertino\route.dart,C:\flutter\packages\flutter\lib\src\cupertino\scrollbar.dart,C:\flutter\packages\flutter\lib\src\cupertino\search_field.dart,C:\flutter\packages\flutter\lib\src\cupertino\segmented_control.dart,C:\flutter\packages\flutter\lib\src\cupertino\sheet.dart,C:\flutter\packages\flutter\lib\src\cupertino\slider.dart,C:\flutter\packages\flutter\lib\src\cupertino\sliding_segmented_control.dart,C:\flutter\packages\flutter\lib\src\cupertino\spell_check_suggestions_toolbar.dart,C:\flutter\packages\flutter\lib\src\cupertino\switch.dart,C:\flutter\packages\flutter\lib\src\cupertino\tab_scaffold.dart,C:\flutter\packages\flutter\lib\src\cupertino\tab_view.dart,C:\flutter\packages\flutter\lib\src\cupertino\text_field.dart,C:\flutter\packages\flutter\lib\src\cupertino\text_form_field_row.dart,C:\flutter\packages\flutter\lib\src\cupertino\text_selection.dart,C:\flutter\packages\flutter\lib\src\cupertino\text_selection_toolbar.dart,C:\flutter\packages\flutter\lib\src\cupertino\text_selection_toolbar_button.dart,C:\flutter\packages\flutter\lib\src\cupertino\text_theme.dart,C:\flutter\packages\flutter\lib\src\cupertino\theme.dart,C:\flutter\packages\flutter\lib\src\cupertino\thumb_painter.dart,C:\Users\loure\AppData\Local\Pub\Cache\hosted\pub.dev\meta-1.17.0\lib\meta.dart,C:\flutter\packages\flutter\lib\src\foundation\annotations.dart,C:\flutter\packages\flutter\lib\src\foundation\assertions.dart,C:\flutter\packages\flutter\lib\src\foundation\basic_types.dart,C:\flutter\packages\flutter\lib\src\foundation\binding.dart,C:\flutter\packages\flutter\lib\src\foundation\bitfield.dart,C:\flutter\packages\flutter\lib\src\foundation\capabilities.dart,C:\flutter\packages\flutter\lib\src\foundation\change_notifier.dart,C:\flutter\packages\flutter\lib\src\foundation\collections.dart,C:\flutter\packages\flutter\lib\src\foundation\consolidate_response.dart,C:\flutter\packages\flutter\lib\src\foundation\constants.dart,C:\flutter\packages\flutter\lib\src\foundation\debug.dart,C:\flutter\packages\flutter\lib\src\foundation\diagnostics.dart,C:\flutter\packages\flutter\lib\src\foundation\isolates.dart,C:\flutter\packages\flutter\lib\src\foundation\key.dart,C:\flutter\packages\flutter\lib\src\foundation\licenses.dart,C:\flutter\packages\flutter\lib\src\foundation\memory_allocations.dart,C:\flutter\packages\flutter\lib\src\foundation\node.dart,C:\flutter\packages\flutter\lib\src\foundation\object.dart,C:\flutter\packages\flutter\lib\src\foundation\observer_list.dart,C:\flutter\packages\flutter\lib\src\foundation\persistent_hash_map.dart,C:\flutter\packages\flutter\lib\src\foundation\platform.dart,C:\flutter\packages\flutter\lib\src\foundation\print.dart,C:\flutter\packages\flutter\lib\src\foundation\serialization.dart,C:\flutter\packages\flutter\lib\src\foundation\service_extensions.dart,C:\flutter\packages\flutter\lib\src\foundation\stack_frame.dart,C:\flutter\packages\flutter\lib\src\foundation\synchronous_future.dart,C:\flutter\packages\flutter\lib\src\foundation\timeline.dart,C:\flutter\packages\flutter\lib\src\foundation\unicode.dart,C:\flutter\packages\flutter\lib\src\scheduler\binding.dart,C:\flutter\packages\flutter\lib\src\scheduler\debug.dart,C:\flutter\packages\flutter\lib\src\scheduler\priority.dart,C:\flutter\packages\flutter\lib\src\scheduler\service_extensions.dart,C:\flutter\packages\flutter\lib\src\scheduler\ticker.dart,C:\flutter\packages\flutter\lib\semantics.dart,C:\flutter\packages\flutter\lib\src\rendering\animated_size.dart,C:\flutter\packages\flutter\lib\src\rendering\binding.dart,C:\flutter\packages\flutter\lib\src\rendering\box.dart,C:\flutter\packages\flutter\lib\src\rendering\custom_layout.dart,C:\flutter\packages\flutter\lib\src\rendering\custom_paint.dart,C:\flutter\packages\flutter\lib\src\rendering\debug.dart,C:\flutter\packages\flutter\lib\src\rendering\debug_overflow_indicator.dart,C:\flutter\packages\flutter\lib\src\rendering\decorated_sliver.dart,C:\flutter\packages\flutter\lib\src\rendering\editable.dart,C:\flutter\packages\flutter\lib\src\rendering\error.dart,C:\flutter\packages\flutter\lib\src\rendering\flex.dart,C:\flutter\packages\flutter\lib\src\rendering\flow.dart,C:\flutter\packages\flutter\lib\src\rendering\image.dart,C:\flutter\packages\flutter\lib\src\rendering\layer.dart,C:\flutter\packages\flutter\lib\src\rendering\layout_helper.dart,C:\flutter\packages\flutter\lib\src\rendering\list_body.dart,C:\flutter\packages\flutter\lib\src\rendering\list_wheel_viewport.dart,C:\flutter\packages\flutter\lib\src\rendering\mouse_tracker.dart,C:\flutter\packages\flutter\lib\src\rendering\object.dart,C:\flutter\packages\flutter\lib\src\rendering\paragraph.dart,C:\flutter\packages\flutter\lib\src\rendering\performance_overlay.dart,C:\flutter\packages\flutter\lib\src\rendering\platform_view.dart,C:\flutter\packages\flutter\lib\src\rendering\proxy_box.dart,C:\flutter\packages\flutter\lib\src\rendering\proxy_sliver.dart,C:\flutter\packages\flutter\lib\src\rendering\rotated_box.dart,C:\flutter\packages\flutter\lib\src\rendering\selection.dart,C:\flutter\packages\flutter\lib\src\rendering\service_extensions.dart,C:\flutter\packages\flutter\lib\src\rendering\shifted_box.dart,C:\flutter\packages\flutter\lib\src\rendering\sliver.dart,C:\flutter\packages\flutter\lib\src\rendering\sliver_fill.dart,C:\flutter\packages\flutter\lib\src\rendering\sliver_fixed_extent_list.dart,C:\flutter\packages\flutter\lib\src\rendering\sliver_grid.dart,C:\flutter\packages\flutter\lib\src\rendering\sliver_group.dart,C:\flutter\packages\flutter\lib\src\rendering\sliver_list.dart,C:\flutter\packages\flutter\lib\src\rendering\sliver_multi_box_adaptor.dart,C:\flutter\packages\flutter\lib\src\rendering\sliver_padding.dart,C:\flutter\packages\flutter\lib\src\rendering\sliver_persistent_header.dart,C:\flutter\packages\flutter\lib\src\rendering\sliver_tree.dart,C:\flutter\packages\flutter\lib\src\rendering\stack.dart,C:\flutter\packages\flutter\lib\src\rendering\table.dart,C:\flutter\packages\flutter\lib\src\rendering\table_border.dart,C:\flutter\packages\flutter\lib\src\rendering\texture.dart,C:\flutter\packages\flutter\lib\src\rendering\tweens.dart,C:\flutter\packages\flutter\lib\src\rendering\view.dart,C:\flutter\packages\flutter\lib\src\rendering\viewport.dart,C:\flutter\packages\flutter\lib\src\rendering\viewport_offset.dart,C:\flutter\packages\flutter\lib\src\rendering\wrap.dart,C:\flutter\packages\flutter\lib\src\services\asset_bundle.dart,C:\flutter\packages\flutter\lib\src\services\asset_manifest.dart,C:\flutter\packages\flutter\lib\src\services\autofill.dart,C:\flutter\packages\flutter\lib\src\services\binary_messenger.dart,C:\flutter\packages\flutter\lib\src\services\binding.dart,C:\flutter\packages\flutter\lib\src\services\browser_context_menu.dart,C:\flutter\packages\flutter\lib\src\services\clipboard.dart,C:\flutter\packages\flutter\lib\src\services\debug.dart,C:\flutter\packages\flutter\lib\src\services\deferred_component.dart,C:\flutter\packages\flutter\lib\src\services\flavor.dart,C:\flutter\packages\flutter\lib\src\services\flutter_version.dart,C:\flutter\packages\flutter\lib\src\services\font_loader.dart,C:\flutter\packages\flutter\lib\src\services\haptic_feedback.dart,C:\flutter\packages\flutter\lib\src\services\hardware_keyboard.dart,C:\flutter\packages\flutter\lib\src\services\keyboard_inserted_content.dart,C:\flutter\packages\flutter\lib\src\services\keyboard_key.g.dart,C:\flutter\packages\flutter\lib\src\services\keyboard_maps.g.dart,C:\flutter\packages\flutter\lib\src\services\live_text.dart,C:\flutter\packages\flutter\lib\src\services\message_codec.dart,C:\flutter\packages\flutter\lib\src\services\message_codecs.dart,C:\flutter\packages\flutter\lib\src\services\mouse_cursor.dart,C:\flutter\packages\flutter\lib\src\services\mouse_tracking.dart,C:\flutter\packages\flutter\lib\src\services\platform_channel.dart,C:\flutter\packages\flutter\lib\src\services\platform_views.dart,C:\flutter\packages\flutter\lib\src\services\predictive_back_event.dart,C:\flutter\packages\flutter\lib\src\services\process_text.dart,C:\flutter\packages\flutter\lib\src\services\raw_keyboard.dart,C:\flutter\packages\flutter\lib\src\services\raw_keyboard_android.dart,C:\flutter\packages\flutter\lib\src\services\raw_keyboard_fuchsia.dart,C:\flutter\packages\flutter\lib\src\services\raw_keyboard_ios.dart,C:\flutter\packages\flutter\lib\src\services\raw_keyboard_linux.dart,C:\flutter\packages\flutter\lib\src\services\raw_keyboard_macos.dart,C:\flutter\packages\flutter\lib\src\services\raw_keyboard_web.dart,C:\flutter\packages\flutter\lib\src\services\raw_keyboard_windows.dart,C:\flutter\packages\flutter\lib\src\services\restoration.dart,C:\flutter\packages\flutter\lib\src\services\scribe.dart,C:\flutter\packages\flutter\lib\src\services\sensitive_content.dart,C:\flutter\packages\flutter\lib\src\services\service_extensions.dart,C:\flutter\packages\flutter\lib\src\services\spell_check.dart,C:\flutter\packages\flutter\lib\src\services\system_channels.dart,C:\flutter\packages\flutter\lib\src\services\system_chrome.dart,C:\flutter\packages\flutter\lib\src\services\system_navigator.dart,C:\flutter\packages\flutter\lib\src\services\system_sound.dart,C:\flutter\packages\flutter\lib\src\services\text_boundary.dart,C:\flutter\packages\flutter\lib\src\services\text_editing.dart,C:\flutter\packages\flutter\lib\src\services\text_editing_delta.dart,C:\flutter\packages\flutter\lib\src\services\text_formatter.dart,C:\flutter\packages\flutter\lib\src\services\text_input.dart,C:\flutter\packages\flutter\lib\src\services\text_layout_metrics.dart,C:\flutter\packages\flutter\lib\src\services\undo_manager.dart,C:\flutter\packages\flutter\lib\src\animation\animation.dart,C:\flutter\packages\flutter\lib\src\animation\animation_controller.dart,C:\flutter\packages\flutter\lib\src\animation\animation_style.dart,C:\flutter\packages\flutter\lib\src\animation\animations.dart,C:\flutter\packages\flutter\lib\src\animation\curves.dart,C:\flutter\packages\flutter\lib\src\animation\listener_helpers.dart,C:\flutter\packages\flutter\lib\src\animation\tween.dart,C:\flutter\packages\flutter\lib\src\animation\tween_sequence.dart,C:\Users\loure\AppData\Local\Pub\Cache\hosted\pub.dev\vector_math-2.2.0\lib\src\vector_math_64\aabb2.dart,C:\Users\loure\AppData\Local\Pub\Cache\hosted\pub.dev\vector_math-2.2.0\lib\src\vector_math_64\aabb3.dart,C:\Users\loure\AppData\Local\Pub\Cache\hosted\pub.dev\vector_math-2.2.0\lib\src\vector_math_64\colors.dart,C:\Users\loure\AppData\Local\Pub\Cache\hosted\pub.dev\vector_math-2.2.0\lib\src\vector_math_64\constants.dart,C:\Users\loure\AppData\Local\Pub\Cache\hosted\pub.dev\vector_math-2.2.0\lib\src\vector_math_64\error_helpers.dart,C:\Users\loure\AppData\Local\Pub\Cache\hosted\pub.dev\vector_math-2.2.0\lib\src\vector_math_64\frustum.dart,C:\Users\loure\AppData\Local\Pub\Cache\hosted\pub.dev\vector_math-2.2.0\lib\src\vector_math_64\intersection_result.dart,C:\Users\loure\AppData\Local\Pub\Cache\hosted\pub.dev\vector_math-2.2.0\lib\src\vector_math_64\matrix2.dart,C:\Users\loure\AppData\Local\Pub\Cache\hosted\pub.dev\vector_math-2.2.0\lib\src\vector_math_64\matrix3.dart,C:\Users\loure\AppData\Local\Pub\Cache\hosted\pub.dev\vector_math-2.2.0\lib\src\vector_math_64\matrix4.dart,C:\Users\loure\AppData\Local\Pub\Cache\hosted\pub.dev\vector_math-2.2.0\lib\src\vector_math_64\noise.dart,C:\Users\loure\AppData\Local\Pub\Cache\hosted\pub.dev\vector_math-2.2.0\lib\src\vector_math_64\obb3.dart,C:\Users\loure\AppData\Local\Pub\Cache\hosted\pub.dev\vector_math-2.2.0\lib\src\vector_math_64\opengl.dart,C:\Users\loure\AppData\Local\Pub\Cache\hosted\pub.dev\vector_math-2.2.0\lib\src\vector_math_64\plane.dart,C:\Users\loure\AppData\Local\Pub\Cache\hosted\pub.dev\vector_math-2.2.0\lib\src\vector_math_64\quad.dart,C:\Users\loure\AppData\Local\Pub\Cache\hosted\pub.dev\vector_math-2.2.0\lib\src\vector_math_64\quaternion.dart,C:\Users\loure\AppData\Local\Pub\Cache\hosted\pub.dev\vector_math-2.2.0\lib\src\vector_math_64\ray.dart,C:\Users\loure\AppData\Local\Pub\Cache\hosted\pub.dev\vector_math-2.2.0\lib\src\vector_math_64\sphere.dart,C:\Users\loure\AppData\Local\Pub\Cache\hosted\pub.dev\vector_math-2.2.0\lib\src\vector_math_64\triangle.dart,C:\Users\loure\AppData\Local\Pub\Cache\hosted\pub.dev\vector_math-2.2.0\lib\src\vector_math_64\utilities.dart,C:\Users\loure\AppData\Local\Pub\Cache\hosted\pub.dev\vector_math-2.2.0\lib\src\vector_math_64\vector.dart,C:\Users\loure\AppData\Local\Pub\Cache\hosted\pub.dev\vector_math-2.2.0\lib\src\vector_math_64\vector2.dart,C:\Users\loure\AppData\Local\Pub\Cache\hosted\pub.dev\vector_math-2.2.0\lib\src\vector_math_64\vector3.dart,C:\Users\loure\AppData\Local\Pub\Cache\hosted\pub.dev\vector_math-2.2.0\lib\src\vector_math_64\vector4.dart,C:\flutter\packages\flutter\lib\src\gestures\arena.dart,C:\flutter\packages\flutter\lib\src\gestures\binding.dart,C:\flutter\packages\flutter\lib\src\gestures\constants.dart,C:\flutter\packages\flutter\lib\src\gestures\converter.dart,C:\flutter\packages\flutter\lib\src\gestures\debug.dart,C:\flutter\packages\flutter\lib\src\gestures\drag.dart,C:\flutter\packages\flutter\lib\src\gestures\drag_details.dart,C:\flutter\packages\flutter\lib\src\gestures\eager.dart,C:\flutter\packages\flutter\lib\src\gestures\events.dart,C:\flutter\packages\flutter\lib\src\gestures\force_press.dart,C:\flutter\packages\flutter\lib\src\gestures\gesture_details.dart,C:\flutter\packages\flutter\lib\src\gestures\gesture_settings.dart,C:\flutter\packages\flutter\lib\src\gestures\hit_test.dart,C:\flutter\packages\flutter\lib\src\gestures\long_press.dart,C:\flutter\packages\flutter\lib\src\gestures\lsq_solver.dart,C:\flutter\packages\flutter\lib\src\gestures\monodrag.dart,C:\flutter\packages\flutter\lib\src\gestures\multidrag.dart,C:\flutter\packages\flutter\lib\src\gestures\multitap.dart,C:\flutter\packages\flutter\lib\src\gestures\pointer_router.dart,C:\flutter\packages\flutter\lib\src\gestures\pointer_signal_resolver.dart,C:\flutter\packages\flutter\lib\src\gestures\recognizer.dart,C:\flutter\packages\flutter\lib\src\gestures\resampler.dart,C:\flutter\packages\flutter\lib\src\gestures\scale.dart,C:\flutter\packages\flutter\lib\src\gestures\tap.dart,C:\flutter\packages\flutter\lib\src\gestures\tap_and_drag.dart,C:\flutter\packages\flutter\lib\src\gestures\team.dart,C:\flutter\packages\flutter\lib\src\gestures\velocity_tracker.dart,C:\Users\loure\AppData\Local\Pub\Cache\hosted\pub.dev\collection-1.19.1\lib\src\algorithms.dart,C:\Users\loure\AppData\Local\Pub\Cache\hosted\pub.dev\collection-1.19.1\lib\src\boollist.dart,C:\Users\loure\AppData\Local\Pub\Cache\hosted\pub.dev\collection-1.19.1\lib\src\canonicalized_map.dart,C:\Users\loure\AppData\Local\Pub\Cache\hosted\pub.dev\collection-1.19.1\lib\src\combined_wrappers\combined_iterable.dart,C:\Users\loure\AppData\Local\Pub\Cache\hosted\pub.dev\collection-1.19.1\lib\src\combined_wrappers\combined_list.dart,C:\Users\loure\AppData\Local\Pub\Cache\hosted\pub.dev\collection-1.19.1\lib\src\combined_wrappers\combined_map.dart,C:\Users\loure\AppData\Local\Pub\Cache\hosted\pub.dev\collection-1.19.1\lib\src\comparators.dart,C:\Users\loure\AppData\Local\Pub\Cache\hosted\pub.dev\collection-1.19.1\lib\src\equality.dart,C:\Users\loure\AppData\Local\Pub\Cache\hosted\pub.dev\collection-1.19.1\lib\src\equality_map.dart,C:\Users\loure\AppData\Local\Pub\Cache\hosted\pub.dev\collection-1.19.1\lib\src\equality_set.dart,C:\Users\loure\AppData\Local\Pub\Cache\hosted\pub.dev\collection-1.19.1\lib\src\functions.dart,C:\Users\loure\AppData\Local\Pub\Cache\hosted\pub.dev\collection-1.19.1\lib\src\iterable_extensions.dart,C:\Users\loure\AppData\Local\Pub\Cache\hosted\pub.dev\collection-1.19.1\lib\src\iterable_zip.dart,C:\Users\loure\AppData\Local\Pub\Cache\hosted\pub.dev\collection-1.19.1\lib\src\list_extensions.dart,C:\Users\loure\AppData\Local\Pub\Cache\hosted\pub.dev\collection-1.19.1\lib\src\priority_queue.dart,C:\Users\loure\AppData\Local\Pub\Cache\hosted\pub.dev\collection-1.19.1\lib\src\queue_list.dart,C:\Users\loure\AppData\Local\Pub\Cache\hosted\pub.dev\collection-1.19.1\lib\src\union_set.dart,C:\Users\loure\AppData\Local\Pub\Cache\hosted\pub.dev\collection-1.19.1\lib\src\union_set_controller.dart,C:\Users\loure\AppData\Local\Pub\Cache\hosted\pub.dev\collection-1.19.1\lib\src\unmodifiable_wrappers.dart,C:\Users\loure\AppData\Local\Pub\Cache\hosted\pub.dev\collection-1.19.1\lib\src\wrappers.dart,C:\Users\loure\AppData\Local\Pub\Cache\hosted\pub.dev\material_color_utilities-0.11.1\lib\blend\blend.dart,C:\Users\loure\AppData\Local\Pub\Cache\hosted\pub.dev\material_color_utilities-0.11.1\lib\contrast\contrast.dart,C:\Users\loure\AppData\Local\Pub\Cache\hosted\pub.dev\material_color_utilities-0.11.1\lib\dislike\dislike_analyzer.dart,C:\Users\loure\AppData\Local\Pub\Cache\hosted\pub.dev\material_color_utilities-0.11.1\lib\dynamiccolor\dynamic_color.dart,C:\Users\loure\AppData\Local\Pub\Cache\hosted\pub.dev\material_color_utilities-0.11.1\lib\dynamiccolor\dynamic_scheme.dart,C:\Users\loure\AppData\Local\Pub\Cache\hosted\pub.dev\material_color_utilities-0.11.1\lib\dynamiccolor\material_dynamic_colors.dart,C:\Users\loure\AppData\Local\Pub\Cache\hosted\pub.dev\material_color_utilities-0.11.1\lib\dynamiccolor\variant.dart,C:\Users\loure\AppData\Local\Pub\Cache\hosted\pub.dev\material_color_utilities-0.11.1\lib\hct\cam16.dart,C:\Users\loure\AppData\Local\Pub\Cache\hosted\pub.dev\material_color_utilities-0.11.1\lib\hct\hct.dart,C:\Users\loure\AppData\Local\Pub\Cache\hosted\pub.dev\material_color_utilities-0.11.1\lib\hct\viewing_conditions.dart,C:\Users\loure\AppData\Local\Pub\Cache\hosted\pub.dev\material_color_utilities-0.11.1\lib\palettes\core_palette.dart,C:\Users\loure\AppData\Local\Pub\Cache\hosted\pub.dev\material_color_utilities-0.11.1\lib\palettes\tonal_palette.dart,C:\Users\loure\AppData\Local\Pub\Cache\hosted\pub.dev\material_color_utilities-0.11.1\lib\quantize\quantizer.dart,C:\Users\loure\AppData\Local\Pub\Cache\hosted\pub.dev\material_color_utilities-0.11.1\lib\quantize\quantizer_celebi.dart,C:\Users\loure\AppData\Local\Pub\Cache\hosted\pub.dev\material_color_utilities-0.11.1\lib\quantize\quantizer_map.dart,C:\Users\loure\AppData\Local\Pub\Cache\hosted\pub.dev\material_color_utilities-0.11.1\lib\quantize\quantizer_wsmeans.dart,C:\Users\loure\AppData\Local\Pub\Cache\hosted\pub.dev\material_color_utilities-0.11.1\lib\quantize\quantizer_wu.dart,C:\Users\loure\AppData\Local\Pub\Cache\hosted\pub.dev\material_color_utilities-0.11.1\lib\scheme\scheme.dart,C:\Users\loure\AppData\Local\Pub\Cache\hosted\pub.dev\material_color_utilities-0.11.1\lib\scheme\scheme_content.dart,C:\Users\loure\AppData\Local\Pub\Cache\hosted\pub.dev\material_color_utilities-0.11.1\lib\scheme\scheme_expressive.dart,C:\Users\loure\AppData\Local\Pub\Cache\hosted\pub.dev\material_color_utilities-0.11.1\lib\scheme\scheme_fidelity.dart,C:\Users\loure\AppData\Local\Pub\Cache\hosted\pub.dev\material_color_utilities-0.11.1\lib\scheme\scheme_fruit_salad.dart,C:\Users\loure\AppData\Local\Pub\Cache\hosted\pub.dev\material_color_utilities-0.11.1\lib\scheme\scheme_monochrome.dart,C:\Users\loure\AppData\Local\Pub\Cache\hosted\pub.dev\material_color_utilities-0.11.1\lib\scheme\scheme_neutral.dart,C:\Users\loure\AppData\Local\Pub\Cache\hosted\pub.dev\material_color_utilities-0.11.1\lib\scheme\scheme_rainbow.dart,C:\Users\loure\AppData\Local\Pub\Cache\hosted\pub.dev\material_color_utilities-0.11.1\lib\scheme\scheme_tonal_spot.dart,C:\Users\loure\AppData\Local\Pub\Cache\hosted\pub.dev\material_color_utilities-0.11.1\lib\scheme\scheme_vibrant.dart,C:\Users\loure\AppData\Local\Pub\Cache\hosted\pub.dev\material_color_utilities-0.11.1\lib\score\score.dart,C:\Users\loure\AppData\Local\Pub\Cache\hosted\pub.dev\material_color_utilities-0.11.1\lib\temperature\temperature_cache.dart,C:\Users\loure\AppData\Local\Pub\Cache\hosted\pub.dev\material_color_utilities-0.11.1\lib\utils\color_utils.dart,C:\Users\loure\AppData\Local\Pub\Cache\hosted\pub.dev\material_color_utilities-0.11.1\lib\utils\math_utils.dart,C:\Users\loure\AppData\Local\Pub\Cache\hosted\pub.dev\material_color_utilities-0.11.1\lib\utils\string_utils.dart,C:\flutter\packages\flutter\lib\src\painting\alignment.dart,C:\flutter\packages\flutter\lib\src\painting\basic_types.dart,C:\flutter\packages\flutter\lib\src\painting\beveled_rectangle_border.dart,C:\flutter\packages\flutter\lib\src\painting\binding.dart,C:\flutter\packages\flutter\lib\src\painting\border_radius.dart,C:\flutter\packages\flutter\lib\src\painting\borders.dart,C:\flutter\packages\flutter\lib\src\painting\box_border.dart,C:\flutter\packages\flutter\lib\src\painting\box_decoration.dart,C:\flutter\packages\flutter\lib\src\painting\box_fit.dart,C:\flutter\packages\flutter\lib\src\painting\box_shadow.dart,C:\flutter\packages\flutter\lib\src\painting\circle_border.dart,C:\flutter\packages\flutter\lib\src\painting\clip.dart,C:\flutter\packages\flutter\lib\src\painting\colors.dart,C:\flutter\packages\flutter\lib\src\painting\continuous_rectangle_border.dart,C:\flutter\packages\flutter\lib\src\painting\debug.dart,C:\flutter\packages\flutter\lib\src\painting\decoration.dart,C:\flutter\packages\flutter\lib\src\painting\decoration_image.dart,C:\flutter\packages\flutter\lib\src\painting\edge_insets.dart,C:\flutter\packages\flutter\lib\src\painting\flutter_logo.dart,C:\flutter\packages\flutter\lib\src\painting\fractional_offset.dart,C:\flutter\packages\flutter\lib\src\painting\geometry.dart,C:\flutter\packages\flutter\lib\src\painting\gradient.dart,C:\flutter\packages\flutter\lib\src\painting\image_cache.dart,C:\flutter\packages\flutter\lib\src\painting\image_decoder.dart,C:\flutter\packages\flutter\lib\src\painting\image_provider.dart,C:\flutter\packages\flutter\lib\src\painting\image_resolution.dart,C:\flutter\packages\flutter\lib\src\painting\image_stream.dart,C:\flutter\packages\flutter\lib\src\painting\inline_span.dart,C:\flutter\packages\flutter\lib\src\painting\linear_border.dart,C:\flutter\packages\flutter\lib\src\painting\matrix_utils.dart,C:\flutter\packages\flutter\lib\src\painting\notched_shapes.dart,C:\flutter\packages\flutter\lib\src\painting\oval_border.dart,C:\flutter\packages\flutter\lib\src\painting\paint_utilities.dart,C:\flutter\packages\flutter\lib\src\painting\placeholder_span.dart,C:\flutter\packages\flutter\lib\src\painting\rounded_rectangle_border.dart,C:\flutter\packages\flutter\lib\src\painting\shader_warm_up.dart,C:\flutter\packages\flutter\lib\src\painting\shape_decoration.dart,C:\flutter\packages\flutter\lib\src\painting\stadium_border.dart,C:\flutter\packages\flutter\lib\src\painting\star_border.dart,C:\flutter\packages\flutter\lib\src\painting\strut_style.dart,C:\flutter\packages\flutter\lib\src\painting\text_painter.dart,C:\flutter\packages\flutter\lib\src\painting\text_scaler.dart,C:\flutter\packages\flutter\lib\src\painting\text_span.dart,C:\flutter\packages\flutter\lib\src\painting\text_style.dart,C:\Users\loure\AppData\Local\Pub\Cache\hosted\pub.dev\characters-1.4.0\lib\src\characters.dart,C:\Users\loure\AppData\Local\Pub\Cache\hosted\pub.dev\characters-1.4.0\lib\src\extensions.dart,C:\flutter\packages\flutter\lib\src\widgets\constants.dart,C:\flutter\packages\flutter\lib\src\foundation\_features.dart,C:\flutter\packages\flutter\lib\src\widgets\_window.dart,C:\flutter\packages\flutter\lib\src\widgets\_web_browser_detection_io.dart,C:\flutter\packages\flutter\lib\src\painting\_web_image_info_io.dart,C:\flutter\packages\flutter\lib\src\widgets\_web_image_io.dart,C:\flutter\packages\flutter\lib\physics.dart,C:\flutter\packages\flutter\lib\src\widgets\_platform_selectable_region_context_menu_io.dart,C:\flutter\packages\flutter\lib\src\widgets\_html_element_view_io.dart,C:\Users\loure\AppData\Local\Pub\Cache\hosted\pub.dev\meta-1.17.0\lib\meta_meta.dart,C:\Users\loure\AppData\Local\Pub\Cache\hosted\pub.dev\intl-0.20.2\lib\src\global_state.dart,C:\Users\loure\AppData\Local\Pub\Cache\hosted\pub.dev\intl-0.20.2\lib\src\intl\date_format.dart,C:\Users\loure\AppData\Local\Pub\Cache\hosted\pub.dev\intl-0.20.2\lib\src\intl_helpers.dart,C:\Users\loure\AppData\Local\Pub\Cache\hosted\pub.dev\intl-0.20.2\lib\src\plural_rules.dart,C:\Users\loure\AppData\Local\Pub\Cache\hosted\pub.dev\intl-0.20.2\lib\src\intl\bidi.dart,C:\Users\loure\AppData\Local\Pub\Cache\hosted\pub.dev\intl-0.20.2\lib\src\intl\bidi_formatter.dart,C:\Users\loure\AppData\Local\Pub\Cache\hosted\pub.dev\intl-0.20.2\lib\src\intl\micro_money.dart,C:\Users\loure\AppData\Local\Pub\Cache\hosted\pub.dev\intl-0.20.2\lib\src\intl\number_format.dart,C:\Users\loure\AppData\Local\Pub\Cache\hosted\pub.dev\intl-0.20.2\lib\src\intl\number_parser_base.dart,C:\Users\loure\AppData\Local\Pub\Cache\hosted\pub.dev\intl-0.20.2\lib\src\intl\text_direction.dart,C:\Users\loure\AppData\Local\Pub\Cache\hosted\pub.dev\pdf-3.10.8\lib\pdf.dart,C:\Users\loure\AppData\Local\Pub\Cache\hosted\pub.dev\pdf-3.10.8\lib\widgets.dart,C:\Users\loure\AppData\Local\Pub\Cache\hosted\pub.dev\printing-5.11.0\lib\printing.dart,C:\flutter\packages\flutter\lib\src\foundation\_bitfield_io.dart,C:\flutter\packages\flutter\lib\src\foundation\_capabilities_io.dart,C:\flutter\packages\flutter\lib\src\foundation\_isolates_io.dart,C:\flutter\packages\flutter\lib\src\foundation\_platform_io.dart,C:\flutter\packages\flutter\lib\src\foundation\_timeline_io.dart,C:\flutter\packages\flutter\lib\src\semantics\binding.dart,C:\flutter\packages\flutter\lib\src\semantics\debug.dart,C:\flutter\packages\flutter\lib\src\semantics\semantics.dart,C:\flutter\packages\flutter\lib\src\semantics\semantics_event.dart,C:\flutter\packages\flutter\lib\src\semantics\semantics_service.dart,C:\flutter\packages\flutter\lib\src\services\_background_isolate_binary_messenger_io.dart,C:\Users\loure\AppData\Local\Pub\Cache\hosted\pub.dev\collection-1.19.1\lib\src\utils.dart,C:\Users\loure\AppData\Local\Pub\Cache\hosted\pub.dev\collection-1.19.1\lib\src\combined_wrappers\combined_iterator.dart,C:\Users\loure\AppData\Local\Pub\Cache\hosted\pub.dev\collection-1.19.1\lib\src\empty_unmodifiable_set.dart,C:\Users\loure\AppData\Local\Pub\Cache\hosted\pub.dev\material_color_utilities-0.11.1\lib\dynamiccolor\src\contrast_curve.dart,C:\Users\loure\AppData\Local\Pub\Cache\hosted\pub.dev\material_color_utilities-0.11.1\lib\dynamiccolor\src\tone_delta_pair.dart,C:\Users\loure\AppData\Local\Pub\Cache\hosted\pub.dev\material_color_utilities-0.11.1\lib\hct\src\hct_solver.dart,C:\Users\loure\AppData\Local\Pub\Cache\hosted\pub.dev\material_color_utilities-0.11.1\lib\quantize\src\point_provider_lab.dart,C:\Users\loure\AppData\Local\Pub\Cache\hosted\pub.dev\material_color_utilities-0.11.1\lib\quantize\src\point_provider.dart,C:\flutter\packages\flutter\lib\src\painting\_network_image_io.dart,C:\Users\loure\AppData\Local\Pub\Cache\hosted\pub.dev\characters-1.4.0\lib\src\characters_impl.dart,C:\flutter\packages\flutter\lib\src\widgets\_window_io.dart,C:\flutter\packages\flutter\lib\src\physics\clamped_simulation.dart,C:\flutter\packages\flutter\lib\src\physics\friction_simulation.dart,C:\flutter\packages\flutter\lib\src\physics\gravity_simulation.dart,C:\flutter\packages\flutter\lib\src\physics\simulation.dart,C:\flutter\packages\flutter\lib\src\physics\spring_simulation.dart,C:\flutter\packages\flutter\lib\src\physics\tolerance.dart,C:\flutter\packages\flutter\lib\src\physics\utils.dart,C:\Users\loure\AppData\Local\Pub\Cache\hosted\pub.dev\intl-0.20.2\lib\date_symbols.dart,C:\Users\loure\AppData\Local\Pub\Cache\hosted\pub.dev\intl-0.20.2\lib\src\date_format_internal.dart,C:\Users\loure\AppData\Local\Pub\Cache\hosted\pub.dev\intl-0.20.2\lib\src\intl\constants.dart,C:\Users\loure\AppData\Local\Pub\Cache\hosted\pub.dev\intl-0.20.2\lib\src\intl\date_builder.dart,C:\Users\loure\AppData\Local\Pub\Cache\hosted\pub.dev\intl-0.20.2\lib\src\intl\date_computation.dart,C:\Users\loure\AppData\Local\Pub\Cache\hosted\pub.dev\intl-0.20.2\lib\src\intl\regexp.dart,C:\Users\loure\AppData\Local\Pub\Cache\hosted\pub.dev\intl-0.20.2\lib\src\intl\string_stack.dart,C:\Users\loure\AppData\Local\Pub\Cache\hosted\pub.dev\intl-0.20.2\lib\src\intl\date_format_field.dart,C:\Users\loure\AppData\Local\Pub\Cache\hosted\pub.dev\intl-0.20.2\lib\number_symbols.dart,C:\Users\loure\AppData\Local\Pub\Cache\hosted\pub.dev\intl-0.20.2\lib\number_symbols_data.dart,C:\Users\loure\AppData\Local\Pub\Cache\hosted\pub.dev\intl-0.20.2\lib\src\intl\number_format_parser.dart,C:\Users\loure\AppData\Local\Pub\Cache\hosted\pub.dev\intl-0.20.2\lib\src\intl\number_parser.dart,C:\Users\loure\AppData\Local\Pub\Cache\hosted\pub.dev\intl-0.20.2\lib\src\intl\compact_number_format.dart,C:\Users\loure\AppData\Local\Pub\Cache\hosted\pub.dev\pdf-3.10.8\lib\src\pdf\color.dart,C:\Users\loure\AppData\Local\Pub\Cache\hosted\pub.dev\pdf-3.10.8\lib\src\pdf\colors.dart,C:\Users\loure\AppData\Local\Pub\Cache\hosted\pub.dev\pdf-3.10.8\lib\src\pdf\document.dart,C:\Users\loure\AppData\Local\Pub\Cache\hosted\pub.dev\pdf-3.10.8\lib\src\pdf\document_parser.dart,C:\Users\loure\AppData\Local\Pub\Cache\hosted\pub.dev\pdf-3.10.8\lib\src\pdf\exif.dart,C:\Users\loure\AppData\Local\Pub\Cache\hosted\pub.dev\pdf-3.10.8\lib\src\pdf\font\font_metrics.dart,C:\Users\loure\AppData\Local\Pub\Cache\hosted\pub.dev\pdf-3.10.8\lib\src\pdf\font\ttf_parser.dart,C:\Users\loure\AppData\Local\Pub\Cache\hosted\pub.dev\pdf-3.10.8\lib\src\pdf\format\name.dart,C:\Users\loure\AppData\Local\Pub\Cache\hosted\pub.dev\pdf-3.10.8\lib\src\pdf\format\object_base.dart,C:\Users\loure\AppData\Local\Pub\Cache\hosted\pub.dev\pdf-3.10.8\lib\src\pdf\graphic_state.dart,C:\Users\loure\AppData\Local\Pub\Cache\hosted\pub.dev\pdf-3.10.8\lib\src\pdf\graphics.dart,C:\Users\loure\AppData\Local\Pub\Cache\hosted\pub.dev\pdf-3.10.8\lib\src\pdf\obj\annotation.dart,C:\Users\loure\AppData\Local\Pub\Cache\hosted\pub.dev\pdf-3.10.8\lib\src\pdf\obj\border.dart,C:\Users\loure\AppData\Local\Pub\Cache\hosted\pub.dev\pdf-3.10.8\lib\src\pdf\obj\encryption.dart,C:\Users\loure\AppData\Local\Pub\Cache\hosted\pub.dev\pdf-3.10.8\lib\src\pdf\obj\font.dart,C:\Users\loure\AppData\Local\Pub\Cache\hosted\pub.dev\pdf-3.10.8\lib\src\pdf\obj\function.dart,C:\Users\loure\AppData\Local\Pub\Cache\hosted\pub.dev\pdf-3.10.8\lib\src\pdf\obj\image.dart,C:\Users\loure\AppData\Local\Pub\Cache\hosted\pub.dev\pdf-3.10.8\lib\src\pdf\obj\info.dart,C:\Users\loure\AppData\Local\Pub\Cache\hosted\pub.dev\pdf-3.10.8\lib\src\pdf\obj\metadata.dart,C:\Users\loure\AppData\Local\Pub\Cache\hosted\pub.dev\pdf-3.10.8\lib\src\pdf\obj\outline.dart,C:\Users\loure\AppData\Local\Pub\Cache\hosted\pub.dev\pdf-3.10.8\lib\src\pdf\obj\page.dart,C:\Users\loure\AppData\Local\Pub\Cache\hosted\pub.dev\pdf-3.10.8\lib\src\pdf\obj\page_label.dart,C:\Users\loure\AppData\Local\Pub\Cache\hosted\pub.dev\pdf-3.10.8\lib\src\pdf\obj\pattern.dart,C:\Users\loure\AppData\Local\Pub\Cache\hosted\pub.dev\pdf-3.10.8\lib\src\pdf\obj\shading.dart,C:\Users\loure\AppData\Local\Pub\Cache\hosted\pub.dev\pdf-3.10.8\lib\src\pdf\obj\signature.dart,C:\Users\loure\AppData\Local\Pub\Cache\hosted\pub.dev\pdf-3.10.8\lib\src\pdf\obj\smask.dart,C:\Users\loure\AppData\Local\Pub\Cache\hosted\pub.dev\pdf-3.10.8\lib\src\pdf\obj\ttffont.dart,C:\Users\loure\AppData\Local\Pub\Cache\hosted\pub.dev\pdf-3.10.8\lib\src\pdf\page_format.dart,C:\Users\loure\AppData\Local\Pub\Cache\hosted\pub.dev\pdf-3.10.8\lib\src\pdf\point.dart,C:\Users\loure\AppData\Local\Pub\Cache\hosted\pub.dev\pdf-3.10.8\lib\src\pdf\raster.dart,C:\Users\loure\AppData\Local\Pub\Cache\hosted\pub.dev\pdf-3.10.8\lib\src\pdf\rect.dart,C:\Users\loure\AppData\Local\Pub\Cache\hosted\pub.dev\barcode-2.2.9\lib\barcode.dart,C:\Users\loure\AppData\Local\Pub\Cache\hosted\pub.dev\pdf-3.10.8\lib\src\widgets\annotations.dart,C:\Users\loure\AppData\Local\Pub\Cache\hosted\pub.dev\pdf-3.10.8\lib\src\widgets\barcode.dart,C:\Users\loure\AppData\Local\Pub\Cache\hosted\pub.dev\pdf-3.10.8\lib\src\widgets\basic.dart,C:\Users\loure\AppData\Local\Pub\Cache\hosted\pub.dev\pdf-3.10.8\lib\src\widgets\border_radius.dart,C:\Users\loure\AppData\Local\Pub\Cache\hosted\pub.dev\pdf-3.10.8\lib\src\widgets\box_border.dart,C:\Users\loure\AppData\Local\Pub\Cache\hosted\pub.dev\pdf-3.10.8\lib\src\widgets\chart\bar_chart.dart,C:\Users\loure\AppData\Local\Pub\Cache\hosted\pub.dev\pdf-3.10.8\lib\src\widgets\chart\chart.dart,C:\Users\loure\AppData\Local\Pub\Cache\hosted\pub.dev\pdf-3.10.8\lib\src\widgets\chart\grid_axis.dart,C:\Users\loure\AppData\Local\Pub\Cache\hosted\pub.dev\pdf-3.10.8\lib\src\widgets\chart\grid_cartesian.dart,C:\Users\loure\AppData\Local\Pub\Cache\hosted\pub.dev\pdf-3.10.8\lib\src\widgets\chart\grid_radial.dart,C:\Users\loure\AppData\Local\Pub\Cache\hosted\pub.dev\pdf-3.10.8\lib\src\widgets\chart\legend.dart,C:\Users\loure\AppData\Local\Pub\Cache\hosted\pub.dev\pdf-3.10.8\lib\src\widgets\chart\line_chart.dart,C:\Users\loure\AppData\Local\Pub\Cache\hosted\pub.dev\pdf-3.10.8\lib\src\widgets\chart\pie_chart.dart,C:\Users\loure\AppData\Local\Pub\Cache\hosted\pub.dev\pdf-3.10.8\lib\src\widgets\chart\point_chart.dart,C:\Users\loure\AppData\Local\Pub\Cache\hosted\pub.dev\pdf-3.10.8\lib\src\widgets\clip.dart,C:\Users\loure\AppData\Local\Pub\Cache\hosted\pub.dev\pdf-3.10.8\lib\src\widgets\container.dart,C:\Users\loure\AppData\Local\Pub\Cache\hosted\pub.dev\pdf-3.10.8\lib\src\widgets\content.dart,C:\Users\loure\AppData\Local\Pub\Cache\hosted\pub.dev\pdf-3.10.8\lib\src\widgets\decoration.dart,C:\Users\loure\AppData\Local\Pub\Cache\hosted\pub.dev\pdf-3.10.8\lib\src\widgets\document.dart,C:\Users\loure\AppData\Local\Pub\Cache\hosted\pub.dev\pdf-3.10.8\lib\src\widgets\flex.dart,C:\Users\loure\AppData\Local\Pub\Cache\hosted\pub.dev\pdf-3.10.8\lib\src\widgets\font.dart,C:\Users\loure\AppData\Local\Pub\Cache\hosted\pub.dev\pdf-3.10.8\lib\src\widgets\forms.dart,C:\Users\loure\AppData\Local\Pub\Cache\hosted\pub.dev\pdf-3.10.8\lib\src\widgets\geometry.dart,C:\Users\loure\AppData\Local\Pub\Cache\hosted\pub.dev\pdf-3.10.8\lib\src\widgets\grid_paper.dart,C:\Users\loure\AppData\Local\Pub\Cache\hosted\pub.dev\pdf-3.10.8\lib\src\widgets\grid_view.dart,C:\Users\loure\AppData\Local\Pub\Cache\hosted\pub.dev\pdf-3.10.8\lib\src\widgets\icon.dart,C:\Users\loure\AppData\Local\Pub\Cache\hosted\pub.dev\pdf-3.10.8\lib\src\widgets\image.dart,C:\Users\loure\AppData\Local\Pub\Cache\hosted\pub.dev\pdf-3.10.8\lib\src\widgets\image_provider.dart,C:\Users\loure\AppData\Local\Pub\Cache\hosted\pub.dev\pdf-3.10.8\lib\src\widgets\multi_page.dart,C:\Users\loure\AppData\Local\Pub\Cache\hosted\pub.dev\pdf-3.10.8\lib\src\widgets\page.dart,C:\Users\loure\AppData\Local\Pub\Cache\hosted\pub.dev\pdf-3.10.8\lib\src\widgets\page_theme.dart,C:\Users\loure\AppData\Local\Pub\Cache\hosted\pub.dev\pdf-3.10.8\lib\src\widgets\partitions.dart,C:\Users\loure\AppData\Local\Pub\Cache\hosted\pub.dev\pdf-3.10.8\lib\src\widgets\placeholders.dart,C:\Users\loure\AppData\Local\Pub\Cache\hosted\pub.dev\pdf-3.10.8\lib\src\widgets\progress.dart,C:\Users\loure\AppData\Local\Pub\Cache\hosted\pub.dev\pdf-3.10.8\lib\src\widgets\shape.dart,C:\Users\loure\AppData\Local\Pub\Cache\hosted\pub.dev\pdf-3.10.8\lib\src\widgets\stack.dart,C:\Users\loure\AppData\Local\Pub\Cache\hosted\pub.dev\pdf-3.10.8\lib\src\widgets\svg.dart,C:\Users\loure\AppData\Local\Pub\Cache\hosted\pub.dev\pdf-3.10.8\lib\src\widgets\table.dart,C:\Users\loure\AppData\Local\Pub\Cache\hosted\pub.dev\pdf-3.10.8\lib\src\widgets\table_helper.dart,C:\Users\loure\AppData\Local\Pub\Cache\hosted\pub.dev\pdf-3.10.8\lib\src\widgets\text.dart,C:\Users\loure\AppData\Local\Pub\Cache\hosted\pub.dev\pdf-3.10.8\lib\src\widgets\text_style.dart,C:\Users\loure\AppData\Local\Pub\Cache\hosted\pub.dev\pdf-3.10.8\lib\src\widgets\theme.dart,C:\Users\loure\AppData\Local\Pub\Cache\hosted\pub.dev\pdf-3.10.8\lib\src\widgets\widget.dart,C:\Users\loure\AppData\Local\Pub\Cache\hosted\pub.dev\pdf-3.10.8\lib\src\widgets\wrap.dart,C:\Users\loure\AppData\Local\Pub\Cache\hosted\pub.dev\printing-5.11.0\lib\src\fonts\gfonts.dart,C:\Users\loure\AppData\Local\Pub\Cache\hosted\pub.dev\printing-5.11.0\lib\src\asset_utils.dart,C:\Users\loure\AppData\Local\Pub\Cache\hosted\pub.dev\printing-5.11.0\lib\src\cache.dart,C:\Users\loure\AppData\Local\Pub\Cache\hosted\pub.dev\printing-5.11.0\lib\src\callback.dart,C:\Users\loure\AppData\Local\Pub\Cache\hosted\pub.dev\printing-5.11.0\lib\src\preview\actions.dart,C:\Users\loure\AppData\Local\Pub\Cache\hosted\pub.dev\printing-5.11.0\lib\src\preview\pdf_preview.dart,C:\Users\loure\AppData\Local\Pub\Cache\hosted\pub.dev\printing-5.11.0\lib\src\printer.dart,C:\Users\loure\AppData\Local\Pub\Cache\hosted\pub.dev\printing-5.11.0\lib\src\printing.dart,C:\Users\loure\AppData\Local\Pub\Cache\hosted\pub.dev\printing-5.11.0\lib\src\printing_info.dart,C:\Users\loure\AppData\Local\Pub\Cache\hosted\pub.dev\printing-5.11.0\lib\src\raster.dart,C:\Users\loure\AppData\Local\Pub\Cache\hosted\pub.dev\printing-5.11.0\lib\src\widget_wrapper.dart,C:\Users\loure\AppData\Local\Pub\Cache\hosted\pub.dev\characters-1.4.0\lib\src\grapheme_clusters\breaks.dart,C:\Users\loure\AppData\Local\Pub\Cache\hosted\pub.dev\characters-1.4.0\lib\src\grapheme_clusters\constants.dart,C:\Users\loure\AppData\Local\Pub\Cache\hosted\pub.dev\characters-1.4.0\lib\src\grapheme_clusters\table.dart,C:\flutter\packages\flutter\lib\src\widgets\_window_win32.dart,C:\Users\loure\AppData\Local\Pub\Cache\hosted\pub.dev\clock-1.1.2\lib\clock.dart,C:\Users\loure\AppData\Local\Pub\Cache\hosted\pub.dev\crypto-3.0.7\lib\crypto.dart,C:\Users\loure\AppData\Local\Pub\Cache\hosted\pub.dev\pdf-3.10.8\lib\src\pdf\format\array.dart,C:\Users\loure\AppData\Local\Pub\Cache\hosted\pub.dev\pdf-3.10.8\lib\src\pdf\format\num.dart,C:\Users\loure\AppData\Local\Pub\Cache\hosted\pub.dev\pdf-3.10.8\lib\src\pdf\format\stream.dart,C:\Users\loure\AppData\Local\Pub\Cache\hosted\pub.dev\pdf-3.10.8\lib\src\pdf\format\string.dart,C:\Users\loure\AppData\Local\Pub\Cache\hosted\pub.dev\pdf-3.10.8\lib\src\pdf\format\xref.dart,C:\Users\loure\AppData\Local\Pub\Cache\hosted\pub.dev\pdf-3.10.8\lib\src\pdf\io\vm.dart,C:\Users\loure\AppData\Local\Pub\Cache\hosted\pub.dev\pdf-3.10.8\lib\src\pdf\obj\catalog.dart,C:\Users\loure\AppData\Local\Pub\Cache\hosted\pub.dev\pdf-3.10.8\lib\src\pdf\obj\names.dart,C:\Users\loure\AppData\Local\Pub\Cache\hosted\pub.dev\pdf-3.10.8\lib\src\pdf\obj\object.dart,C:\Users\loure\AppData\Local\Pub\Cache\hosted\pub.dev\pdf-3.10.8\lib\src\pdf\obj\page_list.dart,C:\Users\loure\AppData\Local\Pub\Cache\hosted\pub.dev\pdf-3.10.8\lib\src\pdf\options.dart,C:\Users\loure\AppData\Local\Pub\Cache\hosted\pub.dev\pdf-3.10.8\lib\src\pdf\font\bidi_utils.dart,C:\Users\loure\AppData\Local\Pub\Cache\hosted\pub.dev\pdf-3.10.8\lib\src\pdf\format\base.dart,C:\Users\loure\AppData\Local\Pub\Cache\hosted\pub.dev\pdf-3.10.8\lib\src\pdf\format\diagnostic.dart,C:\Users\loure\AppData\Local\Pub\Cache\hosted\pub.dev\pdf-3.10.8\lib\src\pdf\format\indirect.dart,C:\Users\loure\AppData\Local\Pub\Cache\hosted\pub.dev\pdf-3.10.8\lib\src\pdf\format\dict.dart,C:\Users\loure\AppData\Local\Pub\Cache\hosted\pub.dev\path_parsing-1.1.0\lib\path_parsing.dart,C:\Users\loure\AppData\Local\Pub\Cache\hosted\pub.dev\pdf-3.10.8\lib\src\pdf\obj\graphic_stream.dart,C:\Users\loure\AppData\Local\Pub\Cache\hosted\pub.dev\pdf-3.10.8\lib\src\pdf\format\null_value.dart,C:\Users\loure\AppData\Local\Pub\Cache\hosted\pub.dev\pdf-3.10.8\lib\src\pdf\font\type1_fonts.dart,C:\Users\loure\AppData\Local\Pub\Cache\hosted\pub.dev\pdf-3.10.8\lib\src\pdf\obj\type1_font.dart,C:\Users\loure\AppData\Local\Pub\Cache\hosted\pub.dev\pdf-3.10.8\lib\src\pdf\obj\object_stream.dart,C:\Users\loure\AppData\Local\Pub\Cache\hosted\pub.dev\image-4.3.0\lib\image.dart,C:\Users\loure\AppData\Local\Pub\Cache\hosted\pub.dev\pdf-3.10.8\lib\src\pdf\obj\xobject.dart,C:\Users\loure\AppData\Local\Pub\Cache\hosted\pub.dev\xml-6.6.1\lib\xml.dart,C:\Users\loure\AppData\Local\Pub\Cache\hosted\pub.dev\pdf-3.10.8\lib\src\pdf\format\dict_stream.dart,C:\Users\loure\AppData\Local\Pub\Cache\hosted\pub.dev\pdf-3.10.8\lib\src\pdf\format\bool.dart,C:\Users\loure\AppData\Local\Pub\Cache\hosted\pub.dev\pdf-3.10.8\lib\src\pdf\font\arabic.dart,C:\Users\loure\AppData\Local\Pub\Cache\hosted\pub.dev\pdf-3.10.8\lib\src\pdf\font\ttf_writer.dart,C:\Users\loure\AppData\Local\Pub\Cache\hosted\pub.dev\pdf-3.10.8\lib\src\pdf\obj\font_descriptor.dart,C:\Users\loure\AppData\Local\Pub\Cache\hosted\pub.dev\pdf-3.10.8\lib\src\pdf\obj\unicode_cmap.dart,C:\Users\loure\AppData\Local\Pub\Cache\hosted\pub.dev\barcode-2.2.9\lib\src\barcode.dart,C:\Users\loure\AppData\Local\Pub\Cache\hosted\pub.dev\barcode-2.2.9\lib\src\barcode_exception.dart,C:\Users\loure\AppData\Local\Pub\Cache\hosted\pub.dev\barcode-2.2.9\lib\src\barcode_operations.dart,C:\Users\loure\AppData\Local\Pub\Cache\hosted\pub.dev\barcode-2.2.9\lib\src\barcode_types.dart,C:\Users\loure\AppData\Local\Pub\Cache\hosted\pub.dev\barcode-2.2.9\lib\src\codabar.dart,C:\Users\loure\AppData\Local\Pub\Cache\hosted\pub.dev\barcode-2.2.9\lib\src\datamatrix.dart,C:\Users\loure\AppData\Local\Pub\Cache\hosted\pub.dev\barcode-2.2.9\lib\src\ean.dart,C:\Users\loure\AppData\Local\Pub\Cache\hosted\pub.dev\barcode-2.2.9\lib\src\mecard.dart,C:\Users\loure\AppData\Local\Pub\Cache\hosted\pub.dev\barcode-2.2.9\lib\src\pdf417.dart,C:\Users\loure\AppData\Local\Pub\Cache\hosted\pub.dev\barcode-2.2.9\lib\src\qrcode.dart,C:\Users\loure\AppData\Local\Pub\Cache\hosted\pub.dev\pdf-3.10.8\lib\src\svg\painter.dart,C:\Users\loure\AppData\Local\Pub\Cache\hosted\pub.dev\pdf-3.10.8\lib\src\svg\parser.dart,C:\Users\loure\AppData\Local\Pub\Cache\hosted\pub.dev\printing-5.11.0\lib\src\fonts\font.dart,C:\Users\loure\AppData\Local\Pub\Cache\hosted\pub.dev\http-1.6.0\lib\http.dart,C:\Users\loure\AppData\Local\Pub\Cache\hosted\pub.dev\printing-5.11.0\lib\src\preview\controller.dart,C:\Users\loure\AppData\Local\Pub\Cache\hosted\pub.dev\printing-5.11.0\lib\src\preview\custom.dart,C:\Users\loure\AppData\Local\Pub\Cache\hosted\pub.dev\printing-5.11.0\lib\src\preview\page.dart,C:\Users\loure\AppData\Local\Pub\Cache\hosted\pub.dev\printing-5.11.0\lib\src\interface.dart,C:\Users\loure\AppData\Local\Pub\Cache\hosted\pub.dev\clock-1.1.2\lib\src\default.dart,C:\Users\loure\AppData\Local\Pub\Cache\hosted\pub.dev\clock-1.1.2\lib\src\clock.dart,C:\Users\loure\AppData\Local\Pub\Cache\hosted\pub.dev\crypto-3.0.7\lib\src\digest.dart,C:\Users\loure\AppData\Local\Pub\Cache\hosted\pub.dev\crypto-3.0.7\lib\src\hash.dart,C:\Users\loure\AppData\Local\Pub\Cache\hosted\pub.dev\crypto-3.0.7\lib\src\hmac.dart,C:\Users\loure\AppData\Local\Pub\Cache\hosted\pub.dev\crypto-3.0.7\lib\src\md5.dart,C:\Users\loure\AppData\Local\Pub\Cache\hosted\pub.dev\crypto-3.0.7\lib\src\sha1.dart,C:\Users\loure\AppData\Local\Pub\Cache\hosted\pub.dev\crypto-3.0.7\lib\src\sha256.dart,C:\Users\loure\AppData\Local\Pub\Cache\hosted\pub.dev\crypto-3.0.7\lib\src\sha512.dart,C:\Users\loure\AppData\Local\Pub\Cache\hosted\pub.dev\bidi-2.0.13\lib\bidi.dart,C:\Users\loure\AppData\Local\Pub\Cache\hosted\pub.dev\path_parsing-1.1.0\lib\src\path_parsing.dart,C:\Users\loure\AppData\Local\Pub\Cache\hosted\pub.dev\pdf-3.10.8\lib\src\priv.dart,C:\Users\loure\AppData\Local\Pub\Cache\hosted\pub.dev\image-4.3.0\lib\src\color\channel.dart,C:\Users\loure\AppData\Local\Pub\Cache\hosted\pub.dev\image-4.3.0\lib\src\color\channel_iterator.dart,C:\Users\loure\AppData\Local\Pub\Cache\hosted\pub.dev\image-4.3.0\lib\src\color\channel_order.dart,C:\Users\loure\AppData\Local\Pub\Cache\hosted\pub.dev\image-4.3.0\lib\src\color\color.dart,C:\Users\loure\AppData\Local\Pub\Cache\hosted\pub.dev\image-4.3.0\lib\src\color\color_float16.dart,C:\Users\loure\AppData\Local\Pub\Cache\hosted\pub.dev\image-4.3.0\lib\src\color\color_float32.dart,C:\Users\loure\AppData\Local\Pub\Cache\hosted\pub.dev\image-4.3.0\lib\src\color\color_float64.dart,C:\Users\loure\AppData\Local\Pub\Cache\hosted\pub.dev\image-4.3.0\lib\src\color\color_int16.dart,C:\Users\loure\AppData\Local\Pub\Cache\hosted\pub.dev\image-4.3.0\lib\src\color\color_int32.dart,C:\Users\loure\AppData\Local\Pub\Cache\hosted\pub.dev\image-4.3.0\lib\src\color\color_int8.dart,C:\Users\loure\AppData\Local\Pub\Cache\hosted\pub.dev\image-4.3.0\lib\src\color\color_uint1.dart,C:\Users\loure\AppData\Local\Pub\Cache\hosted\pub.dev\image-4.3.0\lib\src\color\color_uint16.dart,C:\Users\loure\AppData\Local\Pub\Cache\hosted\pub.dev\image-4.3.0\lib\src\color\color_uint2.dart,C:\Users\loure\AppData\Local\Pub\Cache\hosted\pub.dev\image-4.3.0\lib\src\color\color_uint32.dart,C:\Users\loure\AppData\Local\Pub\Cache\hosted\pub.dev\image-4.3.0\lib\src\color\color_uint4.dart,C:\Users\loure\AppData\Local\Pub\Cache\hosted\pub.dev\image-4.3.0\lib\src\color\color_uint8.dart,C:\Users\loure\AppData\Local\Pub\Cache\hosted\pub.dev\image-4.3.0\lib\src\color\format.dart,C:\Users\loure\AppData\Local\Pub\Cache\hosted\pub.dev\image-4.3.0\lib\src\command\command.dart,C:\Users\loure\AppData\Local\Pub\Cache\hosted\pub.dev\image-4.3.0\lib\src\command\executor.dart,C:\Users\loure\AppData\Local\Pub\Cache\hosted\pub.dev\image-4.3.0\lib\src\draw\blend_mode.dart,C:\Users\loure\AppData\Local\Pub\Cache\hosted\pub.dev\image-4.3.0\lib\src\draw\composite_image.dart,C:\Users\loure\AppData\Local\Pub\Cache\hosted\pub.dev\image-4.3.0\lib\src\draw\draw_char.dart,C:\Users\loure\AppData\Local\Pub\Cache\hosted\pub.dev\image-4.3.0\lib\src\draw\draw_circle.dart,C:\Users\loure\AppData\Local\Pub\Cache\hosted\pub.dev\image-4.3.0\lib\src\draw\draw_line.dart,C:\Users\loure\AppData\Local\Pub\Cache\hosted\pub.dev\image-4.3.0\lib\src\draw\draw_pixel.dart,C:\Users\loure\AppData\Local\Pub\Cache\hosted\pub.dev\image-4.3.0\lib\src\draw\draw_polygon.dart,C:\Users\loure\AppData\Local\Pub\Cache\hosted\pub.dev\image-4.3.0\lib\src\draw\draw_rect.dart,C:\Users\loure\AppData\Local\Pub\Cache\hosted\pub.dev\image-4.3.0\lib\src\draw\draw_string.dart,C:\Users\loure\AppData\Local\Pub\Cache\hosted\pub.dev\image-4.3.0\lib\src\draw\fill.dart,C:\Users\loure\AppData\Local\Pub\Cache\hosted\pub.dev\image-4.3.0\lib\src\draw\fill_circle.dart,C:\Users\loure\AppData\Local\Pub\Cache\hosted\pub.dev\image-4.3.0\lib\src\draw\fill_flood.dart,C:\Users\loure\AppData\Local\Pub\Cache\hosted\pub.dev\image-4.3.0\lib\src\draw\fill_polygon.dart,C:\Users\loure\AppData\Local\Pub\Cache\hosted\pub.dev\image-4.3.0\lib\src\draw\fill_rect.dart,C:\Users\loure\AppData\Local\Pub\Cache\hosted\pub.dev\image-4.3.0\lib\src\exif\exif_data.dart,C:\Users\loure\AppData\Local\Pub\Cache\hosted\pub.dev\image-4.3.0\lib\src\exif\exif_tag.dart,C:\Users\loure\AppData\Local\Pub\Cache\hosted\pub.dev\image-4.3.0\lib\src\exif\ifd_container.dart,C:\Users\loure\AppData\Local\Pub\Cache\hosted\pub.dev\image-4.3.0\lib\src\exif\ifd_directory.dart,C:\Users\loure\AppData\Local\Pub\Cache\hosted\pub.dev\image-4.3.0\lib\src\exif\ifd_value.dart,C:\Users\loure\AppData\Local\Pub\Cache\hosted\pub.dev\image-4.3.0\lib\src\filter\adjust_color.dart,C:\Users\loure\AppData\Local\Pub\Cache\hosted\pub.dev\image-4.3.0\lib\src\filter\billboard.dart,C:\Users\loure\AppData\Local\Pub\Cache\hosted\pub.dev\image-4.3.0\lib\src\filter\bleach_bypass.dart,C:\Users\loure\AppData\Local\Pub\Cache\hosted\pub.dev\image-4.3.0\lib\src\filter\bulge_distortion.dart,C:\Users\loure\AppData\Local\Pub\Cache\hosted\pub.dev\image-4.3.0\lib\src\filter\bump_to_normal.dart,C:\Users\loure\AppData\Local\Pub\Cache\hosted\pub.dev\image-4.3.0\lib\src\filter\chromatic_aberration.dart,C:\Users\loure\AppData\Local\Pub\Cache\hosted\pub.dev\image-4.3.0\lib\src\filter\color_halftone.dart,C:\Users\loure\AppData\Local\Pub\Cache\hosted\pub.dev\image-4.3.0\lib\src\filter\color_offset.dart,C:\Users\loure\AppData\Local\Pub\Cache\hosted\pub.dev\image-4.3.0\lib\src\filter\contrast.dart,C:\Users\loure\AppData\Local\Pub\Cache\hosted\pub.dev\image-4.3.0\lib\src\filter\convolution.dart,C:\Users\loure\AppData\Local\Pub\Cache\hosted\pub.dev\image-4.3.0\lib\src\filter\copy_image_channels.dart,C:\Users\loure\AppData\Local\Pub\Cache\hosted\pub.dev\image-4.3.0\lib\src\filter\dither_image.dart,C:\Users\loure\AppData\Local\Pub\Cache\hosted\pub.dev\image-4.3.0\lib\src\filter\dot_screen.dart,C:\Users\loure\AppData\Local\Pub\Cache\hosted\pub.dev\image-4.3.0\lib\src\filter\drop_shadow.dart,C:\Users\loure\AppData\Local\Pub\Cache\hosted\pub.dev\image-4.3.0\lib\src\filter\edge_glow.dart,C:\Users\loure\AppData\Local\Pub\Cache\hosted\pub.dev\image-4.3.0\lib\src\filter\emboss.dart,C:\Users\loure\AppData\Local\Pub\Cache\hosted\pub.dev\image-4.3.0\lib\src\filter\gamma.dart,C:\Users\loure\AppData\Local\Pub\Cache\hosted\pub.dev\image-4.3.0\lib\src\filter\gaussian_blur.dart,C:\Users\loure\AppData\Local\Pub\Cache\hosted\pub.dev\image-4.3.0\lib\src\filter\grayscale.dart,C:\Users\loure\AppData\Local\Pub\Cache\hosted\pub.dev\image-4.3.0\lib\src\filter\hdr_to_ldr.dart,C:\Users\loure\AppData\Local\Pub\Cache\hosted\pub.dev\image-4.3.0\lib\src\filter\hexagon_pixelate.dart,C:\Users\loure\AppData\Local\Pub\Cache\hosted\pub.dev\image-4.3.0\lib\src\filter\invert.dart,C:\Users\loure\AppData\Local\Pub\Cache\hosted\pub.dev\image-4.3.0\lib\src\filter\luminance_threshold.dart,C:\Users\loure\AppData\Local\Pub\Cache\hosted\pub.dev\image-4.3.0\lib\src\filter\monochrome.dart,C:\Users\loure\AppData\Local\Pub\Cache\hosted\pub.dev\image-4.3.0\lib\src\filter\noise.dart,C:\Users\loure\AppData\Local\Pub\Cache\hosted\pub.dev\image-4.3.0\lib\src\filter\normalize.dart,C:\Users\loure\AppData\Local\Pub\Cache\hosted\pub.dev\image-4.3.0\lib\src\filter\pixelate.dart,C:\Users\loure\AppData\Local\Pub\Cache\hosted\pub.dev\image-4.3.0\lib\src\filter\quantize.dart,C:\Users\loure\AppData\Local\Pub\Cache\hosted\pub.dev\image-4.3.0\lib\src\filter\reinhard_tone_map.dart,C:\Users\loure\AppData\Local\Pub\Cache\hosted\pub.dev\image-4.3.0\lib\src\filter\remap_colors.dart,C:\Users\loure\AppData\Local\Pub\Cache\hosted\pub.dev\image-4.3.0\lib\src\filter\scale_rgba.dart,C:\Users\loure\AppData\Local\Pub\Cache\hosted\pub.dev\image-4.3.0\lib\src\filter\separable_convolution.dart,C:\Users\loure\AppData\Local\Pub\Cache\hosted\pub.dev\image-4.3.0\lib\src\filter\separable_kernel.dart,C:\Users\loure\AppData\Local\Pub\Cache\hosted\pub.dev\image-4.3.0\lib\src\filter\sepia.dart,C:\Users\loure\AppData\Local\Pub\Cache\hosted\pub.dev\image-4.3.0\lib\src\filter\sketch.dart,C:\Users\loure\AppData\Local\Pub\Cache\hosted\pub.dev\image-4.3.0\lib\src\filter\smooth.dart,C:\Users\loure\AppData\Local\Pub\Cache\hosted\pub.dev\image-4.3.0\lib\src\filter\sobel.dart,C:\Users\loure\AppData\Local\Pub\Cache\hosted\pub.dev\image-4.3.0\lib\src\filter\solarize.dart,C:\Users\loure\AppData\Local\Pub\Cache\hosted\pub.dev\image-4.3.0\lib\src\filter\stretch_distortion.dart,C:\Users\loure\AppData\Local\Pub\Cache\hosted\pub.dev\image-4.3.0\lib\src\filter\vignette.dart,C:\Users\loure\AppData\Local\Pub\Cache\hosted\pub.dev\image-4.3.0\lib\src\font\arial_14.dart,C:\Users\loure\AppData\Local\Pub\Cache\hosted\pub.dev\image-4.3.0\lib\src\font\arial_24.dart,C:\Users\loure\AppData\Local\Pub\Cache\hosted\pub.dev\image-4.3.0\lib\src\font\arial_48.dart,C:\Users\loure\AppData\Local\Pub\Cache\hosted\pub.dev\image-4.3.0\lib\src\font\bitmap_font.dart,C:\Users\loure\AppData\Local\Pub\Cache\hosted\pub.dev\image-4.3.0\lib\src\formats\bmp_decoder.dart,C:\Users\loure\AppData\Local\Pub\Cache\hosted\pub.dev\image-4.3.0\lib\src\formats\bmp_encoder.dart,C:\Users\loure\AppData\Local\Pub\Cache\hosted\pub.dev\image-4.3.0\lib\src\formats\decode_info.dart,C:\Users\loure\AppData\Local\Pub\Cache\hosted\pub.dev\image-4.3.0\lib\src\formats\decoder.dart,C:\Users\loure\AppData\Local\Pub\Cache\hosted\pub.dev\image-4.3.0\lib\src\formats\encoder.dart,C:\Users\loure\AppData\Local\Pub\Cache\hosted\pub.dev\image-4.3.0\lib\src\formats\exr\exr_image.dart,C:\Users\loure\AppData\Local\Pub\Cache\hosted\pub.dev\image-4.3.0\lib\src\formats\exr_decoder.dart,C:\Users\loure\AppData\Local\Pub\Cache\hosted\pub.dev\image-4.3.0\lib\src\formats\formats.dart,C:\Users\loure\AppData\Local\Pub\Cache\hosted\pub.dev\image-4.3.0\lib\src\formats\gif\gif_color_map.dart,C:\Users\loure\AppData\Local\Pub\Cache\hosted\pub.dev\image-4.3.0\lib\src\formats\gif\gif_image_desc.dart,C:\Users\loure\AppData\Local\Pub\Cache\hosted\pub.dev\image-4.3.0\lib\src\formats\gif\gif_info.dart,C:\Users\loure\AppData\Local\Pub\Cache\hosted\pub.dev\image-4.3.0\lib\src\formats\gif_decoder.dart,C:\Users\loure\AppData\Local\Pub\Cache\hosted\pub.dev\image-4.3.0\lib\src\formats\gif_encoder.dart,C:\Users\loure\AppData\Local\Pub\Cache\hosted\pub.dev\image-4.3.0\lib\src\formats\ico\ico_info.dart,C:\Users\loure\AppData\Local\Pub\Cache\hosted\pub.dev\image-4.3.0\lib\src\formats\ico_decoder.dart,C:\Users\loure\AppData\Local\Pub\Cache\hosted\pub.dev\image-4.3.0\lib\src\formats\image_format.dart,C:\Users\loure\AppData\Local\Pub\Cache\hosted\pub.dev\image-4.3.0\lib\src\formats\jpeg\jpeg_adobe.dart,C:\Users\loure\AppData\Local\Pub\Cache\hosted\pub.dev\image-4.3.0\lib\src\formats\jpeg\jpeg_component.dart,C:\Users\loure\AppData\Local\Pub\Cache\hosted\pub.dev\image-4.3.0\lib\src\formats\jpeg\jpeg_data.dart,C:\Users\loure\AppData\Local\Pub\Cache\hosted\pub.dev\image-4.3.0\lib\src\formats\jpeg\jpeg_frame.dart,C:\Users\loure\AppData\Local\Pub\Cache\hosted\pub.dev\image-4.3.0\lib\src\formats\jpeg\jpeg_info.dart,C:\Users\loure\AppData\Local\Pub\Cache\hosted\pub.dev\image-4.3.0\lib\src\formats\jpeg\jpeg_jfif.dart,C:\Users\loure\AppData\Local\Pub\Cache\hosted\pub.dev\image-4.3.0\lib\src\formats\jpeg\jpeg_scan.dart,C:\Users\loure\AppData\Local\Pub\Cache\hosted\pub.dev\image-4.3.0\lib\src\formats\jpeg_decoder.dart,C:\Users\loure\AppData\Local\Pub\Cache\hosted\pub.dev\image-4.3.0\lib\src\formats\jpeg_encoder.dart,C:\Users\loure\AppData\Local\Pub\Cache\hosted\pub.dev\image-4.3.0\lib\src\formats\png\png_frame.dart,C:\Users\loure\AppData\Local\Pub\Cache\hosted\pub.dev\image-4.3.0\lib\src\formats\png\png_info.dart,C:\Users\loure\AppData\Local\Pub\Cache\hosted\pub.dev\image-4.3.0\lib\src\formats\png_decoder.dart,C:\Users\loure\AppData\Local\Pub\Cache\hosted\pub.dev\image-4.3.0\lib\src\formats\png_encoder.dart,C:\Users\loure\AppData\Local\Pub\Cache\hosted\pub.dev\image-4.3.0\lib\src\formats\pnm_decoder.dart,C:\Users\loure\AppData\Local\Pub\Cache\hosted\pub.dev\image-4.3.0\lib\src\formats\psd\psd_image.dart,C:\Users\loure\AppData\Local\Pub\Cache\hosted\pub.dev\image-4.3.0\lib\src\formats\psd_decoder.dart,C:\Users\loure\AppData\Local\Pub\Cache\hosted\pub.dev\image-4.3.0\lib\src\formats\pvr\pvr_info.dart,C:\Users\loure\AppData\Local\Pub\Cache\hosted\pub.dev\image-4.3.0\lib\src\formats\pvr_decoder.dart,C:\Users\loure\AppData\Local\Pub\Cache\hosted\pub.dev\image-4.3.0\lib\src\formats\pvr_encoder.dart,C:\Users\loure\AppData\Local\Pub\Cache\hosted\pub.dev\image-4.3.0\lib\src\formats\tga\tga_info.dart,C:\Users\loure\AppData\Local\Pub\Cache\hosted\pub.dev\image-4.3.0\lib\src\formats\tga_decoder.dart,C:\Users\loure\AppData\Local\Pub\Cache\hosted\pub.dev\image-4.3.0\lib\src\formats\tga_encoder.dart,C:\Users\loure\AppData\Local\Pub\Cache\hosted\pub.dev\image-4.3.0\lib\src\formats\tiff\tiff_image.dart,C:\Users\loure\AppData\Local\Pub\Cache\hosted\pub.dev\image-4.3.0\lib\src\formats\tiff\tiff_info.dart,C:\Users\loure\AppData\Local\Pub\Cache\hosted\pub.dev\image-4.3.0\lib\src\formats\tiff_decoder.dart,C:\Users\loure\AppData\Local\Pub\Cache\hosted\pub.dev\image-4.3.0\lib\src\formats\tiff_encoder.dart,C:\Users\loure\AppData\Local\Pub\Cache\hosted\pub.dev\image-4.3.0\lib\src\formats\webp\webp_info.dart,C:\Users\loure\AppData\Local\Pub\Cache\hosted\pub.dev\image-4.3.0\lib\src\formats\webp_decoder.dart,C:\Users\loure\AppData\Local\Pub\Cache\hosted\pub.dev\image-4.3.0\lib\src\image\icc_profile.dart,C:\Users\loure\AppData\Local\Pub\Cache\hosted\pub.dev\image-4.3.0\lib\src\image\image.dart,C:\Users\loure\AppData\Local\Pub\Cache\hosted\pub.dev\image-4.3.0\lib\src\image\image_data.dart,C:\Users\loure\AppData\Local\Pub\Cache\hosted\pub.dev\image-4.3.0\lib\src\image\image_data_float16.dart,C:\Users\loure\AppData\Local\Pub\Cache\hosted\pub.dev\image-4.3.0\lib\src\image\image_data_float32.dart,C:\Users\loure\AppData\Local\Pub\Cache\hosted\pub.dev\image-4.3.0\lib\src\image\image_data_float64.dart,C:\Users\loure\AppData\Local\Pub\Cache\hosted\pub.dev\image-4.3.0\lib\src\image\image_data_int16.dart,C:\Users\loure\AppData\Local\Pub\Cache\hosted\pub.dev\image-4.3.0\lib\src\image\image_data_int32.dart,C:\Users\loure\AppData\Local\Pub\Cache\hosted\pub.dev\image-4.3.0\lib\src\image\image_data_int8.dart,C:\Users\loure\AppData\Local\Pub\Cache\hosted\pub.dev\image-4.3.0\lib\src\image\image_data_uint1.dart,C:\Users\loure\AppData\Local\Pub\Cache\hosted\pub.dev\image-4.3.0\lib\src\image\image_data_uint16.dart,C:\Users\loure\AppData\Local\Pub\Cache\hosted\pub.dev\image-4.3.0\lib\src\image\image_data_uint2.dart,C:\Users\loure\AppData\Local\Pub\Cache\hosted\pub.dev\image-4.3.0\lib\src\image\image_data_uint32.dart,C:\Users\loure\AppData\Local\Pub\Cache\hosted\pub.dev\image-4.3.0\lib\src\image\image_data_uint4.dart,C:\Users\loure\AppData\Local\Pub\Cache\hosted\pub.dev\image-4.3.0\lib\src\image\image_data_uint8.dart,C:\Users\loure\AppData\Local\Pub\Cache\hosted\pub.dev\image-4.3.0\lib\src\image\interpolation.dart,C:\Users\loure\AppData\Local\Pub\Cache\hosted\pub.dev\image-4.3.0\lib\src\image\palette.dart,C:\Users\loure\AppData\Local\Pub\Cache\hosted\pub.dev\image-4.3.0\lib\src\image\palette_float16.dart,C:\Users\loure\AppData\Local\Pub\Cache\hosted\pub.dev\image-4.3.0\lib\src\image\palette_float32.dart,C:\Users\loure\AppData\Local\Pub\Cache\hosted\pub.dev\image-4.3.0\lib\src\image\palette_float64.dart,C:\Users\loure\AppData\Local\Pub\Cache\hosted\pub.dev\image-4.3.0\lib\src\image\palette_int16.dart,C:\Users\loure\AppData\Local\Pub\Cache\hosted\pub.dev\image-4.3.0\lib\src\image\palette_int32.dart,C:\Users\loure\AppData\Local\Pub\Cache\hosted\pub.dev\image-4.3.0\lib\src\image\palette_int8.dart,C:\Users\loure\AppData\Local\Pub\Cache\hosted\pub.dev\image-4.3.0\lib\src\image\palette_uint16.dart,C:\Users\loure\AppData\Local\Pub\Cache\hosted\pub.dev\image-4.3.0\lib\src\image\palette_uint32.dart,C:\Users\loure\AppData\Local\Pub\Cache\hosted\pub.dev\image-4.3.0\lib\src\image\palette_uint8.dart,C:\Users\loure\AppData\Local\Pub\Cache\hosted\pub.dev\image-4.3.0\lib\src\image\palette_undefined.dart,C:\Users\loure\AppData\Local\Pub\Cache\hosted\pub.dev\image-4.3.0\lib\src\image\pixel.dart,C:\Users\loure\AppData\Local\Pub\Cache\hosted\pub.dev\image-4.3.0\lib\src\image\pixel_float16.dart,C:\Users\loure\AppData\Local\Pub\Cache\hosted\pub.dev\image-4.3.0\lib\src\image\pixel_float32.dart,C:\Users\loure\AppData\Local\Pub\Cache\hosted\pub.dev\image-4.3.0\lib\src\image\pixel_float64.dart,C:\Users\loure\AppData\Local\Pub\Cache\hosted\pub.dev\image-4.3.0\lib\src\image\pixel_int16.dart,C:\Users\loure\AppData\Local\Pub\Cache\hosted\pub.dev\image-4.3.0\lib\src\image\pixel_int32.dart,C:\Users\loure\AppData\Local\Pub\Cache\hosted\pub.dev\image-4.3.0\lib\src\image\pixel_int8.dart,C:\Users\loure\AppData\Local\Pub\Cache\hosted\pub.dev\image-4.3.0\lib\src\image\pixel_range_iterator.dart,C:\Users\loure\AppData\Local\Pub\Cache\hosted\pub.dev\image-4.3.0\lib\src\image\pixel_uint1.dart,C:\Users\loure\AppData\Local\Pub\Cache\hosted\pub.dev\image-4.3.0\lib\src\image\pixel_uint16.dart,C:\Users\loure\AppData\Local\Pub\Cache\hosted\pub.dev\image-4.3.0\lib\src\image\pixel_uint2.dart,C:\Users\loure\AppData\Local\Pub\Cache\hosted\pub.dev\image-4.3.0\lib\src\image\pixel_uint32.dart,C:\Users\loure\AppData\Local\Pub\Cache\hosted\pub.dev\image-4.3.0\lib\src\image\pixel_uint4.dart,C:\Users\loure\AppData\Local\Pub\Cache\hosted\pub.dev\image-4.3.0\lib\src\image\pixel_uint8.dart,C:\Users\loure\AppData\Local\Pub\Cache\hosted\pub.dev\image-4.3.0\lib\src\image\pixel_undefined.dart,C:\Users\loure\AppData\Local\Pub\Cache\hosted\pub.dev\image-4.3.0\lib\src\transform\bake_orientation.dart,C:\Users\loure\AppData\Local\Pub\Cache\hosted\pub.dev\image-4.3.0\lib\src\transform\copy_crop.dart,C:\Users\loure\AppData\Local\Pub\Cache\hosted\pub.dev\image-4.3.0\lib\src\transform\copy_crop_circle.dart,C:\Users\loure\AppData\Local\Pub\Cache\hosted\pub.dev\image-4.3.0\lib\src\transform\copy_expand_canvas.dart,C:\Users\loure\AppData\Local\Pub\Cache\hosted\pub.dev\image-4.3.0\lib\src\transform\copy_flip.dart,C:\Users\loure\AppData\Local\Pub\Cache\hosted\pub.dev\image-4.3.0\lib\src\transform\copy_rectify.dart,C:\Users\loure\AppData\Local\Pub\Cache\hosted\pub.dev\image-4.3.0\lib\src\transform\copy_resize.dart,C:\Users\loure\AppData\Local\Pub\Cache\hosted\pub.dev\image-4.3.0\lib\src\transform\copy_resize_crop_square.dart,C:\Users\loure\AppData\Local\Pub\Cache\hosted\pub.dev\image-4.3.0\lib\src\transform\copy_rotate.dart,C:\Users\loure\AppData\Local\Pub\Cache\hosted\pub.dev\image-4.3.0\lib\src\transform\flip.dart,C:\Users\loure\AppData\Local\Pub\Cache\hosted\pub.dev\image-4.3.0\lib\src\transform\trim.dart,C:\Users\loure\AppData\Local\Pub\Cache\hosted\pub.dev\image-4.3.0\lib\src\util\binary_quantizer.dart,C:\Users\loure\AppData\Local\Pub\Cache\hosted\pub.dev\image-4.3.0\lib\src\util\clip_line.dart,C:\Users\loure\AppData\Local\Pub\Cache\hosted\pub.dev\image-4.3.0\lib\src\util\color_util.dart,C:\Users\loure\AppData\Local\Pub\Cache\hosted\pub.dev\image-4.3.0\lib\src\util\file_access.dart,C:\Users\loure\AppData\Local\Pub\Cache\hosted\pub.dev\image-4.3.0\lib\src\util\float16.dart,C:\Users\loure\AppData\Local\Pub\Cache\hosted\pub.dev\image-4.3.0\lib\src\util\image_exception.dart,C:\Users\loure\AppData\Local\Pub\Cache\hosted\pub.dev\image-4.3.0\lib\src\util\input_buffer.dart,C:\Users\loure\AppData\Local\Pub\Cache\hosted\pub.dev\image-4.3.0\lib\src\util\min_max.dart,C:\Users\loure\AppData\Local\Pub\Cache\hosted\pub.dev\image-4.3.0\lib\src\util\neural_quantizer.dart,C:\Users\loure\AppData\Local\Pub\Cache\hosted\pub.dev\image-4.3.0\lib\src\util\octree_quantizer.dart,C:\Users\loure\AppData\Local\Pub\Cache\hosted\pub.dev\image-4.3.0\lib\src\util\output_buffer.dart,C:\Users\loure\AppData\Local\Pub\Cache\hosted\pub.dev\image-4.3.0\lib\src\util\point.dart,C:\Users\loure\AppData\Local\Pub\Cache\hosted\pub.dev\image-4.3.0\lib\src\util\quantizer.dart,C:\Users\loure\AppData\Local\Pub\Cache\hosted\pub.dev\image-4.3.0\lib\src\util\random.dart,C:\Users\loure\AppData\Local\Pub\Cache\hosted\pub.dev\xml-6.6.1\lib\src\xml\builder.dart,C:\Users\loure\AppData\Local\Pub\Cache\hosted\pub.dev\xml-6.6.1\lib\src\xml\entities\default_mapping.dart,C:\Users\loure\AppData\Local\Pub\Cache\hosted\pub.dev\xml-6.6.1\lib\src\xml\entities\entity_mapping.dart,C:\Users\loure\AppData\Local\Pub\Cache\hosted\pub.dev\xml-6.6.1\lib\src\xml\entities\null_mapping.dart,C:\Users\loure\AppData\Local\Pub\Cache\hosted\pub.dev\xml-6.6.1\lib\src\xml\enums\attribute_type.dart,C:\Users\loure\AppData\Local\Pub\Cache\hosted\pub.dev\xml-6.6.1\lib\src\xml\enums\node_type.dart,C:\Users\loure\AppData\Local\Pub\Cache\hosted\pub.dev\xml-6.6.1\lib\src\xml\exceptions\exception.dart,C:\Users\loure\AppData\Local\Pub\Cache\hosted\pub.dev\xml-6.6.1\lib\src\xml\exceptions\format_exception.dart,C:\Users\loure\AppData\Local\Pub\Cache\hosted\pub.dev\xml-6.6.1\lib\src\xml\exceptions\parent_exception.dart,C:\Users\loure\AppData\Local\Pub\Cache\hosted\pub.dev\xml-6.6.1\lib\src\xml\exceptions\parser_exception.dart,C:\Users\loure\AppData\Local\Pub\Cache\hosted\pub.dev\xml-6.6.1\lib\src\xml\exceptions\tag_exception.dart,C:\Users\loure\AppData\Local\Pub\Cache\hosted\pub.dev\xml-6.6.1\lib\src\xml\exceptions\type_exception.dart,C:\Users\loure\AppData\Local\Pub\Cache\hosted\pub.dev\xml-6.6.1\lib\src\xml\extensions\ancestors.dart,C:\Users\loure\AppData\Local\Pub\Cache\hosted\pub.dev\xml-6.6.1\lib\src\xml\extensions\comparison.dart,C:\Users\loure\AppData\Local\Pub\Cache\hosted\pub.dev\xml-6.6.1\lib\src\xml\extensions\descendants.dart,C:\Users\loure\AppData\Local\Pub\Cache\hosted\pub.dev\xml-6.6.1\lib\src\xml\extensions\find.dart,C:\Users\loure\AppData\Local\Pub\Cache\hosted\pub.dev\xml-6.6.1\lib\src\xml\extensions\following.dart,C:\Users\loure\AppData\Local\Pub\Cache\hosted\pub.dev\xml-6.6.1\lib\src\xml\extensions\mutator.dart,C:\Users\loure\AppData\Local\Pub\Cache\hosted\pub.dev\xml-6.6.1\lib\src\xml\extensions\nodes.dart,C:\Users\loure\AppData\Local\Pub\Cache\hosted\pub.dev\xml-6.6.1\lib\src\xml\extensions\parent.dart,C:\Users\loure\AppData\Local\Pub\Cache\hosted\pub.dev\xml-6.6.1\lib\src\xml\extensions\preceding.dart,C:\Users\loure\AppData\Local\Pub\Cache\hosted\pub.dev\xml-6.6.1\lib\src\xml\extensions\sibling.dart,C:\Users\loure\AppData\Local\Pub\Cache\hosted\pub.dev\xml-6.6.1\lib\src\xml\extensions\string.dart,C:\Users\loure\AppData\Local\Pub\Cache\hosted\pub.dev\xml-6.6.1\lib\src\xml\mixins\has_attributes.dart,C:\Users\loure\AppData\Local\Pub\Cache\hosted\pub.dev\xml-6.6.1\lib\src\xml\mixins\has_children.dart,C:\Users\loure\AppData\Local\Pub\Cache\hosted\pub.dev\xml-6.6.1\lib\src\xml\mixins\has_name.dart,C:\Users\loure\AppData\Local\Pub\Cache\hosted\pub.dev\xml-6.6.1\lib\src\xml\mixins\has_parent.dart,C:\Users\loure\AppData\Local\Pub\Cache\hosted\pub.dev\xml-6.6.1\lib\src\xml\mixins\has_visitor.dart,C:\Users\loure\AppData\Local\Pub\Cache\hosted\pub.dev\xml-6.6.1\lib\src\xml\mixins\has_writer.dart,C:\Users\loure\AppData\Local\Pub\Cache\hosted\pub.dev\xml-6.6.1\lib\src\xml\nodes\attribute.dart,C:\Users\loure\AppData\Local\Pub\Cache\hosted\pub.dev\xml-6.6.1\lib\src\xml\nodes\cdata.dart,C:\Users\loure\AppData\Local\Pub\Cache\hosted\pub.dev\xml-6.6.1\lib\src\xml\nodes\comment.dart,C:\Users\loure\AppData\Local\Pub\Cache\hosted\pub.dev\xml-6.6.1\lib\src\xml\nodes\declaration.dart,C:\Users\loure\AppData\Local\Pub\Cache\hosted\pub.dev\xml-6.6.1\lib\src\xml\nodes\doctype.dart,C:\Users\loure\AppData\Local\Pub\Cache\hosted\pub.dev\xml-6.6.1\lib\src\xml\nodes\document.dart,C:\Users\loure\AppData\Local\Pub\Cache\hosted\pub.dev\xml-6.6.1\lib\src\xml\nodes\document_fragment.dart,C:\Users\loure\AppData\Local\Pub\Cache\hosted\pub.dev\xml-6.6.1\lib\src\xml\nodes\element.dart,C:\Users\loure\AppData\Local\Pub\Cache\hosted\pub.dev\xml-6.6.1\lib\src\xml\nodes\node.dart,C:\Users\loure\AppData\Local\Pub\Cache\hosted\pub.dev\xml-6.6.1\lib\src\xml\nodes\processing.dart,C:\Users\loure\AppData\Local\Pub\Cache\hosted\pub.dev\xml-6.6.1\lib\src\xml\nodes\text.dart,C:\Users\loure\AppData\Local\Pub\Cache\hosted\pub.dev\xml-6.6.1\lib\src\xml\utils\name.dart,C:\Users\loure\AppData\Local\Pub\Cache\hosted\pub.dev\xml-6.6.1\lib\src\xml\utils\token.dart,C:\Users\loure\AppData\Local\Pub\Cache\hosted\pub.dev\xml-6.6.1\lib\src\xml\visitors\normalizer.dart,C:\Users\loure\AppData\Local\Pub\Cache\hosted\pub.dev\xml-6.6.1\lib\src\xml\visitors\pretty_writer.dart,C:\Users\loure\AppData\Local\Pub\Cache\hosted\pub.dev\xml-6.6.1\lib\src\xml\visitors\visitor.dart,C:\Users\loure\AppData\Local\Pub\Cache\hosted\pub.dev\xml-6.6.1\lib\src\xml\visitors\writer.dart,C:\Users\loure\AppData\Local\Pub\Cache\hosted\pub.dev\pdf-3.10.8\lib\src\pdf\format\ascii85.dart,C:\Users\loure\AppData\Local\Pub\Cache\hosted\pub.dev\barcode-2.2.9\lib\src\aztec.dart,C:\Users\loure\AppData\Local\Pub\Cache\hosted\pub.dev\barcode-2.2.9\lib\src\code128.dart,C:\Users\loure\AppData\Local\Pub\Cache\hosted\pub.dev\barcode-2.2.9\lib\src\code39.dart,C:\Users\loure\AppData\Local\Pub\Cache\hosted\pub.dev\barcode-2.2.9\lib\src\code93.dart,C:\Users\loure\AppData\Local\Pub\Cache\hosted\pub.dev\barcode-2.2.9\lib\src\ean13.dart,C:\Users\loure\AppData\Local\Pub\Cache\hosted\pub.dev\barcode-2.2.9\lib\src\ean2.dart,C:\Users\loure\AppData\Local\Pub\Cache\hosted\pub.dev\barcode-2.2.9\lib\src\ean5.dart,C:\Users\loure\AppData\Local\Pub\Cache\hosted\pub.dev\barcode-2.2.9\lib\src\ean8.dart,C:\Users\loure\AppData\Local\Pub\Cache\hosted\pub.dev\barcode-2.2.9\lib\src\isbn.dart,C:\Users\loure\AppData\Local\Pub\Cache\hosted\pub.dev\barcode-2.2.9\lib\src\itf.dart,C:\Users\loure\AppData\Local\Pub\Cache\hosted\pub.dev\barcode-2.2.9\lib\src\itf14.dart,C:\Users\loure\AppData\Local\Pub\Cache\hosted\pub.dev\barcode-2.2.9\lib\src\itf16.dart,C:\Users\loure\AppData\Local\Pub\Cache\hosted\pub.dev\barcode-2.2.9\lib\src\postnet.dart,C:\Users\loure\AppData\Local\Pub\Cache\hosted\pub.dev\barcode-2.2.9\lib\src\rm4scc.dart,C:\Users\loure\AppData\Local\Pub\Cache\hosted\pub.dev\barcode-2.2.9\lib\src\telepen.dart,C:\Users\loure\AppData\Local\Pub\Cache\hosted\pub.dev\barcode-2.2.9\lib\src\upca.dart,C:\Users\loure\AppData\Local\Pub\Cache\hosted\pub.dev\barcode-2.2.9\lib\src\upce.dart,C:\Users\loure\AppData\Local\Pub\Cache\hosted\pub.dev\barcode-2.2.9\lib\src\barcode_1d.dart,C:\Users\loure\AppData\Local\Pub\Cache\hosted\pub.dev\barcode-2.2.9\lib\src\barcode_maps.dart,C:\Users\loure\AppData\Local\Pub\Cache\hosted\pub.dev\barcode-2.2.9\lib\src\barcode_2d.dart,C:\Users\loure\AppData\Local\Pub\Cache\hosted\pub.dev\barcode-2.2.9\lib\src\reedsolomon.dart,C:\Users\loure\AppData\Local\Pub\Cache\hosted\pub.dev\barcode-2.2.9\lib\src\pdf417_codewords.dart,C:\Users\loure\AppData\Local\Pub\Cache\hosted\pub.dev\qr-3.0.2\lib\qr.dart,C:\Users\loure\AppData\Local\Pub\Cache\hosted\pub.dev\pdf-3.10.8\lib\src\svg\brush.dart,C:\Users\loure\AppData\Local\Pub\Cache\hosted\pub.dev\pdf-3.10.8\lib\src\svg\color.dart,C:\Users\loure\AppData\Local\Pub\Cache\hosted\pub.dev\pdf-3.10.8\lib\src\svg\group.dart,C:\Users\loure\AppData\Local\Pub\Cache\hosted\pub.dev\printing-5.11.0\lib\src\fonts\manifest.dart,C:\Users\loure\AppData\Local\Pub\Cache\hosted\pub.dev\http-1.6.0\lib\src\client.dart,C:\Users\loure\AppData\Local\Pub\Cache\hosted\pub.dev\http-1.6.0\lib\src\exception.dart,C:\Users\loure\AppData\Local\Pub\Cache\hosted\pub.dev\http-1.6.0\lib\src\request.dart,C:\Users\loure\AppData\Local\Pub\Cache\hosted\pub.dev\http-1.6.0\lib\src\response.dart,C:\Users\loure\AppData\Local\Pub\Cache\hosted\pub.dev\http-1.6.0\lib\src\streamed_request.dart,C:\Users\loure\AppData\Local\Pub\Cache\hosted\pub.dev\http_parser-4.1.2\lib\http_parser.dart,C:\Users\loure\AppData\Local\Pub\Cache\hosted\pub.dev\http-1.6.0\lib\src\abortable.dart,C:\Users\loure\AppData\Local\Pub\Cache\hosted\pub.dev\http-1.6.0\lib\src\base_client.dart,C:\Users\loure\AppData\Local\Pub\Cache\hosted\pub.dev\http-1.6.0\lib\src\base_request.dart,C:\Users\loure\AppData\Local\Pub\Cache\hosted\pub.dev\http-1.6.0\lib\src\base_response.dart,C:\Users\loure\AppData\Local\Pub\Cache\hosted\pub.dev\http-1.6.0\lib\src\byte_stream.dart,C:\Users\loure\AppData\Local\Pub\Cache\hosted\pub.dev\http-1.6.0\lib\src\multipart_file.dart,C:\Users\loure\AppData\Local\Pub\Cache\hosted\pub.dev\http-1.6.0\lib\src\multipart_request.dart,C:\Users\loure\AppData\Local\Pub\Cache\hosted\pub.dev\http-1.6.0\lib\src\streamed_response.dart,C:\Users\loure\AppData\Local\Pub\Cache\hosted\pub.dev\printing-5.11.0\lib\src\preview\raster.dart,C:\Users\loure\AppData\Local\Pub\Cache\hosted\pub.dev\plugin_platform_interface-2.1.8\lib\plugin_platform_interface.dart,C:\Users\loure\AppData\Local\Pub\Cache\hosted\pub.dev\printing-5.11.0\lib\src\method_channel.dart,C:\Users\loure\AppData\Local\Pub\Cache\hosted\pub.dev\clock-1.1.2\lib\src\stopwatch.dart,C:\Users\loure\AppData\Local\Pub\Cache\hosted\pub.dev\clock-1.1.2\lib\src\utils.dart,C:\Users\loure\AppData\Local\Pub\Cache\hosted\pub.dev\crypto-3.0.7\lib\src\digest_sink.dart,C:\Users\loure\AppData\Local\Pub\Cache\hosted\pub.dev\crypto-3.0.7\lib\src\hash_sink.dart,C:\Users\loure\AppData\Local\Pub\Cache\hosted\pub.dev\crypto-3.0.7\lib\src\utils.dart,C:\Users\loure\AppData\Local\Pub\Cache\hosted\pub.dev\crypto-3.0.7\lib\src\sha512_fastsinks.dart,C:\Users\loure\AppData\Local\Pub\Cache\hosted\pub.dev\bidi-2.0.13\lib\src\bidi.dart,C:\Users\loure\AppData\Local\Pub\Cache\hosted\pub.dev\bidi-2.0.13\lib\src\character_type.dart,C:\Users\loure\AppData\Local\Pub\Cache\hosted\pub.dev\bidi-2.0.13\lib\src\direction_override.dart,C:\Users\loure\AppData\Local\Pub\Cache\hosted\pub.dev\bidi-2.0.13\lib\src\shape_joining_type.dart,C:\Users\loure\AppData\Local\Pub\Cache\hosted\pub.dev\bidi-2.0.13\lib\src\decomposition_type.dart,C:\Users\loure\AppData\Local\Pub\Cache\hosted\pub.dev\bidi-2.0.13\lib\src\letter_form.dart,C:\Users\loure\AppData\Local\Pub\Cache\hosted\pub.dev\bidi-2.0.13\lib\src\canonical_class.dart,C:\Users\loure\AppData\Local\Pub\Cache\hosted\pub.dev\bidi-2.0.13\lib\src\character_category.dart,C:\Users\loure\AppData\Local\Pub\Cache\hosted\pub.dev\bidi-2.0.13\lib\src\paragraph.dart,C:\Users\loure\AppData\Local\Pub\Cache\hosted\pub.dev\bidi-2.0.13\lib\src\stack.dart,C:\Users\loure\AppData\Local\Pub\Cache\hosted\pub.dev\bidi-2.0.13\lib\src\character_mirror.dart,C:\Users\loure\AppData\Local\Pub\Cache\hosted\pub.dev\bidi-2.0.13\lib\src\bidi_characters.dart,C:\Users\loure\AppData\Local\Pub\Cache\hosted\pub.dev\bidi-2.0.13\lib\src\shaping_resolver.dart,C:\Users\loure\AppData\Local\Pub\Cache\hosted\pub.dev\bidi-2.0.13\lib\src\unicode_character_resolver.dart,C:\Users\loure\AppData\Local\Pub\Cache\hosted\pub.dev\vector_math-2.2.0\lib\vector_math.dart,C:\Users\loure\AppData\Local\Pub\Cache\hosted\pub.dev\path_parsing-1.1.0\lib\src\path_segment_type.dart,C:\Users\loure\AppData\Local\Pub\Cache\hosted\pub.dev\image-4.3.0\lib\src\util\_internal.dart,C:\Users\loure\AppData\Local\Pub\Cache\hosted\pub.dev\image-4.3.0\lib\src\command\draw\composite_image_cmd.dart,C:\Users\loure\AppData\Local\Pub\Cache\hosted\pub.dev\image-4.3.0\lib\src\command\draw\draw_char_cmd.dart,C:\Users\loure\AppData\Local\Pub\Cache\hosted\pub.dev\image-4.3.0\lib\src\command\draw\draw_circle_cmd.dart,C:\Users\loure\AppData\Local\Pub\Cache\hosted\pub.dev\image-4.3.0\lib\src\command\draw\draw_line_cmd.dart,C:\Users\loure\AppData\Local\Pub\Cache\hosted\pub.dev\image-4.3.0\lib\src\command\draw\draw_pixel_cmd.dart,C:\Users\loure\AppData\Local\Pub\Cache\hosted\pub.dev\image-4.3.0\lib\src\command\draw\draw_polygon_cmd.dart,C:\Users\loure\AppData\Local\Pub\Cache\hosted\pub.dev\image-4.3.0\lib\src\command\draw\draw_rect_cmd.dart,C:\Users\loure\AppData\Local\Pub\Cache\hosted\pub.dev\image-4.3.0\lib\src\command\draw\draw_string_cmd.dart,C:\Users\loure\AppData\Local\Pub\Cache\hosted\pub.dev\image-4.3.0\lib\src\command\draw\fill_circle_cmd.dart,C:\Users\loure\AppData\Local\Pub\Cache\hosted\pub.dev\image-4.3.0\lib\src\command\draw\fill_cmd.dart,C:\Users\loure\AppData\Local\Pub\Cache\hosted\pub.dev\image-4.3.0\lib\src\command\draw\fill_flood_cmd.dart,C:\Users\loure\AppData\Local\Pub\Cache\hosted\pub.dev\image-4.3.0\lib\src\command\draw\fill_polygon_cmd.dart,C:\Users\loure\AppData\Local\Pub\Cache\hosted\pub.dev\image-4.3.0\lib\src\command\draw\fill_rect_cmd.dart,C:\Users\loure\AppData\Local\Pub\Cache\hosted\pub.dev\image-4.3.0\lib\src\command\filter\adjust_color_cmd.dart,C:\Users\loure\AppData\Local\Pub\Cache\hosted\pub.dev\image-4.3.0\lib\src\command\filter\billboard_cmd.dart,C:\Users\loure\AppData\Local\Pub\Cache\hosted\pub.dev\image-4.3.0\lib\src\command\filter\bleach_bypass_cmd.dart,C:\Users\loure\AppData\Local\Pub\Cache\hosted\pub.dev\image-4.3.0\lib\src\command\filter\bulge_distortion_cmd.dart,C:\Users\loure\AppData\Local\Pub\Cache\hosted\pub.dev\image-4.3.0\lib\src\command\filter\bump_to_normal_cmd.dart,C:\Users\loure\AppData\Local\Pub\Cache\hosted\pub.dev\image-4.3.0\lib\src\command\filter\chromatic_aberration_cmd.dart,C:\Users\loure\AppData\Local\Pub\Cache\hosted\pub.dev\image-4.3.0\lib\src\command\filter\color_halftone_cmd.dart,C:\Users\loure\AppData\Local\Pub\Cache\hosted\pub.dev\image-4.3.0\lib\src\command\filter\color_offset_cmd.dart,C:\Users\loure\AppData\Local\Pub\Cache\hosted\pub.dev\image-4.3.0\lib\src\command\filter\contrast_cmd.dart,C:\Users\loure\AppData\Local\Pub\Cache\hosted\pub.dev\image-4.3.0\lib\src\command\filter\convolution_cmd.dart,C:\Users\loure\AppData\Local\Pub\Cache\hosted\pub.dev\image-4.3.0\lib\src\command\filter\copy_image_channels_cmd.dart,C:\Users\loure\AppData\Local\Pub\Cache\hosted\pub.dev\image-4.3.0\lib\src\command\filter\dither_image_cmd.dart,C:\Users\loure\AppData\Local\Pub\Cache\hosted\pub.dev\image-4.3.0\lib\src\command\filter\dot_screen_cmd.dart,C:\Users\loure\AppData\Local\Pub\Cache\hosted\pub.dev\image-4.3.0\lib\src\command\filter\drop_shadow_cmd.dart,C:\Users\loure\AppData\Local\Pub\Cache\hosted\pub.dev\image-4.3.0\lib\src\command\filter\edge_glow_cmd.dart,C:\Users\loure\AppData\Local\Pub\Cache\hosted\pub.dev\image-4.3.0\lib\src\command\filter\emboss_cmd.dart,C:\Users\loure\AppData\Local\Pub\Cache\hosted\pub.dev\image-4.3.0\lib\src\command\filter\filter_cmd.dart,C:\Users\loure\AppData\Local\Pub\Cache\hosted\pub.dev\image-4.3.0\lib\src\command\filter\gamma_cmd.dart,C:\Users\loure\AppData\Local\Pub\Cache\hosted\pub.dev\image-4.3.0\lib\src\command\filter\gaussian_blur_cmd.dart,C:\Users\loure\AppData\Local\Pub\Cache\hosted\pub.dev\image-4.3.0\lib\src\command\filter\grayscale_cmd.dart,C:\Users\loure\AppData\Local\Pub\Cache\hosted\pub.dev\image-4.3.0\lib\src\command\filter\hdr_to_ldr_cmd.dart,C:\Users\loure\AppData\Local\Pub\Cache\hosted\pub.dev\image-4.3.0\lib\src\command\filter\hexagon_pixelate_cmd.dart,C:\Users\loure\AppData\Local\Pub\Cache\hosted\pub.dev\image-4.3.0\lib\src\command\filter\invert_cmd.dart,C:\Users\loure\AppData\Local\Pub\Cache\hosted\pub.dev\image-4.3.0\lib\src\command\filter\luminance_threshold_cmd.dart,C:\Users\loure\AppData\Local\Pub\Cache\hosted\pub.dev\image-4.3.0\lib\src\command\filter\monochrome_cmd.dart,C:\Users\loure\AppData\Local\Pub\Cache\hosted\pub.dev\image-4.3.0\lib\src\command\filter\noise_cmd.dart,C:\Users\loure\AppData\Local\Pub\Cache\hosted\pub.dev\image-4.3.0\lib\src\command\filter\normalize_cmd.dart,C:\Users\loure\AppData\Local\Pub\Cache\hosted\pub.dev\image-4.3.0\lib\src\command\filter\pixelate_cmd.dart,C:\Users\loure\AppData\Local\Pub\Cache\hosted\pub.dev\image-4.3.0\lib\src\command\filter\quantize_cmd.dart,C:\Users\loure\AppData\Local\Pub\Cache\hosted\pub.dev\image-4.3.0\lib\src\command\filter\reinhard_tonemap_cmd.dart,C:\Users\loure\AppData\Local\Pub\Cache\hosted\pub.dev\image-4.3.0\lib\src\command\filter\remap_colors_cmd.dart,C:\Users\loure\AppData\Local\Pub\Cache\hosted\pub.dev\image-4.3.0\lib\src\command\filter\scale_rgba_cmd.dart,C:\Users\loure\AppData\Local\Pub\Cache\hosted\pub.dev\image-4.3.0\lib\src\command\filter\separable_convolution_cmd.dart,C:\Users\loure\AppData\Local\Pub\Cache\hosted\pub.dev\image-4.3.0\lib\src\command\filter\sepia_cmd.dart,C:\Users\loure\AppData\Local\Pub\Cache\hosted\pub.dev\image-4.3.0\lib\src\command\filter\sketch_cmd.dart,C:\Users\loure\AppData\Local\Pub\Cache\hosted\pub.dev\image-4.3.0\lib\src\command\filter\smooth_cmd.dart,C:\Users\loure\AppData\Local\Pub\Cache\hosted\pub.dev\image-4.3.0\lib\src\command\filter\sobel_cmd.dart,C:\Users\loure\AppData\Local\Pub\Cache\hosted\pub.dev\image-4.3.0\lib\src\command\filter\stretch_distortion_cmd.dart,C:\Users\loure\AppData\Local\Pub\Cache\hosted\pub.dev\image-4.3.0\lib\src\command\filter\vignette_cmd.dart,C:\Users\loure\AppData\Local\Pub\Cache\hosted\pub.dev\image-4.3.0\lib\src\command\formats\bmp_cmd.dart,C:\Users\loure\AppData\Local\Pub\Cache\hosted\pub.dev\image-4.3.0\lib\src\command\formats\cur_cmd.dart,C:\Users\loure\AppData\Local\Pub\Cache\hosted\pub.dev\image-4.3.0\lib\src\command\formats\decode_image_cmd.dart,C:\Users\loure\AppData\Local\Pub\Cache\hosted\pub.dev\image-4.3.0\lib\src\command\formats\decode_image_file_cmd.dart,C:\Users\loure\AppData\Local\Pub\Cache\hosted\pub.dev\image-4.3.0\lib\src\command\formats\decode_named_image_cmd.dart,C:\Users\loure\AppData\Local\Pub\Cache\hosted\pub.dev\image-4.3.0\lib\src\command\formats\exr_cmd.dart,C:\Users\loure\AppData\Local\Pub\Cache\hosted\pub.dev\image-4.3.0\lib\src\command\formats\gif_cmd.dart,C:\Users\loure\AppData\Local\Pub\Cache\hosted\pub.dev\image-4.3.0\lib\src\command\formats\ico_cmd.dart,C:\Users\loure\AppData\Local\Pub\Cache\hosted\pub.dev\image-4.3.0\lib\src\command\formats\jpg_cmd.dart,C:\Users\loure\AppData\Local\Pub\Cache\hosted\pub.dev\image-4.3.0\lib\src\command\formats\png_cmd.dart,C:\Users\loure\AppData\Local\Pub\Cache\hosted\pub.dev\image-4.3.0\lib\src\command\formats\psd_cmd.dart,C:\Users\loure\AppData\Local\Pub\Cache\hosted\pub.dev\image-4.3.0\lib\src\command\formats\pvr_cmd.dart,C:\Users\loure\AppData\Local\Pub\Cache\hosted\pub.dev\image-4.3.0\lib\src\command\formats\tga_cmd.dart,C:\Users\loure\AppData\Local\Pub\Cache\hosted\pub.dev\image-4.3.0\lib\src\command\formats\tiff_cmd.dart,C:\Users\loure\AppData\Local\Pub\Cache\hosted\pub.dev\image-4.3.0\lib\src\command\formats\webp_cmd.dart,C:\Users\loure\AppData\Local\Pub\Cache\hosted\pub.dev\image-4.3.0\lib\src\command\formats\write_to_file_cmd.dart,C:\Users\loure\AppData\Local\Pub\Cache\hosted\pub.dev\image-4.3.0\lib\src\command\image\add_frames_cmd.dart,C:\Users\loure\AppData\Local\Pub\Cache\hosted\pub.dev\image-4.3.0\lib\src\command\image\convert_cmd.dart,C:\Users\loure\AppData\Local\Pub\Cache\hosted\pub.dev\image-4.3.0\lib\src\command\image\copy_image_cmd.dart,C:\Users\loure\AppData\Local\Pub\Cache\hosted\pub.dev\image-4.3.0\lib\src\command\image\create_image_cmd.dart,C:\Users\loure\AppData\Local\Pub\Cache\hosted\pub.dev\image-4.3.0\lib\src\command\image\image_cmd.dart,C:\Users\loure\AppData\Local\Pub\Cache\hosted\pub.dev\image-4.3.0\lib\src\command\transform\bake_orientation_cmd.dart,C:\Users\loure\AppData\Local\Pub\Cache\hosted\pub.dev\image-4.3.0\lib\src\command\transform\copy_crop_circle_cmd.dart,C:\Users\loure\AppData\Local\Pub\Cache\hosted\pub.dev\image-4.3.0\lib\src\command\transform\copy_crop_cmd.dart,C:\Users\loure\AppData\Local\Pub\Cache\hosted\pub.dev\image-4.3.0\lib\src\command\transform\copy_expand_canvas_cmd.dart,C:\Users\loure\AppData\Local\Pub\Cache\hosted\pub.dev\image-4.3.0\lib\src\command\transform\copy_flip_cmd.dart,C:\Users\loure\AppData\Local\Pub\Cache\hosted\pub.dev\image-4.3.0\lib\src\command\transform\copy_rectify_cmd.dart,C:\Users\loure\AppData\Local\Pub\Cache\hosted\pub.dev\image-4.3.0\lib\src\command\transform\copy_resize_cmd.dart,C:\Users\loure\AppData\Local\Pub\Cache\hosted\pub.dev\image-4.3.0\lib\src\command\transform\copy_resize_crop_square_cmd.dart,C:\Users\loure\AppData\Local\Pub\Cache\hosted\pub.dev\image-4.3.0\lib\src\command\transform\copy_rotate_cmd.dart,C:\Users\loure\AppData\Local\Pub\Cache\hosted\pub.dev\image-4.3.0\lib\src\command\transform\flip_cmd.dart,C:\Users\loure\AppData\Local\Pub\Cache\hosted\pub.dev\image-4.3.0\lib\src\command\transform\trim_cmd.dart,C:\Users\loure\AppData\Local\Pub\Cache\hosted\pub.dev\image-4.3.0\lib\src\command\_executor_io.dart,C:\Users\loure\AppData\Local\Pub\Cache\hosted\pub.dev\image-4.3.0\lib\src\util\math_util.dart,C:\Users\loure\AppData\Local\Pub\Cache\hosted\pub.dev\image-4.3.0\lib\src\draw\_calculate_circumference.dart,C:\Users\loure\AppData\Local\Pub\Cache\hosted\pub.dev\image-4.3.0\lib\src\draw\_draw_antialias_circle.dart,C:\Users\loure\AppData\Local\Pub\Cache\hosted\pub.dev\image-4.3.0\lib\src\util\_circle_test.dart,C:\Users\loure\AppData\Local\Pub\Cache\hosted\pub.dev\image-4.3.0\lib\src\util\rational.dart,C:\Users\loure\AppData\Local\Pub\Cache\hosted\pub.dev\image-4.3.0\lib\src\util\bit_utils.dart,C:\Users\loure\AppData\Local\Pub\Cache\hosted\pub.dev\archive-3.6.1\lib\archive.dart,C:\Users\loure\AppData\Local\Pub\Cache\hosted\pub.dev\image-4.3.0\lib\src\formats\bmp\bmp_info.dart,C:\Users\loure\AppData\Local\Pub\Cache\hosted\pub.dev\image-4.3.0\lib\src\formats\exr\exr_channel.dart,C:\Users\loure\AppData\Local\Pub\Cache\hosted\pub.dev\image-4.3.0\lib\src\formats\exr\exr_part.dart,C:\Users\loure\AppData\Local\Pub\Cache\hosted\pub.dev\image-4.3.0\lib\src\formats\cur_encoder.dart,C:\Users\loure\AppData\Local\Pub\Cache\hosted\pub.dev\image-4.3.0\lib\src\formats\ico_encoder.dart,C:\Users\loure\AppData\Local\Pub\Cache\hosted\pub.dev\image-4.3.0\lib\src\formats\jpeg\jpeg_util.dart,C:\Users\loure\AppData\Local\Pub\Cache\hosted\pub.dev\image-4.3.0\lib\src\formats\jpeg\_jpeg_huffman.dart,C:\Users\loure\AppData\Local\Pub\Cache\hosted\pub.dev\image-4.3.0\lib\src\formats\jpeg\_component_data.dart,C:\Users\loure\AppData\Local\Pub\Cache\hosted\pub.dev\image-4.3.0\lib\src\formats\jpeg\jpeg_marker.dart,C:\Users\loure\AppData\Local\Pub\Cache\hosted\pub.dev\image-4.3.0\lib\src\formats\jpeg\_jpeg_quantize_io.dart,C:\Users\loure\AppData\Local\Pub\Cache\hosted\pub.dev\image-4.3.0\lib\src\formats\psd\psd_channel.dart,C:\Users\loure\AppData\Local\Pub\Cache\hosted\pub.dev\image-4.3.0\lib\src\formats\psd\psd_image_resource.dart,C:\Users\loure\AppData\Local\Pub\Cache\hosted\pub.dev\image-4.3.0\lib\src\formats\psd\psd_layer.dart,C:\Users\loure\AppData\Local\Pub\Cache\hosted\pub.dev\image-4.3.0\lib\src\formats\pvr\pvr_packet.dart,C:\Users\loure\AppData\Local\Pub\Cache\hosted\pub.dev\image-4.3.0\lib\src\formats\pvr\pvr_bit_utility.dart,C:\Users\loure\AppData\Local\Pub\Cache\hosted\pub.dev\image-4.3.0\lib\src\formats\pvr\pvr_color.dart,C:\Users\loure\AppData\Local\Pub\Cache\hosted\pub.dev\image-4.3.0\lib\src\formats\pvr\pvr_color_bounding_box.dart,C:\Users\loure\AppData\Local\Pub\Cache\hosted\pub.dev\image-4.3.0\lib\src\formats\tiff\tiff_bit_reader.dart,C:\Users\loure\AppData\Local\Pub\Cache\hosted\pub.dev\image-4.3.0\lib\src\formats\tiff\tiff_entry.dart,C:\Users\loure\AppData\Local\Pub\Cache\hosted\pub.dev\image-4.3.0\lib\src\formats\tiff\tiff_fax_decoder.dart,C:\Users\loure\AppData\Local\Pub\Cache\hosted\pub.dev\image-4.3.0\lib\src\formats\tiff\tiff_lzw_decoder.dart,C:\Users\loure\AppData\Local\Pub\Cache\hosted\pub.dev\image-4.3.0\lib\src\formats\webp\webp_frame.dart,C:\Users\loure\AppData\Local\Pub\Cache\hosted\pub.dev\image-4.3.0\lib\src\formats\webp\vp8.dart,C:\Users\loure\AppData\Local\Pub\Cache\hosted\pub.dev\image-4.3.0\lib\src\formats\webp\vp8l.dart,C:\Users\loure\AppData\Local\Pub\Cache\hosted\pub.dev\image-4.3.0\lib\src\util\_file_access_io.dart,C:\Users\loure\AppData\Local\Pub\Cache\hosted\pub.dev\xml-6.6.1\lib\src\xml\dtd\external_id.dart,C:\Users\loure\AppData\Local\Pub\Cache\hosted\pub.dev\xml-6.6.1\lib\src\xml\nodes\data.dart,C:\Users\loure\AppData\Local\Pub\Cache\hosted\pub.dev\xml-6.6.1\lib\src\xml\utils\namespace.dart,C:\Users\loure\AppData\Local\Pub\Cache\hosted\pub.dev\xml-6.6.1\lib\src\xml\entities\named_entities.dart,C:\Users\loure\AppData\Local\Pub\Cache\hosted\pub.dev\petitparser-7.0.2\lib\core.dart,C:\Users\loure\AppData\Local\Pub\Cache\hosted\pub.dev\xml-6.6.1\lib\src\xml\utils\name_matcher.dart,C:\Users\loure\AppData\Local\Pub\Cache\hosted\pub.dev\xml-6.6.1\lib\src\xml\utils\node_list.dart,C:\Users\loure\AppData\Local\Pub\Cache\hosted\pub.dev\xml-6.6.1\lib\src\xml\utils\predicate.dart,C:\Users\loure\AppData\Local\Pub\Cache\hosted\pub.dev\xml-6.6.1\lib\xml_events.dart,C:\Users\loure\AppData\Local\Pub\Cache\hosted\pub.dev\xml-6.6.1\lib\src\xml\mixins\has_value.dart,C:\Users\loure\AppData\Local\Pub\Cache\hosted\pub.dev\xml-6.6.1\lib\src\xml\utils\prefix_name.dart,C:\Users\loure\AppData\Local\Pub\Cache\hosted\pub.dev\xml-6.6.1\lib\src\xml\utils\simple_name.dart,C:\Users\loure\AppData\Local\Pub\Cache\hosted\pub.dev\barcode-2.2.9\lib\src\barcode_hm.dart,C:\Users\loure\AppData\Local\Pub\Cache\hosted\pub.dev\qr-3.0.2\lib\src\bit_buffer.dart,C:\Users\loure\AppData\Local\Pub\Cache\hosted\pub.dev\qr-3.0.2\lib\src\error_correct_level.dart,C:\Users\loure\AppData\Local\Pub\Cache\hosted\pub.dev\qr-3.0.2\lib\src\input_too_long_exception.dart,C:\Users\loure\AppData\Local\Pub\Cache\hosted\pub.dev\qr-3.0.2\lib\src\qr_code.dart,C:\Users\loure\AppData\Local\Pub\Cache\hosted\pub.dev\qr-3.0.2\lib\src\qr_image.dart,C:\Users\loure\AppData\Local\Pub\Cache\hosted\pub.dev\pdf-3.10.8\lib\src\svg\mask_path.dart,C:\Users\loure\AppData\Local\Pub\Cache\hosted\pub.dev\pdf-3.10.8\lib\src\svg\colors.dart,C:\Users\loure\AppData\Local\Pub\Cache\hosted\pub.dev\pdf-3.10.8\lib\src\svg\gradient.dart,C:\Users\loure\AppData\Local\Pub\Cache\hosted\pub.dev\pdf-3.10.8\lib\src\svg\operation.dart,C:\Users\loure\AppData\Local\Pub\Cache\hosted\pub.dev\pdf-3.10.8\lib\src\svg\clip_path.dart,C:\Users\loure\AppData\Local\Pub\Cache\hosted\pub.dev\pdf-3.10.8\lib\src\svg\transform.dart,C:\Users\loure\AppData\Local\Pub\Cache\hosted\pub.dev\printing-5.11.0\lib\src\mutex.dart,C:\Users\loure\AppData\Local\Pub\Cache\hosted\pub.dev\http-1.6.0\lib\src\io_client.dart,C:\Users\loure\AppData\Local\Pub\Cache\hosted\pub.dev\http-1.6.0\lib\src\utils.dart,C:\Users\loure\AppData\Local\Pub\Cache\hosted\pub.dev\http_parser-4.1.2\lib\src\authentication_challenge.dart,C:\Users\loure\AppData\Local\Pub\Cache\hosted\pub.dev\http_parser-4.1.2\lib\src\case_insensitive_map.dart,C:\Users\loure\AppData\Local\Pub\Cache\hosted\pub.dev\http_parser-4.1.2\lib\src\chunked_coding.dart,C:\Users\loure\AppData\Local\Pub\Cache\hosted\pub.dev\http_parser-4.1.2\lib\src\http_date.dart,C:\Users\loure\AppData\Local\Pub\Cache\hosted\pub.dev\http_parser-4.1.2\lib\src\media_type.dart,C:\Users\loure\AppData\Local\Pub\Cache\hosted\pub.dev\http-1.6.0\lib\src\multipart_file_io.dart,C:\Users\loure\AppData\Local\Pub\Cache\hosted\pub.dev\http-1.6.0\lib\src\boundary_characters.dart,C:\Users\loure\AppData\Local\Pub\Cache\hosted\pub.dev\printing-5.11.0\lib\src\method_channel_ffi.dart,C:\Users\loure\AppData\Local\Pub\Cache\hosted\pub.dev\printing-5.11.0\lib\src\print_job.dart,C:\Users\loure\AppData\Local\Pub\Cache\hosted\pub.dev\vector_math-2.2.0\lib\src\vector_math\aabb2.dart,C:\Users\loure\AppData\Local\Pub\Cache\hosted\pub.dev\vector_math-2.2.0\lib\src\vector_math\aabb3.dart,C:\Users\loure\AppData\Local\Pub\Cache\hosted\pub.dev\vector_math-2.2.0\lib\src\vector_math\colors.dart,C:\Users\loure\AppData\Local\Pub\Cache\hosted\pub.dev\vector_math-2.2.0\lib\src\vector_math\constants.dart,C:\Users\loure\AppData\Local\Pub\Cache\hosted\pub.dev\vector_math-2.2.0\lib\src\vector_math\error_helpers.dart,C:\Users\loure\AppData\Local\Pub\Cache\hosted\pub.dev\vector_math-2.2.0\lib\src\vector_math\frustum.dart,C:\Users\loure\AppData\Local\Pub\Cache\hosted\pub.dev\vector_math-2.2.0\lib\src\vector_math\intersection_result.dart,C:\Users\loure\AppData\Local\Pub\Cache\hosted\pub.dev\vector_math-2.2.0\lib\src\vector_math\matrix2.dart,C:\Users\loure\AppData\Local\Pub\Cache\hosted\pub.dev\vector_math-2.2.0\lib\src\vector_math\matrix3.dart,C:\Users\loure\AppData\Local\Pub\Cache\hosted\pub.dev\vector_math-2.2.0\lib\src\vector_math\matrix4.dart,C:\Users\loure\AppData\Local\Pub\Cache\hosted\pub.dev\vector_math-2.2.0\lib\src\vector_math\noise.dart,C:\Users\loure\AppData\Local\Pub\Cache\hosted\pub.dev\vector_math-2.2.0\lib\src\vector_math\obb3.dart,C:\Users\loure\AppData\Local\Pub\Cache\hosted\pub.dev\vector_math-2.2.0\lib\src\vector_math\opengl.dart,C:\Users\loure\AppData\Local\Pub\Cache\hosted\pub.dev\vector_math-2.2.0\lib\src\vector_math\plane.dart,C:\Users\loure\AppData\Local\Pub\Cache\hosted\pub.dev\vector_math-2.2.0\lib\src\vector_math\quad.dart,C:\Users\loure\AppData\Local\Pub\Cache\hosted\pub.dev\vector_math-2.2.0\lib\src\vector_math\quaternion.dart,C:\Users\loure\AppData\Local\Pub\Cache\hosted\pub.dev\vector_math-2.2.0\lib\src\vector_math\ray.dart,C:\Users\loure\AppData\Local\Pub\Cache\hosted\pub.dev\vector_math-2.2.0\lib\src\vector_math\sphere.dart,C:\Users\loure\AppData\Local\Pub\Cache\hosted\pub.dev\vector_math-2.2.0\lib\src\vector_math\triangle.dart,C:\Users\loure\AppData\Local\Pub\Cache\hosted\pub.dev\vector_math-2.2.0\lib\src\vector_math\utilities.dart,C:\Users\loure\AppData\Local\Pub\Cache\hosted\pub.dev\vector_math-2.2.0\lib\src\vector_math\vector.dart,C:\Users\loure\AppData\Local\Pub\Cache\hosted\pub.dev\vector_math-2.2.0\lib\src\vector_math\vector2.dart,C:\Users\loure\AppData\Local\Pub\Cache\hosted\pub.dev\vector_math-2.2.0\lib\src\vector_math\vector3.dart,C:\Users\loure\AppData\Local\Pub\Cache\hosted\pub.dev\vector_math-2.2.0\lib\src\vector_math\vector4.dart,C:\Users\loure\AppData\Local\Pub\Cache\hosted\pub.dev\image-4.3.0\lib\src\command\execute_result.dart,C:\Users\loure\AppData\Local\Pub\Cache\hosted\pub.dev\archive-3.6.1\lib\src\archive.dart,C:\Users\loure\AppData\Local\Pub\Cache\hosted\pub.dev\archive-3.6.1\lib\src\archive_file.dart,C:\Users\loure\AppData\Local\Pub\Cache\hosted\pub.dev\archive-3.6.1\lib\src\bzip2\bz2_bit_reader.dart,C:\Users\loure\AppData\Local\Pub\Cache\hosted\pub.dev\archive-3.6.1\lib\src\bzip2\bz2_bit_writer.dart,C:\Users\loure\AppData\Local\Pub\Cache\hosted\pub.dev\archive-3.6.1\lib\src\bzip2\bzip2.dart,C:\Users\loure\AppData\Local\Pub\Cache\hosted\pub.dev\archive-3.6.1\lib\src\bzip2_decoder.dart,C:\Users\loure\AppData\Local\Pub\Cache\hosted\pub.dev\archive-3.6.1\lib\src\bzip2_encoder.dart,C:\Users\loure\AppData\Local\Pub\Cache\hosted\pub.dev\archive-3.6.1\lib\src\gzip_decoder.dart,C:\Users\loure\AppData\Local\Pub\Cache\hosted\pub.dev\archive-3.6.1\lib\src\gzip_encoder.dart,C:\Users\loure\AppData\Local\Pub\Cache\hosted\pub.dev\archive-3.6.1\lib\src\tar\tar_file.dart,C:\Users\loure\AppData\Local\Pub\Cache\hosted\pub.dev\archive-3.6.1\lib\src\tar_decoder.dart,C:\Users\loure\AppData\Local\Pub\Cache\hosted\pub.dev\archive-3.6.1\lib\src\tar_encoder.dart,C:\Users\loure\AppData\Local\Pub\Cache\hosted\pub.dev\archive-3.6.1\lib\src\util\abstract_file_handle.dart,C:\Users\loure\AppData\Local\Pub\Cache\hosted\pub.dev\archive-3.6.1\lib\src\util\adler32.dart,C:\Users\loure\AppData\Local\Pub\Cache\hosted\pub.dev\archive-3.6.1\lib\src\util\aes.dart,C:\Users\loure\AppData\Local\Pub\Cache\hosted\pub.dev\archive-3.6.1\lib\src\util\archive_exception.dart,C:\Users\loure\AppData\Local\Pub\Cache\hosted\pub.dev\archive-3.6.1\lib\src\util\byte_order.dart,C:\Users\loure\AppData\Local\Pub\Cache\hosted\pub.dev\archive-3.6.1\lib\src\util\crc32.dart,C:\Users\loure\AppData\Local\Pub\Cache\hosted\pub.dev\archive-3.6.1\lib\src\util\crc64.dart,C:\Users\loure\AppData\Local\Pub\Cache\hosted\pub.dev\archive-3.6.1\lib\src\util\input_stream.dart,C:\Users\loure\AppData\Local\Pub\Cache\hosted\pub.dev\archive-3.6.1\lib\src\util\mem_ptr.dart,C:\Users\loure\AppData\Local\Pub\Cache\hosted\pub.dev\archive-3.6.1\lib\src\util\output_stream.dart,C:\Users\loure\AppData\Local\Pub\Cache\hosted\pub.dev\archive-3.6.1\lib\src\util\ram_file_handle.dart,C:\Users\loure\AppData\Local\Pub\Cache\hosted\pub.dev\archive-3.6.1\lib\src\xz_decoder.dart,C:\Users\loure\AppData\Local\Pub\Cache\hosted\pub.dev\archive-3.6.1\lib\src\xz_encoder.dart,C:\Users\loure\AppData\Local\Pub\Cache\hosted\pub.dev\archive-3.6.1\lib\src\zip\zip_directory.dart,C:\Users\loure\AppData\Local\Pub\Cache\hosted\pub.dev\archive-3.6.1\lib\src\zip\zip_file.dart,C:\Users\loure\AppData\Local\Pub\Cache\hosted\pub.dev\archive-3.6.1\lib\src\zip\zip_file_header.dart,C:\Users\loure\AppData\Local\Pub\Cache\hosted\pub.dev\archive-3.6.1\lib\src\zip_decoder.dart,C:\Users\loure\AppData\Local\Pub\Cache\hosted\pub.dev\archive-3.6.1\lib\src\zip_encoder.dart,C:\Users\loure\AppData\Local\Pub\Cache\hosted\pub.dev\archive-3.6.1\lib\src\zlib\deflate.dart,C:\Users\loure\AppData\Local\Pub\Cache\hosted\pub.dev\archive-3.6.1\lib\src\zlib\huffman_table.dart,C:\Users\loure\AppData\Local\Pub\Cache\hosted\pub.dev\archive-3.6.1\lib\src\zlib\inflate.dart,C:\Users\loure\AppData\Local\Pub\Cache\hosted\pub.dev\archive-3.6.1\lib\src\zlib\inflate_buffer.dart,C:\Users\loure\AppData\Local\Pub\Cache\hosted\pub.dev\archive-3.6.1\lib\src\zlib\zlib_decoder_base.dart,C:\Users\loure\AppData\Local\Pub\Cache\hosted\pub.dev\archive-3.6.1\lib\src\zlib\zlib_decoder_stub.dart,C:\Users\loure\AppData\Local\Pub\Cache\hosted\pub.dev\archive-3.6.1\lib\src\zlib_decoder.dart,C:\Users\loure\AppData\Local\Pub\Cache\hosted\pub.dev\archive-3.6.1\lib\src\zlib_encoder.dart,C:\Users\loure\AppData\Local\Pub\Cache\hosted\pub.dev\image-4.3.0\lib\src\formats\exr\exr_attribute.dart,C:\Users\loure\AppData\Local\Pub\Cache\hosted\pub.dev\image-4.3.0\lib\src\formats\exr\exr_compressor.dart,C:\Users\loure\AppData\Local\Pub\Cache\hosted\pub.dev\image-4.3.0\lib\src\formats\psd\effect\psd_bevel_effect.dart,C:\Users\loure\AppData\Local\Pub\Cache\hosted\pub.dev\image-4.3.0\lib\src\formats\psd\effect\psd_drop_shadow_effect.dart,C:\Users\loure\AppData\Local\Pub\Cache\hosted\pub.dev\image-4.3.0\lib\src\formats\psd\effect\psd_effect.dart,C:\Users\loure\AppData\Local\Pub\Cache\hosted\pub.dev\image-4.3.0\lib\src\formats\psd\effect\psd_inner_glow_effect.dart,C:\Users\loure\AppData\Local\Pub\Cache\hosted\pub.dev\image-4.3.0\lib\src\formats\psd\effect\psd_inner_shadow_effect.dart,C:\Users\loure\AppData\Local\Pub\Cache\hosted\pub.dev\image-4.3.0\lib\src\formats\psd\effect\psd_outer_glow_effect.dart,C:\Users\loure\AppData\Local\Pub\Cache\hosted\pub.dev\image-4.3.0\lib\src\formats\psd\effect\psd_solid_fill_effect.dart,C:\Users\loure\AppData\Local\Pub\Cache\hosted\pub.dev\image-4.3.0\lib\src\formats\psd\layer_data\psd_layer_additional_data.dart,C:\Users\loure\AppData\Local\Pub\Cache\hosted\pub.dev\image-4.3.0\lib\src\formats\psd\layer_data\psd_layer_section_divider.dart,C:\Users\loure\AppData\Local\Pub\Cache\hosted\pub.dev\image-4.3.0\lib\src\formats\psd\psd_blending_ranges.dart,C:\Users\loure\AppData\Local\Pub\Cache\hosted\pub.dev\image-4.3.0\lib\src\formats\psd\psd_layer_data.dart,C:\Users\loure\AppData\Local\Pub\Cache\hosted\pub.dev\image-4.3.0\lib\src\formats\psd\psd_mask.dart,C:\Users\loure\AppData\Local\Pub\Cache\hosted\pub.dev\image-4.3.0\lib\src\formats\webp\vp8_bit_reader.dart,C:\Users\loure\AppData\Local\Pub\Cache\hosted\pub.dev\image-4.3.0\lib\src\formats\webp\vp8_filter.dart,C:\Users\loure\AppData\Local\Pub\Cache\hosted\pub.dev\image-4.3.0\lib\src\formats\webp\vp8_types.dart,C:\Users\loure\AppData\Local\Pub\Cache\hosted\pub.dev\image-4.3.0\lib\src\formats\webp\webp_alpha.dart,C:\Users\loure\AppData\Local\Pub\Cache\hosted\pub.dev\image-4.3.0\lib\src\formats\webp\vp8l_bit_reader.dart,C:\Users\loure\AppData\Local\Pub\Cache\hosted\pub.dev\image-4.3.0\lib\src\formats\webp\vp8l_color_cache.dart,C:\Users\loure\AppData\Local\Pub\Cache\hosted\pub.dev\image-4.3.0\lib\src\formats\webp\vp8l_transform.dart,C:\Users\loure\AppData\Local\Pub\Cache\hosted\pub.dev\image-4.3.0\lib\src\formats\webp\webp_huffman.dart,C:\Users\loure\AppData\Local\Pub\Cache\hosted\pub.dev\petitparser-7.0.2\lib\src\core\context.dart,C:\Users\loure\AppData\Local\Pub\Cache\hosted\pub.dev\petitparser-7.0.2\lib\src\core\exception.dart,C:\Users\loure\AppData\Local\Pub\Cache\hosted\pub.dev\petitparser-7.0.2\lib\src\core\parser.dart,C:\Users\loure\AppData\Local\Pub\Cache\hosted\pub.dev\petitparser-7.0.2\lib\src\core\result.dart,C:\Users\loure\AppData\Local\Pub\Cache\hosted\pub.dev\petitparser-7.0.2\lib\src\core\token.dart,C:\Users\loure\AppData\Local\Pub\Cache\hosted\pub.dev\xml-6.6.1\lib\src\xml_events\event.dart,C:\Users\loure\AppData\Local\Pub\Cache\hosted\pub.dev\xml-6.6.1\lib\src\xml_events\iterable.dart,C:\Users\loure\AppData\Local\Pub\Cache\hosted\pub.dev\xml-6.6.1\lib\src\xml_events\codec\event_codec.dart,C:\Users\loure\AppData\Local\Pub\Cache\hosted\pub.dev\xml-6.6.1\lib\src\xml_events\codec\node_codec.dart,C:\Users\loure\AppData\Local\Pub\Cache\hosted\pub.dev\xml-6.6.1\lib\src\xml_events\converters\event_decoder.dart,C:\Users\loure\AppData\Local\Pub\Cache\hosted\pub.dev\xml-6.6.1\lib\src\xml_events\converters\event_encoder.dart,C:\Users\loure\AppData\Local\Pub\Cache\hosted\pub.dev\xml-6.6.1\lib\src\xml_events\converters\node_decoder.dart,C:\Users\loure\AppData\Local\Pub\Cache\hosted\pub.dev\xml-6.6.1\lib\src\xml_events\converters\node_encoder.dart,C:\Users\loure\AppData\Local\Pub\Cache\hosted\pub.dev\xml-6.6.1\lib\src\xml_events\events\cdata.dart,C:\Users\loure\AppData\Local\Pub\Cache\hosted\pub.dev\xml-6.6.1\lib\src\xml_events\events\comment.dart,C:\Users\loure\AppData\Local\Pub\Cache\hosted\pub.dev\xml-6.6.1\lib\src\xml_events\events\declaration.dart,C:\Users\loure\AppData\Local\Pub\Cache\hosted\pub.dev\xml-6.6.1\lib\src\xml_events\events\doctype.dart,C:\Users\loure\AppData\Local\Pub\Cache\hosted\pub.dev\xml-6.6.1\lib\src\xml_events\events\end_element.dart,C:\Users\loure\AppData\Local\Pub\Cache\hosted\pub.dev\xml-6.6.1\lib\src\xml_events\events\processing.dart,C:\Users\loure\AppData\Local\Pub\Cache\hosted\pub.dev\xml-6.6.1\lib\src\xml_events\events\start_element.dart,C:\Users\loure\AppData\Local\Pub\Cache\hosted\pub.dev\xml-6.6.1\lib\src\xml_events\events\text.dart,C:\Users\loure\AppData\Local\Pub\Cache\hosted\pub.dev\xml-6.6.1\lib\src\xml_events\streams\each_event.dart,C:\Users\loure\AppData\Local\Pub\Cache\hosted\pub.dev\xml-6.6.1\lib\src\xml_events\streams\flatten.dart,C:\Users\loure\AppData\Local\Pub\Cache\hosted\pub.dev\xml-6.6.1\lib\src\xml_events\streams\normalizer.dart,C:\Users\loure\AppData\Local\Pub\Cache\hosted\pub.dev\xml-6.6.1\lib\src\xml_events\streams\subtree_selector.dart,C:\Users\loure\AppData\Local\Pub\Cache\hosted\pub.dev\xml-6.6.1\lib\src\xml_events\streams\with_parent.dart,C:\Users\loure\AppData\Local\Pub\Cache\hosted\pub.dev\xml-6.6.1\lib\src\xml_events\utils\event_attribute.dart,C:\Users\loure\AppData\Local\Pub\Cache\hosted\pub.dev\xml-6.6.1\lib\src\xml_events\visitor.dart,C:\Users\loure\AppData\Local\Pub\Cache\hosted\pub.dev\qr-3.0.2\lib\src\byte.dart,C:\Users\loure\AppData\Local\Pub\Cache\hosted\pub.dev\qr-3.0.2\lib\src\math.dart,C:\Users\loure\AppData\Local\Pub\Cache\hosted\pub.dev\qr-3.0.2\lib\src\mode.dart,C:\Users\loure\AppData\Local\Pub\Cache\hosted\pub.dev\qr-3.0.2\lib\src\polynomial.dart,C:\Users\loure\AppData\Local\Pub\Cache\hosted\pub.dev\qr-3.0.2\lib\src\rs_block.dart,C:\Users\loure\AppData\Local\Pub\Cache\hosted\pub.dev\qr-3.0.2\lib\src\mask_pattern.dart,C:\Users\loure\AppData\Local\Pub\Cache\hosted\pub.dev\qr-3.0.2\lib\src\util.dart,C:\Users\loure\AppData\Local\Pub\Cache\hosted\pub.dev\pdf-3.10.8\lib\src\svg\image.dart,C:\Users\loure\AppData\Local\Pub\Cache\hosted\pub.dev\pdf-3.10.8\lib\src\svg\path.dart,C:\Users\loure\AppData\Local\Pub\Cache\hosted\pub.dev\pdf-3.10.8\lib\src\svg\symbol.dart,C:\Users\loure\AppData\Local\Pub\Cache\hosted\pub.dev\pdf-3.10.8\lib\src\svg\text.dart,C:\Users\loure\AppData\Local\Pub\Cache\hosted\pub.dev\pdf-3.10.8\lib\src\svg\use.dart,C:\Users\loure\AppData\Local\Pub\Cache\hosted\pub.dev\http-1.6.0\lib\src\io_streamed_response.dart,C:\Users\loure\AppData\Local\Pub\Cache\hosted\pub.dev\string_scanner-1.4.1\lib\string_scanner.dart,C:\Users\loure\AppData\Local\Pub\Cache\hosted\pub.dev\http_parser-4.1.2\lib\src\scan.dart,C:\Users\loure\AppData\Local\Pub\Cache\hosted\pub.dev\http_parser-4.1.2\lib\src\utils.dart,C:\Users\loure\AppData\Local\Pub\Cache\hosted\pub.dev\http_parser-4.1.2\lib\src\chunked_coding\decoder.dart,C:\Users\loure\AppData\Local\Pub\Cache\hosted\pub.dev\http_parser-4.1.2\lib\src\chunked_coding\encoder.dart,C:\Users\loure\AppData\Local\Pub\Cache\hosted\pub.dev\ffi-2.2.0\lib\ffi.dart,C:\Users\loure\AppData\Local\Pub\Cache\hosted\pub.dev\archive-3.6.1\lib\src\util\_file_content.dart,C:\Users\loure\AppData\Local\Pub\Cache\hosted\pub.dev\archive-3.6.1\lib\src\util\encryption.dart,C:\Users\loure\AppData\Local\Pub\Cache\hosted\pub.dev\archive-3.6.1\lib\src\util\_crc64_io.dart,C:\Users\loure\AppData\Local\Pub\Cache\hosted\pub.dev\archive-3.6.1\lib\src\lzma\lzma_decoder.dart,C:\Users\loure\AppData\Local\Pub\Cache\hosted\pub.dev\archive-3.6.1\lib\src\zlib\_inflate_buffer_io.dart,C:\Users\loure\AppData\Local\Pub\Cache\hosted\pub.dev\archive-3.6.1\lib\src\zlib\_zlib_decoder_io.dart,C:\Users\loure\AppData\Local\Pub\Cache\hosted\pub.dev\image-4.3.0\lib\src\formats\exr\exr_b44_compressor.dart,C:\Users\loure\AppData\Local\Pub\Cache\hosted\pub.dev\image-4.3.0\lib\src\formats\exr\exr_piz_compressor.dart,C:\Users\loure\AppData\Local\Pub\Cache\hosted\pub.dev\image-4.3.0\lib\src\formats\exr\exr_pxr24_compressor.dart,C:\Users\loure\AppData\Local\Pub\Cache\hosted\pub.dev\image-4.3.0\lib\src\formats\exr\exr_rle_compressor.dart,C:\Users\loure\AppData\Local\Pub\Cache\hosted\pub.dev\image-4.3.0\lib\src\formats\exr\exr_zip_compressor.dart,C:\Users\loure\AppData\Local\Pub\Cache\hosted\pub.dev\image-4.3.0\lib\src\formats\webp\webp_filters.dart,C:\Users\loure\AppData\Local\Pub\Cache\hosted\pub.dev\petitparser-7.0.2\lib\src\shared\pragma.dart,C:\Users\loure\AppData\Local\Pub\Cache\hosted\pub.dev\petitparser-7.0.2\lib\src\matcher\matches.dart,C:\Users\loure\AppData\Local\Pub\Cache\hosted\pub.dev\petitparser-7.0.2\lib\src\parser\action\token.dart,C:\Users\loure\AppData\Local\Pub\Cache\hosted\pub.dev\petitparser-7.0.2\lib\src\parser\misc\newline.dart,C:\Users\loure\AppData\Local\Pub\Cache\hosted\pub.dev\xml-6.6.1\lib\src\xml_events\annotations\has_buffer.dart,C:\Users\loure\AppData\Local\Pub\Cache\hosted\pub.dev\xml-6.6.1\lib\src\xml_events\annotations\has_location.dart,C:\Users\loure\AppData\Local\Pub\Cache\hosted\pub.dev\xml-6.6.1\lib\src\xml_events\annotations\has_parent.dart,C:\Users\loure\AppData\Local\Pub\Cache\hosted\pub.dev\xml-6.6.1\lib\src\xml_events\annotations\annotator.dart,C:\Users\loure\AppData\Local\Pub\Cache\hosted\pub.dev\xml-6.6.1\lib\src\xml_events\iterator.dart,C:\Users\loure\AppData\Local\Pub\Cache\hosted\pub.dev\petitparser-7.0.2\lib\petitparser.dart,C:\Users\loure\AppData\Local\Pub\Cache\hosted\pub.dev\xml-6.6.1\lib\src\xml_events\parser.dart,C:\Users\loure\AppData\Local\Pub\Cache\hosted\pub.dev\xml-6.6.1\lib\src\xml_events\utils\conversion_sink.dart,C:\Users\loure\AppData\Local\Pub\Cache\hosted\pub.dev\xml-6.6.1\lib\src\xml_events\utils\list_converter.dart,C:\Users\loure\AppData\Local\Pub\Cache\hosted\pub.dev\xml-6.6.1\lib\src\xml_events\utils\named.dart,C:\Users\loure\AppData\Local\Pub\Cache\hosted\pub.dev\string_scanner-1.4.1\lib\src\exception.dart,C:\Users\loure\AppData\Local\Pub\Cache\hosted\pub.dev\string_scanner-1.4.1\lib\src\line_scanner.dart,C:\Users\loure\AppData\Local\Pub\Cache\hosted\pub.dev\string_scanner-1.4.1\lib\src\span_scanner.dart,C:\Users\loure\AppData\Local\Pub\Cache\hosted\pub.dev\string_scanner-1.4.1\lib\src\string_scanner.dart,C:\Users\loure\AppData\Local\Pub\Cache\hosted\pub.dev\source_span-1.10.2\lib\source_span.dart,C:\Users\loure\AppData\Local\Pub\Cache\hosted\pub.dev\typed_data-1.4.0\lib\typed_data.dart,C:\Users\loure\AppData\Local\Pub\Cache\hosted\pub.dev\http_parser-4.1.2\lib\src\chunked_coding\charcodes.dart,C:\Users\loure\AppData\Local\Pub\Cache\hosted\pub.dev\ffi-2.2.0\lib\src\allocation.dart,C:\Users\loure\AppData\Local\Pub\Cache\hosted\pub.dev\ffi-2.2.0\lib\src\arena.dart,C:\Users\loure\AppData\Local\Pub\Cache\hosted\pub.dev\ffi-2.2.0\lib\src\utf16.dart,C:\Users\loure\AppData\Local\Pub\Cache\hosted\pub.dev\ffi-2.2.0\lib\src\utf8.dart,C:\Users\loure\AppData\Local\Pub\Cache\hosted\pub.dev\archive-3.6.1\lib\src\lzma\range_decoder.dart,C:\Users\loure\AppData\Local\Pub\Cache\hosted\pub.dev\image-4.3.0\lib\src\formats\exr\exr_huffman.dart,C:\Users\loure\AppData\Local\Pub\Cache\hosted\pub.dev\image-4.3.0\lib\src\formats\exr\exr_wavelet.dart,C:\Users\loure\AppData\Local\Pub\Cache\hosted\pub.dev\petitparser-7.0.2\lib\src\matcher\matches\matches_iterable.dart,C:\Users\loure\AppData\Local\Pub\Cache\hosted\pub.dev\petitparser-7.0.2\lib\src\parser\combinator\delegate.dart,C:\Users\loure\AppData\Local\Pub\Cache\hosted\pub.dev\petitparser-7.0.2\lib\definition.dart,C:\Users\loure\AppData\Local\Pub\Cache\hosted\pub.dev\petitparser-7.0.2\lib\expression.dart,C:\Users\loure\AppData\Local\Pub\Cache\hosted\pub.dev\petitparser-7.0.2\lib\matcher.dart,C:\Users\loure\AppData\Local\Pub\Cache\hosted\pub.dev\petitparser-7.0.2\lib\parser.dart,C:\Users\loure\AppData\Local\Pub\Cache\hosted\pub.dev\xml-6.6.1\lib\src\xml\utils\cache.dart,C:\Users\loure\AppData\Local\Pub\Cache\hosted\pub.dev\xml-6.6.1\lib\src\xml\utils\character_data_parser.dart,C:\Users\loure\AppData\Local\Pub\Cache\hosted\pub.dev\string_scanner-1.4.1\lib\src\charcode.dart,C:\Users\loure\AppData\Local\Pub\Cache\hosted\pub.dev\string_scanner-1.4.1\lib\src\utils.dart,C:\Users\loure\AppData\Local\Pub\Cache\hosted\pub.dev\string_scanner-1.4.1\lib\src\eager_span_scanner.dart,C:\Users\loure\AppData\Local\Pub\Cache\hosted\pub.dev\string_scanner-1.4.1\lib\src\relative_span_scanner.dart,C:\Users\loure\AppData\Local\Pub\Cache\hosted\pub.dev\source_span-1.10.2\lib\src\file.dart,C:\Users\loure\AppData\Local\Pub\Cache\hosted\pub.dev\source_span-1.10.2\lib\src\location.dart,C:\Users\loure\AppData\Local\Pub\Cache\hosted\pub.dev\source_span-1.10.2\lib\src\location_mixin.dart,C:\Users\loure\AppData\Local\Pub\Cache\hosted\pub.dev\source_span-1.10.2\lib\src\span.dart,C:\Users\loure\AppData\Local\Pub\Cache\hosted\pub.dev\source_span-1.10.2\lib\src\span_exception.dart,C:\Users\loure\AppData\Local\Pub\Cache\hosted\pub.dev\source_span-1.10.2\lib\src\span_mixin.dart,C:\Users\loure\AppData\Local\Pub\Cache\hosted\pub.dev\source_span-1.10.2\lib\src\span_with_context.dart,C:\Users\loure\AppData\Local\Pub\Cache\hosted\pub.dev\typed_data-1.4.0\lib\src\typed_queue.dart,C:\Users\loure\AppData\Local\Pub\Cache\hosted\pub.dev\typed_data-1.4.0\lib\typed_buffers.dart,C:\Users\loure\AppData\Local\Pub\Cache\hosted\pub.dev\petitparser-7.0.2\lib\src\matcher\matches\matches_iterator.dart,C:\Users\loure\AppData\Local\Pub\Cache\hosted\pub.dev\petitparser-7.0.2\lib\src\definition\grammar.dart,C:\Users\loure\AppData\Local\Pub\Cache\hosted\pub.dev\petitparser-7.0.2\lib\src\definition\reference.dart,C:\Users\loure\AppData\Local\Pub\Cache\hosted\pub.dev\petitparser-7.0.2\lib\src\definition\resolve.dart,C:\Users\loure\AppData\Local\Pub\Cache\hosted\pub.dev\petitparser-7.0.2\lib\src\expression\builder.dart,C:\Users\loure\AppData\Local\Pub\Cache\hosted\pub.dev\petitparser-7.0.2\lib\src\expression\group.dart,C:\Users\loure\AppData\Local\Pub\Cache\hosted\pub.dev\petitparser-7.0.2\lib\src\matcher\accept.dart,C:\Users\loure\AppData\Local\Pub\Cache\hosted\pub.dev\petitparser-7.0.2\lib\src\matcher\pattern.dart,C:\Users\loure\AppData\Local\Pub\Cache\hosted\pub.dev\petitparser-7.0.2\lib\src\parser\action\cast.dart,C:\Users\loure\AppData\Local\Pub\Cache\hosted\pub.dev\petitparser-7.0.2\lib\src\parser\action\cast_list.dart,C:\Users\loure\AppData\Local\Pub\Cache\hosted\pub.dev\petitparser-7.0.2\lib\src\parser\action\constant.dart,C:\Users\loure\AppData\Local\Pub\Cache\hosted\pub.dev\petitparser-7.0.2\lib\src\parser\action\continuation.dart,C:\Users\loure\AppData\Local\Pub\Cache\hosted\pub.dev\petitparser-7.0.2\lib\src\parser\action\flatten.dart,C:\Users\loure\AppData\Local\Pub\Cache\hosted\pub.dev\petitparser-7.0.2\lib\src\parser\action\map.dart,C:\Users\loure\AppData\Local\Pub\Cache\hosted\pub.dev\petitparser-7.0.2\lib\src\parser\action\permute.dart,C:\Users\loure\AppData\Local\Pub\Cache\hosted\pub.dev\petitparser-7.0.2\lib\src\parser\action\pick.dart,C:\Users\loure\AppData\Local\Pub\Cache\hosted\pub.dev\petitparser-7.0.2\lib\src\parser\action\trim.dart,C:\Users\loure\AppData\Local\Pub\Cache\hosted\pub.dev\petitparser-7.0.2\lib\src\parser\action\where.dart,C:\Users\loure\AppData\Local\Pub\Cache\hosted\pub.dev\petitparser-7.0.2\lib\src\parser\character\any.dart,C:\Users\loure\AppData\Local\Pub\Cache\hosted\pub.dev\petitparser-7.0.2\lib\src\parser\character\any_of.dart,C:\Users\loure\AppData\Local\Pub\Cache\hosted\pub.dev\petitparser-7.0.2\lib\src\parser\character\char.dart,C:\Users\loure\AppData\Local\Pub\Cache\hosted\pub.dev\petitparser-7.0.2\lib\src\parser\character\digit.dart,C:\Users\loure\AppData\Local\Pub\Cache\hosted\pub.dev\petitparser-7.0.2\lib\src\parser\character\letter.dart,C:\Users\loure\AppData\Local\Pub\Cache\hosted\pub.dev\petitparser-7.0.2\lib\src\parser\character\lowercase.dart,C:\Users\loure\AppData\Local\Pub\Cache\hosted\pub.dev\petitparser-7.0.2\lib\src\parser\character\none_of.dart,C:\Users\loure\AppData\Local\Pub\Cache\hosted\pub.dev\petitparser-7.0.2\lib\src\parser\character\pattern.dart,C:\Users\loure\AppData\Local\Pub\Cache\hosted\pub.dev\petitparser-7.0.2\lib\src\parser\character\predicate.dart,C:\Users\loure\AppData\Local\Pub\Cache\hosted\pub.dev\petitparser-7.0.2\lib\src\parser\character\range.dart,C:\Users\loure\AppData\Local\Pub\Cache\hosted\pub.dev\petitparser-7.0.2\lib\src\parser\character\uppercase.dart,C:\Users\loure\AppData\Local\Pub\Cache\hosted\pub.dev\petitparser-7.0.2\lib\src\parser\character\whitespace.dart,C:\Users\loure\AppData\Local\Pub\Cache\hosted\pub.dev\petitparser-7.0.2\lib\src\parser\character\word.dart,C:\Users\loure\AppData\Local\Pub\Cache\hosted\pub.dev\petitparser-7.0.2\lib\src\parser\combinator\and.dart,C:\Users\loure\AppData\Local\Pub\Cache\hosted\pub.dev\petitparser-7.0.2\lib\src\parser\combinator\choice.dart,C:\Users\loure\AppData\Local\Pub\Cache\hosted\pub.dev\petitparser-7.0.2\lib\src\parser\combinator\list.dart,C:\Users\loure\AppData\Local\Pub\Cache\hosted\pub.dev\petitparser-7.0.2\lib\src\parser\combinator\not.dart,C:\Users\loure\AppData\Local\Pub\Cache\hosted\pub.dev\petitparser-7.0.2\lib\src\parser\combinator\optional.dart,C:\Users\loure\AppData\Local\Pub\Cache\hosted\pub.dev\petitparser-7.0.2\lib\src\parser\combinator\sequence.dart,C:\Users\loure\AppData\Local\Pub\Cache\hosted\pub.dev\petitparser-7.0.2\lib\src\parser\combinator\settable.dart,C:\Users\loure\AppData\Local\Pub\Cache\hosted\pub.dev\petitparser-7.0.2\lib\src\parser\combinator\skip.dart,C:\Users\loure\AppData\Local\Pub\Cache\hosted\pub.dev\petitparser-7.0.2\lib\src\parser\misc\end.dart,C:\Users\loure\AppData\Local\Pub\Cache\hosted\pub.dev\petitparser-7.0.2\lib\src\parser\misc\epsilon.dart,C:\Users\loure\AppData\Local\Pub\Cache\hosted\pub.dev\petitparser-7.0.2\lib\src\parser\misc\failure.dart,C:\Users\loure\AppData\Local\Pub\Cache\hosted\pub.dev\petitparser-7.0.2\lib\src\parser\misc\label.dart,C:\Users\loure\AppData\Local\Pub\Cache\hosted\pub.dev\petitparser-7.0.2\lib\src\parser\misc\position.dart,C:\Users\loure\AppData\Local\Pub\Cache\hosted\pub.dev\petitparser-7.0.2\lib\src\parser\predicate\character.dart,C:\Users\loure\AppData\Local\Pub\Cache\hosted\pub.dev\petitparser-7.0.2\lib\src\parser\predicate\converter.dart,C:\Users\loure\AppData\Local\Pub\Cache\hosted\pub.dev\petitparser-7.0.2\lib\src\parser\predicate\pattern.dart,C:\Users\loure\AppData\Local\Pub\Cache\hosted\pub.dev\petitparser-7.0.2\lib\src\parser\predicate\predicate.dart,C:\Users\loure\AppData\Local\Pub\Cache\hosted\pub.dev\petitparser-7.0.2\lib\src\parser\predicate\single_character.dart,C:\Users\loure\AppData\Local\Pub\Cache\hosted\pub.dev\petitparser-7.0.2\lib\src\parser\predicate\string.dart,C:\Users\loure\AppData\Local\Pub\Cache\hosted\pub.dev\petitparser-7.0.2\lib\src\parser\predicate\unicode_character.dart,C:\Users\loure\AppData\Local\Pub\Cache\hosted\pub.dev\petitparser-7.0.2\lib\src\parser\repeater\character.dart,C:\Users\loure\AppData\Local\Pub\Cache\hosted\pub.dev\petitparser-7.0.2\lib\src\parser\repeater\greedy.dart,C:\Users\loure\AppData\Local\Pub\Cache\hosted\pub.dev\petitparser-7.0.2\lib\src\parser\repeater\lazy.dart,C:\Users\loure\AppData\Local\Pub\Cache\hosted\pub.dev\petitparser-7.0.2\lib\src\parser\repeater\limited.dart,C:\Users\loure\AppData\Local\Pub\Cache\hosted\pub.dev\petitparser-7.0.2\lib\src\parser\repeater\possessive.dart,C:\Users\loure\AppData\Local\Pub\Cache\hosted\pub.dev\petitparser-7.0.2\lib\src\parser\repeater\repeating.dart,C:\Users\loure\AppData\Local\Pub\Cache\hosted\pub.dev\petitparser-7.0.2\lib\src\parser\repeater\separated.dart,C:\Users\loure\AppData\Local\Pub\Cache\hosted\pub.dev\petitparser-7.0.2\lib\src\parser\repeater\unbounded.dart,C:\Users\loure\AppData\Local\Pub\Cache\hosted\pub.dev\petitparser-7.0.2\lib\src\parser\utils\failure_joiner.dart,C:\Users\loure\AppData\Local\Pub\Cache\hosted\pub.dev\petitparser-7.0.2\lib\src\parser\utils\labeled.dart,C:\Users\loure\AppData\Local\Pub\Cache\hosted\pub.dev\petitparser-7.0.2\lib\src\parser\utils\resolvable.dart,C:\Users\loure\AppData\Local\Pub\Cache\hosted\pub.dev\petitparser-7.0.2\lib\src\parser\utils\separated_list.dart,C:\Users\loure\AppData\Local\Pub\Cache\hosted\pub.dev\path-1.9.1\lib\path.dart,C:\Users\loure\AppData\Local\Pub\Cache\hosted\pub.dev\term_glyph-1.2.2\lib\term_glyph.dart,C:\Users\loure\AppData\Local\Pub\Cache\hosted\pub.dev\source_span-1.10.2\lib\src\highlighter.dart,C:\Users\loure\AppData\Local\Pub\Cache\hosted\pub.dev\source_span-1.10.2\lib\src\utils.dart,C:\Users\loure\AppData\Local\Pub\Cache\hosted\pub.dev\typed_data-1.4.0\lib\src\typed_buffer.dart,C:\Users\loure\AppData\Local\Pub\Cache\hosted\pub.dev\petitparser-7.0.2\lib\src\definition\internal\reference.dart,C:\Users\loure\AppData\Local\Pub\Cache\hosted\pub.dev\petitparser-7.0.2\lib\src\definition\internal\undefined.dart,C:\Users\loure\AppData\Local\Pub\Cache\hosted\pub.dev\petitparser-7.0.2\lib\src\reflection\iterable.dart,C:\Users\loure\AppData\Local\Pub\Cache\hosted\pub.dev\petitparser-7.0.2\lib\src\expression\utils.dart,C:\Users\loure\AppData\Local\Pub\Cache\hosted\pub.dev\petitparser-7.0.2\lib\src\expression\result.dart,C:\Users\loure\AppData\Local\Pub\Cache\hosted\pub.dev\petitparser-7.0.2\lib\src\matcher\pattern\parser_pattern.dart,C:\Users\loure\AppData\Local\Pub\Cache\hosted\pub.dev\petitparser-7.0.2\lib\src\shared\types.dart,C:\Users\loure\AppData\Local\Pub\Cache\hosted\pub.dev\petitparser-7.0.2\lib\src\parser\utils\sequential.dart,C:\Users\loure\AppData\Local\Pub\Cache\hosted\pub.dev\petitparser-7.0.2\lib\src\parser\character\predicate\constant.dart,C:\Users\loure\AppData\Local\Pub\Cache\hosted\pub.dev\petitparser-7.0.2\lib\src\parser\character\utils\code.dart,C:\Users\loure\AppData\Local\Pub\Cache\hosted\pub.dev\petitparser-7.0.2\lib\src\parser\character\utils\optimize.dart,C:\Users\loure\AppData\Local\Pub\Cache\hosted\pub.dev\petitparser-7.0.2\lib\src\parser\character\predicate\char.dart,C:\Users\loure\AppData\Local\Pub\Cache\hosted\pub.dev\petitparser-7.0.2\lib\src\parser\character\predicate\digit.dart,C:\Users\loure\AppData\Local\Pub\Cache\hosted\pub.dev\petitparser-7.0.2\lib\src\parser\character\predicate\letter.dart,C:\Users\loure\AppData\Local\Pub\Cache\hosted\pub.dev\petitparser-7.0.2\lib\src\parser\character\predicate\lowercase.dart,C:\Users\loure\AppData\Local\Pub\Cache\hosted\pub.dev\petitparser-7.0.2\lib\src\parser\character\predicate\not.dart,C:\Users\loure\AppData\Local\Pub\Cache\hosted\pub.dev\petitparser-7.0.2\lib\src\parser\character\predicate\range.dart,C:\Users\loure\AppData\Local\Pub\Cache\hosted\pub.dev\petitparser-7.0.2\lib\src\parser\character\predicate\uppercase.dart,C:\Users\loure\AppData\Local\Pub\Cache\hosted\pub.dev\petitparser-7.0.2\lib\src\parser\character\predicate\whitespace.dart,C:\Users\loure\AppData\Local\Pub\Cache\hosted\pub.dev\petitparser-7.0.2\lib\src\parser\character\predicate\word.dart,C:\Users\loure\AppData\Local\Pub\Cache\hosted\pub.dev\petitparser-7.0.2\lib\src\parser\combinator\generated\sequence_2.dart,C:\Users\loure\AppData\Local\Pub\Cache\hosted\pub.dev\petitparser-7.0.2\lib\src\parser\combinator\generated\sequence_3.dart,C:\Users\loure\AppData\Local\Pub\Cache\hosted\pub.dev\petitparser-7.0.2\lib\src\parser\combinator\generated\sequence_4.dart,C:\Users\loure\AppData\Local\Pub\Cache\hosted\pub.dev\petitparser-7.0.2\lib\src\parser\combinator\generated\sequence_5.dart,C:\Users\loure\AppData\Local\Pub\Cache\hosted\pub.dev\petitparser-7.0.2\lib\src\parser\combinator\generated\sequence_6.dart,C:\Users\loure\AppData\Local\Pub\Cache\hosted\pub.dev\petitparser-7.0.2\lib\src\parser\combinator\generated\sequence_7.dart,C:\Users\loure\AppData\Local\Pub\Cache\hosted\pub.dev\petitparser-7.0.2\lib\src\parser\combinator\generated\sequence_8.dart,C:\Users\loure\AppData\Local\Pub\Cache\hosted\pub.dev\petitparser-7.0.2\lib\src\parser\combinator\generated\sequence_9.dart,C:\Users\loure\AppData\Local\Pub\Cache\hosted\pub.dev\path-1.9.1\lib\src\context.dart,C:\Users\loure\AppData\Local\Pub\Cache\hosted\pub.dev\path-1.9.1\lib\src\style.dart,C:\Users\loure\AppData\Local\Pub\Cache\hosted\pub.dev\path-1.9.1\lib\src\path_exception.dart,C:\Users\loure\AppData\Local\Pub\Cache\hosted\pub.dev\path-1.9.1\lib\src\path_map.dart,C:\Users\loure\AppData\Local\Pub\Cache\hosted\pub.dev\path-1.9.1\lib\src\path_set.dart,C:\Users\loure\AppData\Local\Pub\Cache\hosted\pub.dev\term_glyph-1.2.2\lib\src\generated\ascii_glyph_set.dart,C:\Users\loure\AppData\Local\Pub\Cache\hosted\pub.dev\term_glyph-1.2.2\lib\src\generated\glyph_set.dart,C:\Users\loure\AppData\Local\Pub\Cache\hosted\pub.dev\term_glyph-1.2.2\lib\src\generated\unicode_glyph_set.dart,C:\Users\loure\AppData\Local\Pub\Cache\hosted\pub.dev\term_glyph-1.2.2\lib\src\generated\top_level.dart,C:\Users\loure\AppData\Local\Pub\Cache\hosted\pub.dev\source_span-1.10.2\lib\src\charcode.dart,C:\Users\loure\AppData\Local\Pub\Cache\hosted\pub.dev\source_span-1.10.2\lib\src\colors.dart,C:\Users\loure\AppData\Local\Pub\Cache\hosted\pub.dev\petitparser-7.0.2\lib\src\matcher\pattern\parser_match.dart,C:\Users\loure\AppData\Local\Pub\Cache\hosted\pub.dev\petitparser-7.0.2\lib\src\matcher\pattern\pattern_iterable.dart,C:\Users\loure\AppData\Local\Pub\Cache\hosted\pub.dev\petitparser-7.0.2\lib\src\parser\character\predicate\lookup.dart,C:\Users\loure\AppData\Local\Pub\Cache\hosted\pub.dev\path-1.9.1\lib\src\characters.dart,C:\Users\loure\AppData\Local\Pub\Cache\hosted\pub.dev\path-1.9.1\lib\src\internal_style.dart,C:\Users\loure\AppData\Local\Pub\Cache\hosted\pub.dev\path-1.9.1\lib\src\parsed_path.dart,C:\Users\loure\AppData\Local\Pub\Cache\hosted\pub.dev\path-1.9.1\lib\src\style\posix.dart,C:\Users\loure\AppData\Local\Pub\Cache\hosted\pub.dev\path-1.9.1\lib\src\style\url.dart,C:\Users\loure\AppData\Local\Pub\Cache\hosted\pub.dev\path-1.9.1\lib\src\style\windows.dart,C:\Users\loure\AppData\Local\Pub\Cache\hosted\pub.dev\petitparser-7.0.2\lib\src\matcher\pattern\pattern_iterator.dart,C:\Users\loure\AppData\Local\Pub\Cache\hosted\pub.dev\path-1.9.1\lib\src\utils.dart}
[  +11 ms]   [  +22 ms] C:\flutter\bin\cache\dart-sdk\bin\dartaotruntime.exe C:\flutter\bin\cache\dart-sdk\bin\snapshots\frontend_server_aot.dart.snapshot --sdk-root C:\flutter\bin\cache\artifacts\engine\common\flutter_patched_sdk/ --target=flutter --no-print-incremental-dependencies -DFLUTTER_VERSION=3.38.8 -DFLUTTER_CHANNEL=stable -DFLUTTER_GIT_URL=https://github.com/flutter/flutter.git -DFLUTTER_FRAMEWORK_REVISION=bd7a4a6b55 -DFLUTTER_ENGINE_REVISION=db373eb85a -DFLUTTER_DART_VERSION=3.10.7 -Ddart.vm.profile=false -Ddart.vm.product=false --enable-asserts --track-widget-creation --packages C:\app\src\project\innovative\.dart_tool\package_config.json --output-dill C:\app\src\project\innovative\.dart_tool\flutter_build\881df58582fa55f4119925bc47a7fef9\app.dill --depfile C:\app\src\project\innovative\.dart_tool\flutter_build\881df58582fa55f4119925bc47a7fef9\kernel_snapshot_program.d --incremental --initialize-from-dill C:\app\src\project\innovative\.dart_tool\flutter_build\881df58582fa55f4119925bc47a7fef9\app.dill --verbosity=error package:innovative_cuppa/main.dart
flutter : [+1279 ms] [+1293 
ms] /C:/Users/loure/AppData/L
ocal/Pub/Cache/hosted/pub.dev
/printing-5.11.0/lib/src/widg
et_wrapper.dart(173,11): 
error GC6690633: No named 
parameter with the name 
'size'. [C:\app\src\project\i
nnovative\build\windows\x64\f
lutter\flutter_assemble.vcxpr
oj]
At line:1 char:1
+ flutter build windows 
--debug -v > 
build_output.txt 2>&1; cat 
build_o ...
+ ~~~~~~~~~~~~~~~~~~~~~~~~~~~
~~~~~~~~~~~~~~~~~~~~~~~~~~~~~
    + CategoryInfo           
   : NotSpecified: ([+1279   
  ms] [+12...semble.vcxpro   
 j]:String) [], RemoteExc    
eption
    + FullyQualifiedErrorId  
   : NativeCommandError
 
[   +1 ms]   [   +1 ms]           size:
[        ]   [        ]           ^^^^
[        ]   [        ] /C:/flutter/packages/flutter/lib/src/rendering/view.dart:33:9: Context: Found this candidate, but the arguments don't match.
[        ]   [        ]   const ViewConfiguration({
[        ]   [        ]         ^^^^^^^^^^^^^^^^^
[ +262 ms]   [ +266 ms] Persisting file store
[  +21 ms]   [  +22 ms] Done persisting file store
[   +8 ms]   [   +7 ms] Target kernel_snapshot_program failed: Exception
[   +1 ms]              #0      KernelSnapshot.build (package:flutter_tools/src/build_system/targets/common.dart:289:7)
[        ]              <asynchronous suspension>
[        ]              #1      _BuildInstance._invokeInternal (package:flutter_tools/src/build_system/build_system.dart:895:9)
[        ]              <asynchronous suspension>
[        ]              #2      Future.wait.<anonymous closure> (dart:async/future.dart:546:21)
[        ]              <asynchronous suspension>
[        ]              #3      _BuildInstance.invokeTarget (package:flutter_tools/src/build_system/build_system.dart:833:32)
[        ]              <asynchronous suspension>
[        ]              #4      FlutterBuildSystem.build (package:flutter_tools/src/build_system/build_system.dart:653:16)
[        ]              <asynchronous suspension>
[        ]              #5      AssembleCommand.runCommand (package:flutter_tools/src/commands/assemble.dart:361:32)
[        ]              <asynchronous suspension>
[        ]              #6      FlutterCommand.run.<anonymous closure> (package:flutter_tools/src/runner/flutter_command.dart:1559:27)
[        ]              <asynchronous suspension>
[        ]              #7      AppContext.run.<anonymous closure> (package:flutter_tools/src/base/context.dart:154:19)
[        ]              <asynchronous suspension>
[        ]              #8      CommandRunner.runCommand (package:args/command_runner.dart:212:13)
[        ]              <asynchronous suspension>
[        ]              #9      FlutterCommandRunner.runCommand.<anonymous closure> (package:flutter_tools/src/runner/flutter_command_runner.dart:487:9)
[        ]              <asynchronous suspension>
[        ]              #10     AppContext.run.<anonymous closure> (package:flutter_tools/src/base/context.dart:154:19)
[        ]              <asynchronous suspension>
[        ]              #11     FlutterCommandRunner.runCommand (package:flutter_tools/src/runner/flutter_command_runner.dart:422:5)
[        ]              <asynchronous suspension>
[        ]              #12     run.<anonymous closure>.<anonymous closure> (package:flutter_tools/runner.dart:104:11)
[        ]              <asynchronous suspension>
[        ]              #13     AppContext.run.<anonymous closure> (package:flutter_tools/src/base/context.dart:154:19)
[        ]              <asynchronous suspension>
[        ]              #14     main (package:flutter_tools/executable.dart:103:3)
[        ]              <asynchronous suspension>
[        ]   [   +6 ms] "flutter assemble" took 5,927ms.
[ +133 ms]   [ +128 ms] 
[        ]              #0      throwToolExit (package:flutter_tools/src/base/common.dart:34:3)
[        ]              #1      AssembleCommand.runCommand (package:flutter_tools/src/commands/assemble.dart:379:7)
[        ]              <asynchronous suspension>
[        ]              #2      FlutterCommand.run.<anonymous closure> (package:flutter_tools/src/runner/flutter_command.dart:1559:27)
[        ]              <asynchronous suspension>
[        ]              #3      AppContext.run.<anonymous closure> (package:flutter_tools/src/base/context.dart:154:19)
[        ]              <asynchronous suspension>
[        ]              #4      CommandRunner.runCommand (package:args/command_runner.dart:212:13)
[        ]              <asynchronous suspension>
[        ]              #5      FlutterCommandRunner.runCommand.<anonymous closure> (package:flutter_tools/src/runner/flutter_command_runner.dart:487:9)
[        ]              <asynchronous suspension>
[        ]              #6      AppContext.run.<anonymous closure> (package:flutter_tools/src/base/context.dart:154:19)
[        ]              <asynchronous suspension>
[        ]              #7      FlutterCommandRunner.runCommand (package:flutter_tools/src/runner/flutter_command_runner.dart:422:5)
[        ]              <asynchronous suspension>
[        ]              #8      run.<anonymous closure>.<anonymous closure> (package:flutter_tools/runner.dart:104:11)
[        ]              <asynchronous suspension>
[        ]              #9      AppContext.run.<anonymous closure> (package:flutter_tools/src/base/context.dart:154:19)
[        ]              <asynchronous suspension>
[        ]              #10     main (package:flutter_tools/executable.dart:103:3)
[        ]              <asynchronous suspension>
[        ]   [        ] Running 1 shutdown hook
[        ]   [   +1 ms] Shutdown hooks complete
[ +254 ms]   [ +262 ms] exiting with code 1
[ +160 ms] C:\Program 
Files\Microsoft Visual Studio
\18\Enterprise\MSBuild\Micros
oft\VC\v180\Microsoft.CppComm
on.targets(254,5): error 
MSB8066: Custom build for 'C:
\app\src\project\innovative\b
uild\windows\x64\CMakeFiles\b
a6ba51e72b1e37f2dddf774648fee
87\flutter_windows.dll.rule;C
:\app\src\project\innovative\
build\windows\x64\CMakeFiles\
4f027a6e02db78d017babb2fd22ee
98e\flutter_assemble.rule' 
exited with code 1. [C:\app\s
rc\project\innovative\build\w
indows\x64\flutter\flutter_as
semble.vcxproj]
[  +10 ms] Done Building Project "C:\app\src\project\innovative\build\windows\x64\flutter\flutter_assemble.vcxproj" (default targets) -- FAILED.
[   +1 ms] Done Building Project "C:\app\src\project\innovative\build\windows\x64\flutter\flutter_wrapper_app.vcxproj" (default targets) -- FAILED.
[ +153 ms] Done Building Project "C:\app\src\project\innovative\build\windows\x64\ALL_BUILD.vcxproj" (default targets) -- FAILED.
[        ] Done Building Project "C:\app\src\project\innovative\build\windows\x64\INSTALL.vcxproj" (default targets) -- FAILED.
[   +2 ms] Build FAILED.
[   +7 ms] "C:\app\src\project\innovative\build\windows\x64\INSTALL.vcxproj" (default target) (1) ->
[        ] "C:\app\src\project\innovative\build\windows\x64\ALL_BUILD.vcxproj" (default target) (3) ->
[        ] "C:\app\src\project\innovative\build\windows\x64\flutter\flutter_wrapper_app.vcxproj" (default target) (4) ->
[        ] "C:\app\src\project\innovative\build\windows\x64\flutter\flutter_assemble.vcxproj" (default target) (5) ->
[        ] (CustomBuild target) -> 
[        ]   [+1293 ms] /C:/U
sers/loure/AppData/Local/Pub/
Cache/hosted/pub.dev/printing
-5.11.0/lib/src/widget_wrappe
r.dart(173,11): error 
GC6690633: No named 
parameter with the name 
'size'. [C:\app\src\project\i
nnovative\build\windows\x64\f
lutter\flutter_assemble.vcxpr
oj]
[        ]   C:\Program 
Files\Microsoft Visual Studio
\18\Enterprise\MSBuild\Micros
oft\VC\v180\Microsoft.CppComm
on.targets(254,5): error 
MSB8066: Custom build for 'C:
\app\src\project\innovative\b
uild\windows\x64\CMakeFiles\b
a6ba51e72b1e37f2dddf774648fee
87\flutter_windows.dll.rule;C
:\app\src\project\innovative\
build\windows\x64\CMakeFiles\
4f027a6e02db78d017babb2fd22ee
98e\flutter_assemble.rule' 
exited with code 1. [C:\app\s
rc\project\innovative\build\w
indows\x64\flutter\flutter_as
semble.vcxproj]
[        ]     0 Warning(s)
[        ]     2 Error(s)
[        ] Time Elapsed 00:00:08.50
[  +49 ms] Building Windows application... (completed in 10.9s)
[   +1 ms] "flutter windows" took 11,285ms.
[ +181 ms] Build process 
failed.
[   +1 ms] 
           #0      
throwToolExit (package:flutte
r_tools/src/base/common.dart:
34:3)
           #1      _runBuild 
(package:flutter_tools/src/wi
ndows/build_windows.dart:262:
5)
           <asynchronous 
suspension>
           #2      
buildWindows (package:flutter
_tools/src/windows/build_wind
ows.dart:118:5)
           <asynchronous 
suspension>
           #3      BuildWindo
wsCommand.runCommand (package
:flutter_tools/src/commands/b
uild_windows.dart:72:5)
           <asynchronous 
suspension>
           #4      FlutterCom
mand.run.<anonymous closure> 
(package:flutter_tools/src/ru
nner/flutter_command.dart:155
9:27)
           <asynchronous 
suspension>
           #5      
AppContext.run.<anonymous 
closure> (package:flutter_too
ls/src/base/context.dart:154:
19)
           <asynchronous 
suspension>
           #6      
CommandRunner.runCommand (pac
kage:args/command_runner.dart
:212:13)
           <asynchronous 
suspension>
           #7      FlutterCom
mandRunner.runCommand.<anonym
ous closure> (package:flutter
_tools/src/runner/flutter_com
mand_runner.dart:487:9)
           <asynchronous 
suspension>
           #8      
AppContext.run.<anonymous 
closure> (package:flutter_too
ls/src/base/context.dart:154:
19)
           <asynchronous 
suspension>
           #9      FlutterCom
mandRunner.runCommand (packag
e:flutter_tools/src/runner/fl
utter_command_runner.dart:422
:5)
           <asynchronous 
suspension>
           #10     
run.<anonymous 
closure>.<anonymous closure> 
(package:flutter_tools/runner
.dart:104:11)
           <asynchronous 
suspension>
           #11     
AppContext.run.<anonymous 
closure> (package:flutter_too
ls/src/base/context.dart:154:
19)
           <asynchronous 
suspension>
           #12     main (pack
age:flutter_tools/executable.
dart:103:3)
           <asynchronous 
suspension>


[   +8 ms] Running 1 shutdown hook
[   +5 ms] Shutdown hooks complete
[ +269 ms] exiting with code 1
